[    0.000000] Booting Linux on physical CPU 0x0000000000 [0x411fd070]
[    0.000000] Linux version 5.15.10 (wq7@wq7-virtual-machine) (aarch64-linux-gnu-gcc (Ubuntu 11.4.0-1ubuntu1~22.04) 11.4.0, GNU ld (GNU Binutils for Ubuntu) 2.38) #7 SMP PREEMPT Sat Mar 14 23:07:30 CST 2026
[    0.000000] Machine model: linux,dummy-virt
[    0.000000] efi: UEFI not found.
[    0.000000] NUMA: No NUMA configuration found
[    0.000000] NUMA: Faking a node at [mem 0x0000000040000000-0x000000007fffffff]
[    0.000000] NUMA: NODE_DATA [mem 0x7fdf2c00-0x7fdf4fff]
[    0.000000] Zone ranges:
[    0.000000]   DMA      [mem 0x0000000040000000-0x000000007fffffff]
[    0.000000]   DMA32    empty
[    0.000000]   Normal   empty
[    0.000000] Movable zone start for each node
[    0.000000] Early memory node ranges
[    0.000000]   node   0: [mem 0x0000000040000000-0x000000007fffffff]
[    0.000000] Initmem setup node 0 [mem 0x0000000040000000-0x000000007fffffff]
[    0.000000] cma: Reserved 32 MiB at 0x000000007cc00000
[    0.000000] psci: probing for conduit method from DT.
[    0.000000] psci: PSCIv0.2 detected in firmware.
[    0.000000] psci: Using standard PSCI v0.2 function IDs
[    0.000000] psci: Trusted OS migration not required
[    0.000000] percpu: Embedded 28 pages/cpu s74392 r8192 d32104 u114688
[    0.000000] Detected PIPT I-cache on CPU0
[    0.000000] CPU features: detected: Spectre-v2
[    0.000000] CPU features: detected: Spectre-v3a
[    0.000000] CPU features: detected: Spectre-v4
[    0.000000] CPU features: kernel page table isolation forced ON by KASLR
[    0.000000] CPU features: detected: Kernel page table isolation (KPTI)
[    0.000000] CPU features: detected: ARM erratum 834220
[    0.000000] CPU features: detected: ARM erratum 832075
[    0.000000] CPU features: detected: ARM errata 1165522, 1319367, or 1530923
[    0.000000] Built 1 zonelists, mobility grouping on.  Total pages: 258048
[    0.000000] Policy zone: DMA
[    0.000000] Kernel command line: console=ttyAMA0 root=/dev/ram0 rw rdinit=/init
[    0.000000] Dentry cache hash table entries: 131072 (order: 8, 1048576 bytes, linear)
[    0.000000] Inode-cache hash table entries: 65536 (order: 7, 524288 bytes, linear)
[    0.000000] mem auto-init: stack:off, heap alloc:off, heap free:off
[    0.000000] Memory: 953464K/1048576K available (13888K kernel code, 3714K rwdata, 7676K rodata, 8128K init, 481K bss, 62344K reserved, 32768K cma-reserved)
[    0.000000] SLUB: HWalign=64, Order=0-3, MinObjects=0, CPUs=1, Nodes=1
[    0.000000] ftrace: allocating 47469 entries in 186 pages
[    0.000000] ftrace: allocated 186 pages with 5 groups
[    0.000000] trace event string verifier disabled
[    0.000000] rcu: Preemptible hierarchical RCU implementation.
[    0.000000] rcu: 	RCU event tracing is enabled.
[    0.000000] rcu: 	RCU restricting CPUs from NR_CPUS=256 to nr_cpu_ids=1.
[    0.000000] 	Trampoline variant of Tasks RCU enabled.
[    0.000000] 	Rude variant of Tasks RCU enabled.
[    0.000000] rcu: RCU calculated value of scheduler-enlistment delay is 25 jiffies.
[    0.000000] rcu: Adjusting geometry for rcu_fanout_leaf=16, nr_cpu_ids=1
[    0.000000] NR_IRQS: 64, nr_irqs: 64, preallocated irqs: 0
[    0.000000] Root IRQ handler: gic_handle_irq
[    0.000000] random: get_random_bytes called from start_kernel+0x514/0x704 with crng_init=0
[    0.000000] arch_timer: cp15 timer(s) running at 62.50MHz (virt).
[    0.000000] clocksource: arch_sys_counter: mask: 0xffffffffffffff max_cycles: 0x1cd42e208c, max_idle_ns: 881590405314 ns
[    0.000091] sched_clock: 56 bits at 62MHz, resolution 16ns, wraps every 4398046511096ns
[    0.003118] Console: colour dummy device 80x25
[    0.006852] Calibrating delay loop (skipped), value calculated using timer frequency.. 125.00 BogoMIPS (lpj=250000)
[    0.006991] pid_max: default: 32768 minimum: 301
[    0.007698] LSM: Security Framework initializing
[    0.008532] Mount-cache hash table entries: 2048 (order: 2, 16384 bytes, linear)
[    0.008581] Mountpoint-cache hash table entries: 2048 (order: 2, 16384 bytes, linear)
[    0.046572] /cpus/cpu-map: empty cluster
[    0.052996] rcu: Hierarchical SRCU implementation.
[    0.056707] EFI services will not be available.
[    0.057625] smp: Bringing up secondary CPUs ...
[    0.057715] smp: Brought up 1 node, 1 CPU
[    0.057745] SMP: Total of 1 processors activated.
[    0.057807] CPU features: detected: 32-bit EL0 Support
[    0.057829] CPU features: detected: 32-bit EL1 Support
[    0.057885] CPU features: detected: CRC32 instructions
[    0.086286] CPU: All CPU(s) started at EL1
[    0.086630] alternatives: patching kernel code
[    0.107551] devtmpfs: initialized
[    0.114720] KASLR enabled
[    0.115500] clocksource: jiffies: mask: 0xffffffff max_cycles: 0xffffffff, max_idle_ns: 7645041785100000 ns
[    0.115639] futex hash table entries: 256 (order: 2, 16384 bytes, linear)
[    0.119192] pinctrl core: initialized pinctrl subsystem
[    0.136464] DMI not present or invalid.
[    0.141929] NET: Registered PF_NETLINK/PF_ROUTE protocol family
[    0.151656] DMA: preallocated 128 KiB GFP_KERNEL pool for atomic allocations
[    0.152005] DMA: preallocated 128 KiB GFP_KERNEL|GFP_DMA pool for atomic allocations
[    0.152290] DMA: preallocated 128 KiB GFP_KERNEL|GFP_DMA32 pool for atomic allocations
[    0.152461] audit: initializing netlink subsys (disabled)
[    0.156973] thermal_sys: Registered thermal governor 'step_wise'
[    0.157011] thermal_sys: Registered thermal governor 'power_allocator'
[    0.158403] audit: type=2000 audit(0.108:1): state=initialized audit_enabled=0 res=1
[    0.158814] cpuidle: using governor menu
[    0.159542] hw-breakpoint: found 6 breakpoint and 4 watchpoint registers.
[    0.159881] ASID allocator initialised with 32768 entries
[    0.162957] Serial: AMBA PL011 UART driver
[    0.216476] 9000000.pl011: ttyAMA0 at MMIO 0x9000000 (irq = 47, base_baud = 0) is a PL011 rev1
[    0.225604] printk: console [ttyAMA0] enabled
[    0.247440] HugeTLB registered 1.00 GiB page size, pre-allocated 0 pages
[    0.247618] HugeTLB registered 32.0 MiB page size, pre-allocated 0 pages
[    0.247744] HugeTLB registered 2.00 MiB page size, pre-allocated 0 pages
[    0.247860] HugeTLB registered 64.0 KiB page size, pre-allocated 0 pages
[    0.268514] cryptd: max_cpu_qlen set to 1000
[    0.276514] ACPI: Interpreter disabled.
[    0.282602] iommu: Default domain type: Translated 
[    0.282732] iommu: DMA domain TLB invalidation policy: strict mode 
[    0.284109] SCSI subsystem initialized
[    0.286466] pps_core: LinuxPPS API ver. 1 registered
[    0.286605] pps_core: Software ver. 5.3.6 - Copyright 2005-2007 Rodolfo Giometti <giometti@linux.it>
[    0.286838] PTP clock support registered
[    0.287342] EDAC MC: Ver: 3.0.0
[    0.301170] FPGA manager framework
[    0.310259] clocksource: Switched to clocksource arch_sys_counter
[    0.380000] VFS: Disk quotas dquot_6.6.0
[    0.380299] VFS: Dquot-cache hash table entries: 512 (order 0, 4096 bytes)
[    0.381501] pnp: PnP ACPI: disabled
[    0.408877] NET: Registered PF_INET protocol family
[    0.409785] IP idents hash table entries: 16384 (order: 5, 131072 bytes, linear)
[    0.436214] tcp_listen_portaddr_hash hash table entries: 512 (order: 1, 8192 bytes, linear)
[    0.436474] TCP established hash table entries: 8192 (order: 4, 65536 bytes, linear)
[    0.436758] TCP bind hash table entries: 8192 (order: 5, 131072 bytes, linear)
[    0.437049] TCP: Hash tables configured (established 8192 bind 8192)
[    0.438072] UDP hash table entries: 512 (order: 2, 16384 bytes, linear)
[    0.442629] UDP-Lite hash table entries: 512 (order: 2, 16384 bytes, linear)
[    0.443897] NET: Registered PF_UNIX/PF_LOCAL protocol family
[    0.451948] RPC: Registered named UNIX socket transport module.
[    0.452114] RPC: Registered udp transport module.
[    0.452226] RPC: Registered tcp transport module.
[    0.452344] RPC: Registered tcp NFSv4.1 backchannel transport module.
[    0.455983] Unpacking initramfs...
[    0.461171] hw perfevents: enabled with armv8_pmuv3 PMU driver, 5 counters available
[    0.461864] kvm [1]: HYP mode not available
[    0.545322] Initialise system trusted keyrings
[    0.546854] workingset: timestamp_bits=42 max_order=18 bucket_order=0
[    0.573332] squashfs: version 4.0 (2009/01/31) Phillip Lougher
[    0.587633] NFS: Registering the id_resolver key type
[    0.610653] Key type id_resolver registered
[    0.610785] Key type id_legacy registered
[    0.611266] nfs4filelayout_init: NFSv4 File Layout Driver Registering...
[    0.611513] nfs4flexfilelayout_init: NFSv4 Flexfile Layout Driver Registering...
[    0.614458] 9p: Installing v9fs 9p2000 file system support
[    0.678701] Key type asymmetric registered
[    0.678882] Asymmetric key parser 'x509' registered
[    0.679252] Block layer SCSI generic (bsg) driver version 0.4 loaded (major 245)
[    0.679496] io scheduler mq-deadline registered
[    0.679654] io scheduler kyber registered
[    0.746941] pl061_gpio 9030000.pl061: PL061 GPIO chip registered
[    0.759074] EINJ: ACPI disabled.
[    0.887571] Serial: 8250/16550 driver, 4 ports, IRQ sharing enabled
[    0.911435] SuperH (H)SCI(F) driver initialized
[    0.912906] msm_serial: driver initialized
[    0.921610] cacheinfo: Unable to detect cache hierarchy for CPU 0
[    0.956109] loop: module loaded
[    0.983837] physmap-flash 0.flash: physmap platform flash device: [mem 0x00000000-0x03ffffff]
[    0.985613] 0.flash: Found 2 x16 devices at 0x0 in 32-bit bank. Manufacturer ID 0x000000 Chip ID 0x000000
[    0.986198] Intel/Sharp Extended Query Table at 0x0031
[    0.991310] Using buffer write method
[    0.991925] physmap-flash 0.flash: physmap platform flash device: [mem 0x04000000-0x07ffffff]
[    0.992662] 0.flash: Found 2 x16 devices at 0x0 in 32-bit bank. Manufacturer ID 0x000000 Chip ID 0x000000
[    0.992873] Intel/Sharp Extended Query Table at 0x0031
[    0.993651] Using buffer write method
[    0.993854] Concatenating MTD devices:
[    0.993979] (0): "0.flash"
[    0.994112] (1): "0.flash"
[    0.998537] into device "0.flash"
[    1.340323] Freeing initrd memory: 8124K
[    1.379988] libphy: Fixed MDIO Bus: probed
[    1.386819] tun: Universal TUN/TAP device driver, 1.6
[    1.403676] VFIO - User Level meta-driver version: 0.3
[    1.411937] rtc-pl031 9010000.pl031: registered as rtc0
[    1.412586] rtc-pl031 9010000.pl031: setting system clock to 2026-03-14T15:07:50 UTC (1773500870)
[    1.418664] i2c_dev: i2c /dev entries driver
[    1.443075] sdhci: Secure Digital Host Controller Interface driver
[    1.443229] sdhci: Copyright(c) Pierre Ossman
[    1.444936] Synopsys Designware Multimedia Card Interface Driver
[    1.451577] sdhci-pltfm: SDHCI platform and OF driver helper
[    1.460163] ledtrig-cpu: registered to indicate activity on CPUs
[    1.485436] NET: Registered PF_PACKET protocol family
[    1.490785] 9pnet: Installing 9P2000 support
[    1.491181] Key type dns_resolver registered
[    1.492062] Loading compiled-in X.509 certificates
[    2.208101] uart-pl011 9000000.pl011: no DMA platform data
[    2.252469] Freeing unused kernel memory: 8128K
[    2.253183] Run /init as init process
===============================================================
 Linux Driver Lab Day17 guest ready (self-contained)
===============================================================
1) insmod /demo_regmap.ko
2) /bin/day17_guest_collect.sh
3) cat /tmp/day17-baseline/metrics.env
4) which perf && perf --version && perf stat -e task-clock -- true

/bin/sh: can't access tty; job control turned off
~ # 
~ # 
~ # echo __DAY17_HOST_HANDSHAKE__1
__DAY17_HOST_HANDSHAKE__1
~ # 
~ # echo __DAY17_HOST_HANDSHAKE__1
__DAY17_HOST_HANDSHAKE__1
~ # 
~ # /bin/sh -c '/bin/day17_guest_collect.sh '\''/tmp/day17-baseline'\''; rc=$?; 
echo __DAY17_GUEST_CMD_RC__$rc'
[    6.615386] demo_regmap: loading out-of-tree module taints kernel.
[    6.622819] demo_regmap: module init
[    6.624298] demo_regmap 10002000.demo_regmap: probe begin
[    6.624516] demo_regmap 10002000.demo_regmap: raw DT reg cells: <0x0 0x10002000 0x0 0x1000>
[    6.624697] demo_regmap 10002000.demo_regmap: raw DT interrupts cells: <0x0 0x7a 0x4>
[    6.636833] demo_regmap 10002000.demo_regmap: probe ok: label=regmap-demo match=demo,regmap-pdrv mem=[0x0000000010002000-0x0000000010002fff] linux_irq=49 work_ms=20
[    6.637102] demo_regmap 10002000.demo_regmap: debugfs: /sys/kernel/debug/demo_regmap/{snapshot,poke,trigger}
[    6.649712] demo_regmap 10002000.demo_regmap: top-half irq=49 irq_count=1 pending=1
[    6.650512] demo_regmap 10002000.demo_regmap: worker start batch=1 latency=835 us pending_now=0 work_ms=20
[ OK  ] day17 guest collection done: /tmp/day17-baseline
[ INFO] tracing dir used: /sys/kernel/debug/tracing
[ INFO] next step: cat /tmp/day17-baseline/metrics.env
__DAY17_ENV_BEGIN__
collector_ver=v4
boot_ok=yes
memtotal_kib=1002484
memfree_kib=952800
memavailable_kib=921996
slab_kib=10988
sreclaimable_kib=5972
sunreclaim_kib=5016
kernelstack_kib=728
pagetables_kib=100
modules_loaded_count=1
debugfs_ok=yes
tracing_ok=yes
function_graph_ok=yes
trace_smoke_ok=yes
perf_bin_ok=yes
perf_smoke_ok=yes
insmod_ok=yes
snapshot_ok=yes
trigger_ok=yes
dmesg_warn=no
remarks=
__DAY17_ENV_END__
__DAY17_FILE_BEGIN__ mount.txt
none on / type rootfs (rw)
proc on /proc type proc (rw,relatime)
sysfs on /sys type sysfs (rw,relatime)
devtmpfs on /dev type devtmpfs (rw,relatime,size=476732k,nr_inodes=119183,mode=755)
debugfs on /sys/kernel/debug type debugfs (rw,relatime)
tracefs on /sys/kernel/tracing type tracefs (rw,relatime)
__DAY17_FILE_END__ mount.txt
__DAY17_FILE_BEGIN__ filesystems.txt
nodev	sysfs
nodev	tmpfs
nodev	bdev
nodev	proc
nodev	cgroup
nodev	cgroup2
nodev	cpuset
nodev	devtmpfs
nodev	configfs
nodev	debugfs
nodev	tracefs
nodev	securityfs
nodev	sockfs
nodev	pipefs
nodev	ramfs
nodev	hugetlbfs
nodev	rpc_pipefs
nodev	devpts
	ext3
	ext4
	ext2
	squashfs
	vfat
nodev	nfs
nodev	nfs4
nodev	autofs
nodev	9p
nodev	mqueue
nodev	pstore
__DAY17_FILE_END__ filesystems.txt
__DAY17_FILE_BEGIN__ meminfo.txt
MemTotal:        1002484 kB
MemFree:          952800 kB
MemAvailable:     921996 kB
Buffers:               0 kB
Cached:            18072 kB
SwapCached:            0 kB
Active:                8 kB
Inactive:            204 kB
Active(anon):          8 kB
Inactive(anon):      204 kB
Active(file):          0 kB
Inactive(file):        0 kB
Unevictable:       18072 kB
Mlocked:               0 kB
SwapTotal:             0 kB
SwapFree:              0 kB
Dirty:                 0 kB
Writeback:             0 kB
AnonPages:           248 kB
Mapped:             1404 kB
Shmem:                 0 kB
KReclaimable:       5972 kB
Slab:              10988 kB
SReclaimable:       5972 kB
SUnreclaim:         5016 kB
KernelStack:         728 kB
PageTables:          136 kB
NFS_Unstable:          0 kB
Bounce:                0 kB
WritebackTmp:          0 kB
CommitLimit:      501240 kB
Committed_AS:       1344 kB
VmallocTotal:   133143461888 kB
VmallocUsed:        1008 kB
VmallocChunk:          0 kB
Percpu:              124 kB
HardwareCorrupted:     0 kB
AnonHugePages:         0 kB
ShmemHugePages:        0 kB
ShmemPmdMapped:        0 kB
FileHugePages:         0 kB
FilePmdMapped:         0 kB
CmaTotal:          32768 kB
CmaFree:           32384 kB
HugePages_Total:       0
HugePages_Free:        0
HugePages_Rsvd:        0
HugePages_Surp:        0
Hugepagesize:       2048 kB
Hugetlb:               0 kB
__DAY17_FILE_END__ meminfo.txt
__DAY17_FILE_BEGIN__ modules.txt
demo_regmap 24576 0 - Live 0xffffd3a2a6d26000 (O)
__DAY17_FILE_END__ modules.txt
__DAY17_FILE_BEGIN__ available_tracers.txt
function_graph wakeup_dl wakeup_rt wakeup irqsoff function nop
__DAY17_FILE_END__ available_tracers.txt
__DAY17_FILE_BEGIN__ dmesg_tail.txt
[    0.000000] Booting Linux on physical CPU 0x0000000000 [0x411fd070]
[    0.000000] Linux version 5.15.10 (wq7@wq7-virtual-machine) (aarch64-linux-gnu-gcc (Ubuntu 11.4.0-1ubuntu1~22.04) 11.4.0, GNU ld (GNU Binutils for Ubuntu) 2.38) #7 SMP PREEMPT Sat Mar 14 23:07:30 CST 2026
[    0.000000] Machine model: linux,dummy-virt
[    0.000000] efi: UEFI not found.
[    0.000000] NUMA: No NUMA configuration found
[    0.000000] NUMA: Faking a node at [mem 0x0000000040000000-0x000000007fffffff]
[    0.000000] NUMA: NODE_DATA [mem 0x7fdf2c00-0x7fdf4fff]
[    0.000000] Zone ranges:
[    0.000000]   DMA      [mem 0x0000000040000000-0x000000007fffffff]
[    0.000000]   DMA32    empty
[    0.000000]   Normal   empty
[    0.000000] Movable zone start for each node
[    0.000000] Early memory node ranges
[    0.000000]   node   0: [mem 0x0000000040000000-0x000000007fffffff]
[    0.000000] Initmem setup node 0 [mem 0x0000000040000000-0x000000007fffffff]
[    0.000000] cma: Reserved 32 MiB at 0x000000007cc00000
[    0.000000] psci: probing for conduit method from DT.
[    0.000000] psci: PSCIv0.2 detected in firmware.
[    0.000000] psci: Using standard PSCI v0.2 function IDs
[    0.000000] psci: Trusted OS migration not required
[    0.000000] percpu: Embedded 28 pages/cpu s74392 r8192 d32104 u114688
[    0.000000] pcpu-alloc: s74392 r8192 d32104 u114688 alloc=28*4096
[    0.000000] pcpu-alloc: [0] 0 
[    0.000000] Detected PIPT I-cache on CPU0
[    0.000000] CPU features: detected: Spectre-v2
[    0.000000] CPU features: detected: Spectre-v3a
[    0.000000] CPU features: detected: Spectre-v4
[    0.000000] CPU features: kernel page table isolation forced ON by KASLR
[    0.000000] CPU features: detected: Kernel page table isolation (KPTI)
[    0.000000] CPU features: detected: ARM erratum 834220
[    0.000000] CPU features: detected: ARM erratum 832075
[    0.000000] CPU features: detected: ARM errata 1165522, 1319367, or 1530923
[    0.000000] Built 1 zonelists, mobility grouping on.  Total pages: 258048
[    0.000000] Policy zone: DMA
[    0.000000] Kernel command line: console=ttyAMA0 root=/dev/ram0 rw rdinit=/init
[    0.000000] Dentry cache hash table entries: 131072 (order: 8, 1048576 bytes, linear)
[    0.000000] Inode-cache hash table entries: 65536 (order: 7, 524288 bytes, linear)
[    0.000000] mem auto-init: stack:off, heap alloc:off, heap free:off
[    0.000000] Memory: 953464K/1048576K available (13888K kernel code, 3714K rwdata, 7676K rodata, 8128K init, 481K bss, 62344K reserved, 32768K cma-reserved)
[    0.000000] SLUB: HWalign=64, Order=0-3, MinObjects=0, CPUs=1, Nodes=1
[    0.000000] ftrace: allocating 47469 entries in 186 pages
[    0.000000] ftrace: allocated 186 pages with 5 groups
[    0.000000] trace event string verifier disabled
[    0.000000] rcu: Preemptible hierarchical RCU implementation.
[    0.000000] rcu: 	RCU event tracing is enabled.
[    0.000000] rcu: 	RCU restricting CPUs from NR_CPUS=256 to nr_cpu_ids=1.
[    0.000000] 	Trampoline variant of Tasks RCU enabled.
[    0.000000] 	Rude variant of Tasks RCU enabled.
[    0.000000] rcu: RCU calculated value of scheduler-enlistment delay is 25 jiffies.
[    0.000000] rcu: Adjusting geometry for rcu_fanout_leaf=16, nr_cpu_ids=1
[    0.000000] NR_IRQS: 64, nr_irqs: 64, preallocated irqs: 0
[    0.000000] Root IRQ handler: gic_handle_irq
[    0.000000] random: get_random_bytes called from start_kernel+0x514/0x704 with crng_init=0
[    0.000000] arch_timer: cp15 timer(s) running at 62.50MHz (virt).
[    0.000000] clocksource: arch_sys_counter: mask: 0xffffffffffffff max_cycles: 0x1cd42e208c, max_idle_ns: 881590405314 ns
[    0.000091] sched_clock: 56 bits at 62MHz, resolution 16ns, wraps every 4398046511096ns
[    0.003118] Console: colour dummy device 80x25
[    0.006852] Calibrating delay loop (skipped), value calculated using timer frequency.. 125.00 BogoMIPS (lpj=250000)
[    0.006991] pid_max: default: 32768 minimum: 301
[    0.007698] LSM: Security Framework initializing
[    0.008532] Mount-cache hash table entries: 2048 (order: 2, 16384 bytes, linear)
[    0.008581] Mountpoint-cache hash table entries: 2048 (order: 2, 16384 bytes, linear)
[    0.046572] /cpus/cpu-map: empty cluster
[    0.052996] rcu: Hierarchical SRCU implementation.
[    0.056707] EFI services will not be available.
[    0.057625] smp: Bringing up secondary CPUs ...
[    0.057715] smp: Brought up 1 node, 1 CPU
[    0.057745] SMP: Total of 1 processors activated.
[    0.057807] CPU features: detected: 32-bit EL0 Support
[    0.057829] CPU features: detected: 32-bit EL1 Support
[    0.057885] CPU features: detected: CRC32 instructions
[    0.086286] CPU: All CPU(s) started at EL1
[    0.086630] alternatives: patching kernel code
[    0.107551] devtmpfs: initialized
[    0.114720] KASLR enabled
[    0.115500] clocksource: jiffies: mask: 0xffffffff max_cycles: 0xffffffff, max_idle_ns: 7645041785100000 ns
[    0.115639] futex hash table entries: 256 (order: 2, 16384 bytes, linear)
[    0.119192] pinctrl core: initialized pinctrl subsystem
[    0.136464] DMI not present or invalid.
[    0.141929] NET: Registered PF_NETLINK/PF_ROUTE protocol family
[    0.151656] DMA: preallocated 128 KiB GFP_KERNEL pool for atomic allocations
[    0.152005] DMA: preallocated 128 KiB GFP_KERNEL|GFP_DMA pool for atomic allocations
[    0.152290] DMA: preallocated 128 KiB GFP_KERNEL|GFP_DMA32 pool for atomic allocations
[    0.152461] audit: initializing netlink subsys (disabled)
[    0.156973] thermal_sys: Registered thermal governor 'step_wise'
[    0.157011] thermal_sys: Registered thermal governor 'power_allocator'
[    0.158403] audit: type=2000 audit(0.108:1): state=initialized audit_enabled=0 res=1
[    0.158814] cpuidle: using governor menu
[    0.159542] hw-breakpoint: found 6 breakpoint and 4 watchpoint registers.
[    0.159881] ASID allocator initialised with 32768 entries
[    0.162957] Serial: AMBA PL011 UART driver
[    0.216476] 9000000.pl011: ttyAMA0 at MMIO 0x9000000 (irq = 47, base_baud = 0) is a PL011 rev1
[    0.225604] printk: console [ttyAMA0] enabled
[    0.247440] HugeTLB registered 1.00 GiB page size, pre-allocated 0 pages
[    0.247618] HugeTLB registered 32.0 MiB page size, pre-allocated 0 pages
[    0.247744] HugeTLB registered 2.00 MiB page size, pre-allocated 0 pages
[    0.247860] HugeTLB registered 64.0 KiB page size, pre-allocated 0 pages
[    0.268514] cryptd: max_cpu_qlen set to 1000
[    0.276514] ACPI: Interpreter disabled.
[    0.282602] iommu: Default domain type: Translated 
[    0.282732] iommu: DMA domain TLB invalidation policy: strict mode 
[    0.284109] SCSI subsystem initialized
[    0.285517] libata version 3.00 loaded.
[    0.286466] pps_core: LinuxPPS API ver. 1 registered
[    0.286605] pps_core: Software ver. 5.3.6 - Copyright 2005-2007 Rodolfo Giometti <giometti@linux.it>
[    0.286838] PTP clock support registered
[    0.287342] EDAC MC: Ver: 3.0.0
[    0.301170] FPGA manager framework
[    0.310259] clocksource: Switched to clocksource arch_sys_counter
[    0.380000] VFS: Disk quotas dquot_6.6.0
[    0.380299] VFS: Dquot-cache hash table entries: 512 (order 0, 4096 bytes)
[    0.381501] pnp: PnP ACPI: disabled
[    0.408877] NET: Registered PF_INET protocol family
[    0.409785] IP idents hash table entries: 16384 (order: 5, 131072 bytes, linear)
[    0.436214] tcp_listen_portaddr_hash hash table entries: 512 (order: 1, 8192 bytes, linear)
[    0.436474] TCP established hash table entries: 8192 (order: 4, 65536 bytes, linear)
[    0.436758] TCP bind hash table entries: 8192 (order: 5, 131072 bytes, linear)
[    0.437049] TCP: Hash tables configured (established 8192 bind 8192)
[    0.438072] UDP hash table entries: 512 (order: 2, 16384 bytes, linear)
[    0.442629] UDP-Lite hash table entries: 512 (order: 2, 16384 bytes, linear)
[    0.443897] NET: Registered PF_UNIX/PF_LOCAL protocol family
[    0.451948] RPC: Registered named UNIX socket transport module.
[    0.452114] RPC: Registered udp transport module.
[    0.452226] RPC: Registered tcp transport module.
[    0.452344] RPC: Registered tcp NFSv4.1 backchannel transport module.
[    0.455983] Unpacking initramfs...
[    0.461171] hw perfevents: enabled with armv8_pmuv3 PMU driver, 5 counters available
[    0.461864] kvm [1]: HYP mode not available
[    0.545322] Initialise system trusted keyrings
[    0.546854] workingset: timestamp_bits=42 max_order=18 bucket_order=0
[    0.573332] squashfs: version 4.0 (2009/01/31) Phillip Lougher
[    0.587633] NFS: Registering the id_resolver key type
[    0.610653] Key type id_resolver registered
[    0.610785] Key type id_legacy registered
[    0.611266] nfs4filelayout_init: NFSv4 File Layout Driver Registering...
[    0.611513] nfs4flexfilelayout_init: NFSv4 Flexfile Layout Driver Registering...
[    0.614458] 9p: Installing v9fs 9p2000 file system support
[    0.678701] Key type asymmetric registered
[    0.678882] Asymmetric key parser 'x509' registered
[    0.679252] Block layer SCSI generic (bsg) driver version 0.4 loaded (major 245)
[    0.679496] io scheduler mq-deadline registered
[    0.679654] io scheduler kyber registered
[    0.746941] pl061_gpio 9030000.pl061: PL061 GPIO chip registered
[    0.759074] EINJ: ACPI disabled.
[    0.887571] Serial: 8250/16550 driver, 4 ports, IRQ sharing enabled
[    0.911435] SuperH (H)SCI(F) driver initialized
[    0.912906] msm_serial: driver initialized
[    0.921610] cacheinfo: Unable to detect cache hierarchy for CPU 0
[    0.956109] loop: module loaded
[    0.983837] physmap-flash 0.flash: physmap platform flash device: [mem 0x00000000-0x03ffffff]
[    0.985613] 0.flash: Found 2 x16 devices at 0x0 in 32-bit bank. Manufacturer ID 0x000000 Chip ID 0x000000
[    0.986198] Intel/Sharp Extended Query Table at 0x0031
[    0.991310] Using buffer write method
[    0.991724] erase region 0: offset=0x0,size=0x40000,blocks=256
[    0.991925] physmap-flash 0.flash: physmap platform flash device: [mem 0x04000000-0x07ffffff]
[    0.992662] 0.flash: Found 2 x16 devices at 0x0 in 32-bit bank. Manufacturer ID 0x000000 Chip ID 0x000000
[    0.992873] Intel/Sharp Extended Query Table at 0x0031
[    0.993651] Using buffer write method
[    0.993780] erase region 0: offset=0x0,size=0x40000,blocks=256
[    0.993854] Concatenating MTD devices:
[    0.993979] (0): "0.flash"
[    0.994112] (1): "0.flash"
[    0.998537] into device "0.flash"
[    1.340323] Freeing initrd memory: 8124K
[    1.379988] libphy: Fixed MDIO Bus: probed
[    1.386819] tun: Universal TUN/TAP device driver, 1.6
[    1.403676] VFIO - User Level meta-driver version: 0.3
[    1.411937] rtc-pl031 9010000.pl031: registered as rtc0
[    1.412586] rtc-pl031 9010000.pl031: setting system clock to 2026-03-14T15:07:50 UTC (1773500870)
[    1.418664] i2c_dev: i2c /dev entries driver
[    1.443075] sdhci: Secure Digital Host Controller Interface driver
[    1.443229] sdhci: Copyright(c) Pierre Ossman
[    1.444936] Synopsys Designware Multimedia Card Interface Driver
[    1.451577] sdhci-pltfm: SDHCI platform and OF driver helper
[    1.460163] ledtrig-cpu: registered to indicate activity on CPUs
[    1.485436] NET: Registered PF_PACKET protocol family
[    1.490785] 9pnet: Installing 9P2000 support
[    1.491181] Key type dns_resolver registered
[    1.492062] Loading compiled-in X.509 certificates
[    2.208101] uart-pl011 9000000.pl011: no DMA platform data
[    2.252469] Freeing unused kernel memory: 8128K
[    2.253183] Run /init as init process
[    2.253326]   with arguments:
[    2.253346]     /init
[    2.253359]   with environment:
[    2.253376]     HOME=/
[    2.253386]     TERM=linux
[    6.615386] demo_regmap: loading out-of-tree module taints kernel.
[    6.622819] demo_regmap: module init
[    6.624298] demo_regmap 10002000.demo_regmap: probe begin
[    6.624516] demo_regmap 10002000.demo_regmap: raw DT reg cells: <0x0 0x10002000 0x0 0x1000>
[    6.624697] demo_regmap 10002000.demo_regmap: raw DT interrupts cells: <0x0 0x7a 0x4>
[    6.636833] demo_regmap 10002000.demo_regmap: probe ok: label=regmap-demo match=demo,regmap-pdrv mem=[0x0000000010002000-0x0000000010002fff] linux_irq=49 work_ms=20
[    6.637102] demo_regmap 10002000.demo_regmap: debugfs: /sys/kernel/debug/demo_regmap/{snapshot,poke,trigger}
[    6.649712] demo_regmap 10002000.demo_regmap: top-half irq=49 irq_count=1 pending=1
[    6.650512] demo_regmap 10002000.demo_regmap: worker start batch=1 latency=835 us pending_now=0 work_ms=20
__DAY17_FILE_END__ dmesg_tail.txt
__DAY17_FILE_BEGIN__ snapshot.txt
module=demo_regmap
label=regmap-demo
match_name=demo,regmap-pdrv
linux_irq=49
raw_reg=<0x0 0x10002000 0x0 0x1000>
raw_irq=<0x0 0x7a 0x4>
----------------------------------------
CTRL             reg=0x00 val=0x00000001 (1)
STATUS           reg=0x04 val=0x00000004 (4)
IRQ_COUNT        reg=0x08 val=0x00000000 (0)
WORK_RUNS        reg=0x0c val=0x00000000 (0)
WORK_ITEMS       reg=0x10 val=0x00000000 (0)
PENDING_EVENTS   reg=0x14 val=0x00000000 (0)
LAST_BATCH       reg=0x18 val=0x00000000 (0)
LAST_LATENCY_US  reg=0x1c val=0x00000000 (0)
MAX_LATENCY_US   reg=0x20 val=0x00000000 (0)
AVG_LATENCY_US   reg=0x24 val=0x00000000 (0)
WORK_MS          reg=0x28 val=0x00000014 (20)
VERSION          reg=0x2c val=0x00001300 (4864)
__DAY17_FILE_END__ snapshot.txt
__DAY17_FILE_BEGIN__ perf_version.txt
perf version 5.15.10
__DAY17_FILE_END__ perf_version.txt
__DAY17_FILE_BEGIN__ perf_list.txt
  alignment-faults                                   [Software event]
  bpf-output                                         [Software event]
  cgroup-switches                                    [Software event]
  context-switches OR cs                             [Software event]
  cpu-clock                                          [Software event]
  cpu-migrations OR migrations                       [Software event]
  dummy                                              [Software event]
  emulation-faults                                   [Software event]
  major-faults                                       [Software event]
  minor-faults                                       [Software event]
  page-faults OR faults                              [Software event]
  task-clock                                         [Software event]
  duration_time                                      [Tool event]
__DAY17_FILE_END__ perf_list.txt
__DAY17_FILE_BEGIN__ perf_stat.txt

 Performance counter stats for '/bin/true':

              3.26 msec task-clock                #    0.541 CPUs utilized          

       0.006028096 seconds time elapsed

       0.000000000 seconds user
       0.006228000 seconds sys


__DAY17_FILE_END__ perf_stat.txt
__DAY17_FILE_BEGIN__ perf_manifest.txt
perf /home/wq7/workspace/driver-lab/linux-driver-lab/day17/output/perf/perf
perf_lib_dirs /usr/aarch64-linux-gnu/lib
interp /lib/ld-linux-aarch64.so.1 -> /usr/lib/gcc-cross/aarch64-linux-gnu/11/../../../../aarch64-linux-gnu/lib/../lib/ld-linux-aarch64.so.1 (target /lib/ld-linux-aarch64.so.1)
needed libm.so.6 -> /usr/lib/gcc-cross/aarch64-linux-gnu/11/../../../../aarch64-linux-gnu/lib/../lib/libm.so.6 (target /lib/libm.so.6)
needed libc.so.6 -> /usr/lib/gcc-cross/aarch64-linux-gnu/11/../../../../aarch64-linux-gnu/lib/../lib/libc.so.6 (target /lib/libc.so.6)
interp /lib/ld-linux-aarch64.so.1 -> /usr/lib/gcc-cross/aarch64-linux-gnu/11/../../../../aarch64-linux-gnu/lib/../lib/ld-linux-aarch64.so.1 (target /lib/ld-linux-aarch64.so.1)
needed ld-linux-aarch64.so.1 -> /usr/lib/gcc-cross/aarch64-linux-gnu/11/../../../../aarch64-linux-gnu/lib/../lib/ld-linux-aarch64.so.1 (target /lib/ld-linux-aarch64.so.1)
needed ld-linux-aarch64.so.1 -> /usr/lib/gcc-cross/aarch64-linux-gnu/11/../../../../aarch64-linux-gnu/lib/../lib/ld-linux-aarch64.so.1 (target /lib/ld-linux-aarch64.so.1)
needed libc.so.6 -> /usr/lib/gcc-cross/aarch64-linux-gnu/11/../../../../aarch64-linux-gnu/lib/../lib/libc.so.6 (target /lib/libc.so.6)
needed ld-linux-aarch64.so.1 -> /usr/lib/gcc-cross/aarch64-linux-gnu/11/../../../../aarch64-linux-gnu/lib/../lib/ld-linux-aarch64.so.1 (target /lib/ld-linux-aarch64.so.1)
__DAY17_FILE_END__ perf_manifest.txt
__DAY17_FILE_BEGIN__ tracing_dir.txt
/sys/kernel/debug/tracing
__DAY17_FILE_END__ tracing_dir.txt
__DAY17_GUEST_CMD_RC__0
~ # 
~ # poweroff -f || reboot -f
[    7.497750] Flash device refused suspend due to active operation (state 20)
[    7.498015] Flash device refused suspend due to active operation (state 20)
[    7.498611] reboot: Power down
