COMMAND: sudo ./build/af_xdp_forwarder --ifname ens192 --queue 0 --mode skb --copy --forward drop --duration 10 --interval 1 --obj ./build/af_xdp_forwarder_kern.bpf.o
libbpf: Error in bpf_create_map_xattr(xsks_map):ERROR: strerror_r(-524)=22(-524). Retrying without BTF.
af-xdp-mini-forwarder config: ifname=ens192 ifindex=2 queue=0 xdp_mode=skb bind=copy forward=drop duration=10 interval=1
UMEM_READY frames=4096 frame_size=2048 bytes=8388608
XSK_SOCKET_READY fd=3
FILL_RING_READY descriptors=2048
XDP_ATTACHED ifname=ens192 mode=skb
XSKMAP_REGISTERED queue=0 fd=3
AF_XDP_FORWARDER_READY mode=drop fq=2048 cq=2048 rx=2048 tx=2048
enter AF_XDP mini forwarder loop
FORWARDER_STATS rx_packets=0 rx_bytes=0 tx_packets=0 tx_bytes=0 dropped_packets=0 fill_recycled=0 tx_full_drops=0 comp_packets=0 rx_empty_polls=1
FORWARDER_STATS rx_packets=0 rx_bytes=0 tx_packets=0 tx_bytes=0 dropped_packets=0 fill_recycled=0 tx_full_drops=0 comp_packets=0 rx_empty_polls=8
FORWARDER_STATS rx_packets=0 rx_bytes=0 tx_packets=0 tx_bytes=0 dropped_packets=0 fill_recycled=0 tx_full_drops=0 comp_packets=0 rx_empty_polls=18
FORWARDER_STATS rx_packets=0 rx_bytes=0 tx_packets=0 tx_bytes=0 dropped_packets=0 fill_recycled=0 tx_full_drops=0 comp_packets=0 rx_empty_polls=28
FORWARDER_STATS rx_packets=0 rx_bytes=0 tx_packets=0 tx_bytes=0 dropped_packets=0 fill_recycled=0 tx_full_drops=0 comp_packets=0 rx_empty_polls=38
FORWARDER_STATS rx_packets=0 rx_bytes=0 tx_packets=0 tx_bytes=0 dropped_packets=0 fill_recycled=0 tx_full_drops=0 comp_packets=0 rx_empty_polls=48
FORWARDER_STATS rx_packets=0 rx_bytes=0 tx_packets=0 tx_bytes=0 dropped_packets=0 fill_recycled=0 tx_full_drops=0 comp_packets=0 rx_empty_polls=58
FORWARDER_STATS rx_packets=0 rx_bytes=0 tx_packets=0 tx_bytes=0 dropped_packets=0 fill_recycled=0 tx_full_drops=0 comp_packets=0 rx_empty_polls=68
FORWARDER_STATS rx_packets=0 rx_bytes=0 tx_packets=0 tx_bytes=0 dropped_packets=0 fill_recycled=0 tx_full_drops=0 comp_packets=0 rx_empty_polls=78
FORWARDER_STATS rx_packets=0 rx_bytes=0 tx_packets=0 tx_bytes=0 dropped_packets=0 fill_recycled=0 tx_full_drops=0 comp_packets=0 rx_empty_polls=88
FORWARDER_STATS rx_packets=0 rx_bytes=0 tx_packets=0 tx_bytes=0 dropped_packets=0 fill_recycled=0 tx_full_drops=0 comp_packets=0 rx_empty_polls=98
leaving AF_XDP mini forwarder loop
FORWARDER_FINAL_STATS rx_packets=0 rx_bytes=0 tx_packets=0 tx_bytes=0 dropped_packets=0 fill_recycled=0 tx_full_drops=0 comp_packets=0 rx_empty_polls=98
detaching XDP program
bye
FORWARDER_RC=0
