EAL: Detected CPU lcores: 8
EAL: Detected NUMA nodes: 1
EAL: Detected shared linkage of DPDK
EAL: Multi-process socket /var/run/dpdk/media_gateway_lite_vdev_null/mp_socket
EAL: Selected IOVA mode 'PA'
EAL: No available 1048576 kB hugepages reported
TELEMETRY: No legacy callbacks, legacy socket not created
media-gateway-lite starting
available/initialized ports: 2
port 0 MAC: 62:65:0C:81:84:05
port 1 MAC: C6:58:6B:60:0E:DC
media-gateway-lite config: nb_mbuf=8192 cache=250 rx_desc=1024 tx_desc=1024 burst=32 run_seconds=20 stats_period=2
policy: promisc=1 udp_only=1 swap_mac=1 strict_rules=1 nb_rules=2
rules:
  rule 0 name=access_to_core enabled=1 dir=0:1
  rule 1 name=core_to_access enabled=1 dir=1:0
port 0 started
port 0 MAC: 62:65:0C:81:84:05
port 1 started
port 1 MAC: C6:58:6B:60:0E:DC
enter media gateway loop on lcore 0

==== media-gateway-lite software stats ====
port 0: rx=115737760 rx_bytes=7407216640 tx=0 tx_bytes=0 tx_failed=0 drops=115737760 arp=0 ipv4=0 udp=0 non_udp=115737760 rewrite=0 drop_short=0 drop_non_udp=115737760 drop_no_route=0
  rule 0: hit=0 bytes=0 rewrite=0
  rule 1: hit=0 bytes=0 rewrite=0
port 1: rx=115737760 rx_bytes=7407216640 tx=0 tx_bytes=0 tx_failed=0 drops=115737760 arp=0 ipv4=0 udp=0 non_udp=115737760 rewrite=0 drop_short=0 drop_non_udp=115737760 drop_no_route=0
  rule 0: hit=0 bytes=0 rewrite=0
  rule 1: hit=0 bytes=0 rewrite=0
===========================================

==== rte_eth_stats ====
port 0: ipackets=115737760 ibytes=0 opackets=0 obytes=0 imissed=0 ierrors=0 oerrors=0
port 1: ipackets=115737760 ibytes=0 opackets=0 obytes=0 imissed=0 ierrors=0 oerrors=0
=======================

==== media-gateway-lite software stats ====
port 0: rx=232610912 rx_bytes=14887098368 tx=0 tx_bytes=0 tx_failed=0 drops=232610912 arp=0 ipv4=0 udp=0 non_udp=232610912 rewrite=0 drop_short=0 drop_non_udp=232610912 drop_no_route=0
  rule 0: hit=0 bytes=0 rewrite=0
  rule 1: hit=0 bytes=0 rewrite=0
port 1: rx=232610912 rx_bytes=14887098368 tx=0 tx_bytes=0 tx_failed=0 drops=232610912 arp=0 ipv4=0 udp=0 non_udp=232610912 rewrite=0 drop_short=0 drop_non_udp=232610912 drop_no_route=0
  rule 0: hit=0 bytes=0 rewrite=0
  rule 1: hit=0 bytes=0 rewrite=0
===========================================

==== rte_eth_stats ====
port 0: ipackets=232610912 ibytes=0 opackets=0 obytes=0 imissed=0 ierrors=0 oerrors=0
port 1: ipackets=232610912 ibytes=0 opackets=0 obytes=0 imissed=0 ierrors=0 oerrors=0
=======================

==== media-gateway-lite software stats ====
port 0: rx=349538336 rx_bytes=22370453504 tx=0 tx_bytes=0 tx_failed=0 drops=349538336 arp=0 ipv4=0 udp=0 non_udp=349538336 rewrite=0 drop_short=0 drop_non_udp=349538336 drop_no_route=0
  rule 0: hit=0 bytes=0 rewrite=0
  rule 1: hit=0 bytes=0 rewrite=0
port 1: rx=349538336 rx_bytes=22370453504 tx=0 tx_bytes=0 tx_failed=0 drops=349538336 arp=0 ipv4=0 udp=0 non_udp=349538336 rewrite=0 drop_short=0 drop_non_udp=349538336 drop_no_route=0
  rule 0: hit=0 bytes=0 rewrite=0
  rule 1: hit=0 bytes=0 rewrite=0
===========================================

==== rte_eth_stats ====
port 0: ipackets=349538336 ibytes=0 opackets=0 obytes=0 imissed=0 ierrors=0 oerrors=0
port 1: ipackets=349538336 ibytes=0 opackets=0 obytes=0 imissed=0 ierrors=0 oerrors=0
=======================

==== media-gateway-lite software stats ====
port 0: rx=466865952 rx_bytes=29879420928 tx=0 tx_bytes=0 tx_failed=0 drops=466865952 arp=0 ipv4=0 udp=0 non_udp=466865952 rewrite=0 drop_short=0 drop_non_udp=466865952 drop_no_route=0
  rule 0: hit=0 bytes=0 rewrite=0
  rule 1: hit=0 bytes=0 rewrite=0
port 1: rx=466865952 rx_bytes=29879420928 tx=0 tx_bytes=0 tx_failed=0 drops=466865952 arp=0 ipv4=0 udp=0 non_udp=466865952 rewrite=0 drop_short=0 drop_non_udp=466865952 drop_no_route=0
  rule 0: hit=0 bytes=0 rewrite=0
  rule 1: hit=0 bytes=0 rewrite=0
===========================================

==== rte_eth_stats ====
port 0: ipackets=466865952 ibytes=0 opackets=0 obytes=0 imissed=0 ierrors=0 oerrors=0
port 1: ipackets=466865952 ibytes=0 opackets=0 obytes=0 imissed=0 ierrors=0 oerrors=0
=======================

==== media-gateway-lite software stats ====
port 0: rx=583884192 rx_bytes=37368588288 tx=0 tx_bytes=0 tx_failed=0 drops=583884192 arp=0 ipv4=0 udp=0 non_udp=583884192 rewrite=0 drop_short=0 drop_non_udp=583884192 drop_no_route=0
  rule 0: hit=0 bytes=0 rewrite=0
  rule 1: hit=0 bytes=0 rewrite=0
port 1: rx=583884192 rx_bytes=37368588288 tx=0 tx_bytes=0 tx_failed=0 drops=583884192 arp=0 ipv4=0 udp=0 non_udp=583884192 rewrite=0 drop_short=0 drop_non_udp=583884192 drop_no_route=0
  rule 0: hit=0 bytes=0 rewrite=0
  rule 1: hit=0 bytes=0 rewrite=0
===========================================

==== rte_eth_stats ====
port 0: ipackets=583884192 ibytes=0 opackets=0 obytes=0 imissed=0 ierrors=0 oerrors=0
port 1: ipackets=583884192 ibytes=0 opackets=0 obytes=0 imissed=0 ierrors=0 oerrors=0
=======================

==== media-gateway-lite software stats ====
port 0: rx=700666464 rx_bytes=44842653696 tx=0 tx_bytes=0 tx_failed=0 drops=700666464 arp=0 ipv4=0 udp=0 non_udp=700666464 rewrite=0 drop_short=0 drop_non_udp=700666464 drop_no_route=0
  rule 0: hit=0 bytes=0 rewrite=0
  rule 1: hit=0 bytes=0 rewrite=0
port 1: rx=700666464 rx_bytes=44842653696 tx=0 tx_bytes=0 tx_failed=0 drops=700666464 arp=0 ipv4=0 udp=0 non_udp=700666464 rewrite=0 drop_short=0 drop_non_udp=700666464 drop_no_route=0
  rule 0: hit=0 bytes=0 rewrite=0
  rule 1: hit=0 bytes=0 rewrite=0
===========================================

==== rte_eth_stats ====
port 0: ipackets=700666464 ibytes=0 opackets=0 obytes=0 imissed=0 ierrors=0 oerrors=0
port 1: ipackets=700666464 ibytes=0 opackets=0 obytes=0 imissed=0 ierrors=0 oerrors=0
=======================

==== media-gateway-lite software stats ====
port 0: rx=817812544 rx_bytes=52340002816 tx=0 tx_bytes=0 tx_failed=0 drops=817812544 arp=0 ipv4=0 udp=0 non_udp=817812544 rewrite=0 drop_short=0 drop_non_udp=817812544 drop_no_route=0
  rule 0: hit=0 bytes=0 rewrite=0
  rule 1: hit=0 bytes=0 rewrite=0
port 1: rx=817812544 rx_bytes=52340002816 tx=0 tx_bytes=0 tx_failed=0 drops=817812544 arp=0 ipv4=0 udp=0 non_udp=817812544 rewrite=0 drop_short=0 drop_non_udp=817812544 drop_no_route=0
  rule 0: hit=0 bytes=0 rewrite=0
  rule 1: hit=0 bytes=0 rewrite=0
===========================================

==== rte_eth_stats ====
port 0: ipackets=817812544 ibytes=0 opackets=0 obytes=0 imissed=0 ierrors=0 oerrors=0
port 1: ipackets=817812544 ibytes=0 opackets=0 obytes=0 imissed=0 ierrors=0 oerrors=0
=======================

==== media-gateway-lite software stats ====
port 0: rx=935494208 rx_bytes=59871629312 tx=0 tx_bytes=0 tx_failed=0 drops=935494208 arp=0 ipv4=0 udp=0 non_udp=935494208 rewrite=0 drop_short=0 drop_non_udp=935494208 drop_no_route=0
  rule 0: hit=0 bytes=0 rewrite=0
  rule 1: hit=0 bytes=0 rewrite=0
port 1: rx=935494208 rx_bytes=59871629312 tx=0 tx_bytes=0 tx_failed=0 drops=935494208 arp=0 ipv4=0 udp=0 non_udp=935494208 rewrite=0 drop_short=0 drop_non_udp=935494208 drop_no_route=0
  rule 0: hit=0 bytes=0 rewrite=0
  rule 1: hit=0 bytes=0 rewrite=0
===========================================

==== rte_eth_stats ====
port 0: ipackets=935494208 ibytes=0 opackets=0 obytes=0 imissed=0 ierrors=0 oerrors=0
port 1: ipackets=935494208 ibytes=0 opackets=0 obytes=0 imissed=0 ierrors=0 oerrors=0
=======================

==== media-gateway-lite software stats ====
port 0: rx=1053015904 rx_bytes=67393017856 tx=0 tx_bytes=0 tx_failed=0 drops=1053015904 arp=0 ipv4=0 udp=0 non_udp=1053015904 rewrite=0 drop_short=0 drop_non_udp=1053015904 drop_no_route=0
  rule 0: hit=0 bytes=0 rewrite=0
  rule 1: hit=0 bytes=0 rewrite=0
port 1: rx=1053015904 rx_bytes=67393017856 tx=0 tx_bytes=0 tx_failed=0 drops=1053015904 arp=0 ipv4=0 udp=0 non_udp=1053015904 rewrite=0 drop_short=0 drop_non_udp=1053015904 drop_no_route=0
  rule 0: hit=0 bytes=0 rewrite=0
  rule 1: hit=0 bytes=0 rewrite=0
===========================================

==== rte_eth_stats ====
port 0: ipackets=1053015904 ibytes=0 opackets=0 obytes=0 imissed=0 ierrors=0 oerrors=0
port 1: ipackets=1053015904 ibytes=0 opackets=0 obytes=0 imissed=0 ierrors=0 oerrors=0
=======================

==== media-gateway-lite software stats ====
port 0: rx=1170561856 rx_bytes=74915958784 tx=0 tx_bytes=0 tx_failed=0 drops=1170561856 arp=0 ipv4=0 udp=0 non_udp=1170561856 rewrite=0 drop_short=0 drop_non_udp=1170561856 drop_no_route=0
  rule 0: hit=0 bytes=0 rewrite=0
  rule 1: hit=0 bytes=0 rewrite=0
port 1: rx=1170561856 rx_bytes=74915958784 tx=0 tx_bytes=0 tx_failed=0 drops=1170561856 arp=0 ipv4=0 udp=0 non_udp=1170561856 rewrite=0 drop_short=0 drop_non_udp=1170561856 drop_no_route=0
  rule 0: hit=0 bytes=0 rewrite=0
  rule 1: hit=0 bytes=0 rewrite=0
===========================================

==== rte_eth_stats ====
port 0: ipackets=1170561856 ibytes=0 opackets=0 obytes=0 imissed=0 ierrors=0 oerrors=0
port 1: ipackets=1170561856 ibytes=0 opackets=0 obytes=0 imissed=0 ierrors=0 oerrors=0
=======================
leaving media gateway loop
stopping port 0
stopping port 1
bye
