# BUILD

## env
LAB_ROOT=/home/wq7/workspace/driver-lab/linux-driver-lab/track-dpdk/lab-dpdk-l2-forwarding
APP_DIR=/home/wq7/workspace/driver-lab/linux-driver-lab/track-dpdk/lab-dpdk-l2-forwarding/app
BUILD_DIR=/home/wq7/workspace/driver-lab/linux-driver-lab/track-dpdk/lab-dpdk-l2-forwarding/app/build
APP_BIN=/home/wq7/workspace/driver-lab/linux-driver-lab/track-dpdk/lab-dpdk-l2-forwarding/app/build/l2fwd-lite
DPDK_IF=ens192
DPDK_PCI=0000:0b:00.0
DPDK_PCI_1=
DPDK_DRIVER=uio_pci_generic
MGMT_IF=ens33
MGMT_PCI=0000:02:01.0
HUGEPAGES=1024
HUGEPAGE_MOUNT=/mnt/huge
L2FWD_RUN_SECONDS=15
L2FWD_STATS_PERIOD=2
L2FWD_LCORES=0-1
L2FWD_MEMORY_CHANNELS=4
L2FWD_FILE_PREFIX=l2fwd_lite
L2FWD_BURST_SIZE=32
L2FWD_PROMISC=1
L2FWD_VDEV0=net_null0
L2FWD_VDEV1=net_null1

## toolchain
gcc (Ubuntu 11.4.0-1ubuntu1~22.04.3) 11.4.0
0.61.2
1.10.1
21.11.9

## meson setup
The Meson build system
Version: 0.61.2
Source dir: /home/wq7/workspace/driver-lab/linux-driver-lab/track-dpdk/lab-dpdk-l2-forwarding/app
Build dir: /home/wq7/workspace/driver-lab/linux-driver-lab/track-dpdk/lab-dpdk-l2-forwarding/app/build
Build type: native build
Project name: l2fwd-lite
Project version: 0.1.0
C compiler for the host machine: cc (gcc 11.4.0 "cc (Ubuntu 11.4.0-1ubuntu1~22.04.3) 11.4.0")
C linker for the host machine: cc ld.bfd 2.38
Host machine cpu family: x86_64
Host machine cpu: x86_64
Found pkg-config: /usr/bin/pkg-config (0.29.2)
Run-time dependency libdpdk found: YES 21.11.9
Build targets in project: 1

Found ninja-1.10.1 at /usr/bin/ninja

## ninja
ninja: Entering directory `/home/wq7/workspace/driver-lab/linux-driver-lab/track-dpdk/lab-dpdk-l2-forwarding/app/build'
[1/2] Compiling C object l2fwd-lite.p/main.c.o
In file included from /usr/include/dpdk/rte_trace_point.h:31,
                 from /usr/include/dpdk/rte_mempool_trace_fp.h:18,
                 from /usr/include/dpdk/rte_mempool.h:53,
                 from /usr/include/dpdk/rte_mbuf.h:38,
                 from /usr/include/dpdk/rte_ether.h:23,
                 from /usr/include/dpdk/rte_ethdev.h:172,
                 from ../main.c:28:
/usr/include/dpdk/rte_string_fns.h: In function ‘rte_strlcat’:
/usr/include/dpdk/rte_string_fns.h:72:20: warning: implicit declaration of function ‘strnlen’; did you mean ‘strlen’? [-Wimplicit-function-declaration]
   72 |         size_t l = strnlen(dst, size);
      |                    ^~~~~~~
      |                    strlen
[2/2] Linking target l2fwd-lite

## binary
-rwxrwxr-x 1 wq7 wq7 210K  5月  5 18:16 /home/wq7/workspace/driver-lab/linux-driver-lab/track-dpdk/lab-dpdk-l2-forwarding/app/build/l2fwd-lite
/home/wq7/workspace/driver-lab/linux-driver-lab/track-dpdk/lab-dpdk-l2-forwarding/app/build/l2fwd-lite: ELF 64-bit LSB pie executable, x86-64, version 1 (SYSV), dynamically linked, interpreter /lib64/ld-linux-x86-64.so.2, BuildID[sha1]=20e67bdfc65b6019b5576f09fa51cac605b50ac1, for GNU/Linux 3.2.0, with debug_info, not stripped
