# Soft-RoCE boundary check
record_dir=/home/wq7/workspace/driver-lab/linux-driver-lab/track-rdma-core/lab-rdma-env-capability/records/20260630-221920-rdma-env
timestamp=2026-06-30T22:19:20+08:00
ENABLE_RXE_SETUP=0
RXE_NETDEV=

===== rdma_rxe modinfo =====
$ sh -c modinfo\ rdma_rxe\ 2\>/dev/null\ \|\|\ true
filename:       /lib/modules/6.8.0-124-generic/kernel/drivers/infiniband/sw/rxe/rdma_rxe.ko
alias:          rdma-link-rxe
license:        Dual BSD/GPL
description:    Soft RDMA transport
author:         Bob Pearson, Frank Zago, John Groves, Kamal Heib
srcversion:     8C571F4537FC7DE0FD3A73A
depends:        ib_uverbs,ib_core,udp_tunnel,ip6_udp_tunnel
retpoline:      Y
intree:         Y
name:           rdma_rxe
vermagic:       6.8.0-124-generic SMP preempt mod_unload modversions 
sig_id:         PKCS#7
signer:         Build time autogenerated kernel key
sig_key:        74:3C:7E:F0:8D:91:49:95:D3:52:6A:EB:DC:71:5D:D4:5E:12:43:FC
sig_hashalgo:   sha512
signature:      9D:BF:39:28:3C:47:B7:07:44:E7:C8:66:96:A3:C7:4A:03:F2:97:B2:
		99:D1:47:B7:CD:97:C2:E0:8D:D3:BC:C9:CD:C3:67:49:A4:53:90:38:
		CA:D2:C5:C8:DF:7F:31:80:90:95:37:F7:31:7A:C9:47:EA:1F:AC:8C:
		77:1C:9D:E4:8A:1F:85:54:32:DC:3A:A0:B5:37:84:30:0A:A9:5A:25:
		56:57:7E:02:D9:C5:B7:0F:A8:C0:47:B3:01:0A:84:2B:96:CA:59:F3:
		F6:D4:72:5F:05:6F:C3:FE:DB:76:66:5F:46:35:9F:0C:DF:75:89:73:
		29:EE:12:EB:E7:C3:0D:DC:95:B0:5F:B0:92:65:C3:CD:9E:3F:8A:89:
		5E:BF:94:D8:89:13:18:08:3A:A2:6B:03:64:4E:25:58:74:93:D9:C8:
		91:D6:54:0A:20:BF:AE:DD:39:25:EA:04:B9:69:C8:96:C7:65:9B:D3:
		39:CA:F0:F9:FF:A7:FF:A8:53:8A:6E:B0:A4:FB:C3:46:7E:C6:B8:3B:
		C9:A5:5B:83:E0:4C:55:B2:84:EF:1E:49:05:98:C0:B6:BA:59:14:E4:
		8B:39:A1:4D:87:AD:22:F4:59:11:67:1B:7A:18:A7:00:D3:11:D2:ED:
		F9:59:D4:B2:7C:A5:A7:43:D4:B8:96:89:2A:13:FB:24:EA:38:D0:3B:
		1A:00:8B:A2:AB:FF:C4:60:20:C4:07:41:FE:86:B5:B9:E7:EE:3D:46:
		4D:C7:38:4F:86:05:BA:DA:1A:0C:1C:B5:4E:34:93:1A:C3:B8:6F:8C:
		01:56:BD:4C:EB:E3:63:E8:31:3F:25:C1:8F:D3:88:DA:CB:54:D6:B3:
		1D:DB:A5:9F:3E:2F:34:6B:BC:DB:F3:AE:AD:56:67:34:04:54:2D:AD:
		73:3E:4A:A8:B9:A7:FF:1D:0A:E8:F1:42:6D:57:76:F2:C4:D6:7E:1B:
		B4:AD:11:31:61:17:E9:3F:F6:50:62:FD:63:03:9D:AE:00:84:95:DF:
		DC:73:92:6F:A2:25:C0:A7:EA:23:3C:8A:8D:9F:6F:F3:28:C5:61:DC:
		60:FD:BB:84:57:85:D8:58:51:01:67:FE:CB:54:4A:0C:76:B2:77:13:
		2E:E2:EB:E5:32:B0:8D:97:60:2C:A7:B3:47:AB:CC:4A:E0:DE:95:CE:
		87:2B:2D:6E:2B:14:95:8A:9D:F2:1E:46:65:BE:13:A4:0A:5D:CF:18:
		F7:36:9B:61:4E:7E:94:F6:9B:40:49:44:B4:82:7C:70:E1:89:2F:66:
		1F:D0:E3:7A:A5:1F:86:A7:47:91:42:2F:35:93:20:67:2C:FF:CE:0C:
		F4:B1:29:77:92:D6:35:D2:87:C2:01:23

===== rdma modules loaded =====
$ sh -c lsmod\ \|\ grep\ -Ei\ \'rdma_rxe\|ib_core\|rdma_cm\|rxe\'\ \|\|\ true
ib_core               507904  0

INFO setup skipped. Set ENABLE_RXE_SETUP=1 RXE_NETDEV=<netdev> to try creating a Soft-RoCE device.
