[    0.000000] Booting Linux on physical CPU 0x0000000000 [0x411fd070]
[    0.000000] Linux version 5.15.10 (wq7@wq7-virtual-machine) (aarch64-linux-gnu-gcc (Ubuntu 11.4.0-1ubuntu1~22.04) 11.4.0, GNU ld (GNU Binutils for Ubuntu) 2.38) #9 SMP PREEMPT Mon Mar 16 23:06:44 CST 2026
[    0.000000] Machine model: linux,dummy-virt
[    0.000000] efi: UEFI not found.
[    0.000000] NUMA: No NUMA configuration found
[    0.000000] NUMA: Faking a node at [mem 0x0000000040000000-0x000000005fffffff]
[    0.000000] NUMA: NODE_DATA [mem 0x5fef0c00-0x5fef2fff]
[    0.000000] Zone ranges:
[    0.000000]   DMA      [mem 0x0000000040000000-0x000000005fffffff]
[    0.000000]   DMA32    empty
[    0.000000]   Normal   empty
[    0.000000] Movable zone start for each node
[    0.000000] Early memory node ranges
[    0.000000]   node   0: [mem 0x0000000040000000-0x000000005fffffff]
[    0.000000] Initmem setup node 0 [mem 0x0000000040000000-0x000000005fffffff]
[    0.000000] cma: Reserved 32 MiB at 0x000000005d400000
[    0.000000] psci: probing for conduit method from DT.
[    0.000000] psci: PSCIv0.2 detected in firmware.
[    0.000000] psci: Using standard PSCI v0.2 function IDs
[    0.000000] psci: Trusted OS migration not required
[    0.000000] percpu: Embedded 27 pages/cpu s72200 r8192 d30200 u110592
[    0.000000] Detected PIPT I-cache on CPU0
[    0.000000] CPU features: detected: Spectre-v2
[    0.000000] CPU features: detected: Spectre-v3a
[    0.000000] CPU features: detected: Spectre-v4
[    0.000000] CPU features: kernel page table isolation forced ON by KASLR
[    0.000000] CPU features: detected: Kernel page table isolation (KPTI)
[    0.000000] CPU features: detected: ARM erratum 834220
[    0.000000] CPU features: detected: ARM erratum 832075
[    0.000000] CPU features: detected: ARM errata 1165522, 1319367, or 1530923
[    0.000000] Built 1 zonelists, mobility grouping on.  Total pages: 129024
[    0.000000] Policy zone: DMA
[    0.000000] Kernel command line: console=ttyAMA0 rdinit=/init day30_verify_len=256 day30_verify_seed=0x41
[    0.000000] Unknown kernel command line parameters "day30_verify_len=256 day30_verify_seed=0x41", will be passed to user space.
[    0.000000] Dentry cache hash table entries: 65536 (order: 7, 524288 bytes, linear)
[    0.000000] Inode-cache hash table entries: 32768 (order: 6, 262144 bytes, linear)
[    0.000000] mem auto-init: stack:off, heap alloc:off, heap free:off
[    0.000000] Memory: 450000K/524288K available (10688K kernel code, 3264K rwdata, 6640K rodata, 7168K init, 444K bss, 41520K reserved, 32768K cma-reserved)
[    0.000000] SLUB: HWalign=64, Order=0-3, MinObjects=0, CPUs=1, Nodes=1
[    0.000000] ftrace: allocating 38233 entries in 150 pages
[    0.000000] ftrace: allocated 150 pages with 4 groups
[    0.000000] trace event string verifier disabled
[    0.000000] rcu: Preemptible hierarchical RCU implementation.
[    0.000000] rcu: 	RCU event tracing is enabled.
[    0.000000] rcu: 	RCU restricting CPUs from NR_CPUS=256 to nr_cpu_ids=1.
[    0.000000] 	Trampoline variant of Tasks RCU enabled.
[    0.000000] 	Rude variant of Tasks RCU enabled.
[    0.000000] rcu: RCU calculated value of scheduler-enlistment delay is 25 jiffies.
[    0.000000] rcu: Adjusting geometry for rcu_fanout_leaf=16, nr_cpu_ids=1
[    0.000000] NR_IRQS: 64, nr_irqs: 64, preallocated irqs: 0
[    0.000000] Root IRQ handler: gic_handle_irq
[    0.000000] GICv2m: range[mem 0x08020000-0x08020fff], SPI[80:143]
[    0.000000] random: get_random_bytes called from start_kernel+0x514/0x700 with crng_init=0
[    0.000000] arch_timer: cp15 timer(s) running at 62.50MHz (virt).
[    0.000000] clocksource: arch_sys_counter: mask: 0xffffffffffffff max_cycles: 0x1cd42e208c, max_idle_ns: 881590405314 ns
[    0.000049] sched_clock: 56 bits at 62MHz, resolution 16ns, wraps every 4398046511096ns
[    0.002335] Console: colour dummy device 80x25
[    0.003628] Calibrating delay loop (skipped), value calculated using timer frequency.. 125.00 BogoMIPS (lpj=250000)
[    0.003838] pid_max: default: 32768 minimum: 301
[    0.004377] LSM: Security Framework initializing
[    0.007011] Mount-cache hash table entries: 1024 (order: 1, 8192 bytes, linear)
[    0.007048] Mountpoint-cache hash table entries: 1024 (order: 1, 8192 bytes, linear)
[    0.023804] /cpus/cpu-map: empty cluster
[    0.028545] rcu: Hierarchical SRCU implementation.
[    0.031237] EFI services will not be available.
[    0.031660] smp: Bringing up secondary CPUs ...
[    0.031726] smp: Brought up 1 node, 1 CPU
[    0.031748] SMP: Total of 1 processors activated.
[    0.031797] CPU features: detected: 32-bit EL0 Support
[    0.031813] CPU features: detected: 32-bit EL1 Support
[    0.031857] CPU features: detected: CRC32 instructions
[    0.050487] CPU: All CPU(s) started at EL1
[    0.050781] alternatives: patching kernel code
[    0.060545] devtmpfs: initialized
[    0.065418] KASLR enabled
[    0.065996] clocksource: jiffies: mask: 0xffffffff max_cycles: 0xffffffff, max_idle_ns: 7645041785100000 ns
[    0.066119] futex hash table entries: 256 (order: 2, 16384 bytes, linear)
[    0.069346] pinctrl core: initialized pinctrl subsystem
[    0.075924] DMI not present or invalid.
[    0.082265] DMA: preallocated 128 KiB GFP_KERNEL pool for atomic allocations
[    0.082564] DMA: preallocated 128 KiB GFP_KERNEL|GFP_DMA pool for atomic allocations
[    0.082790] DMA: preallocated 128 KiB GFP_KERNEL|GFP_DMA32 pool for atomic allocations
[    0.085824] thermal_sys: Registered thermal governor 'step_wise'
[    0.085857] thermal_sys: Registered thermal governor 'power_allocator'
[    0.087611] cpuidle: using governor menu
[    0.088192] hw-breakpoint: found 6 breakpoint and 4 watchpoint registers.
[    0.088488] ASID allocator initialised with 32768 entries
[    0.090703] Serial: AMBA PL011 UART driver
[    0.129087] 9000000.pl011: ttyAMA0 at MMIO 0x9000000 (irq = 47, base_baud = 0) is a PL011 rev1
[    0.138821] printk: console [ttyAMA0] enabled
[    0.154976] HugeTLB registered 1.00 GiB page size, pre-allocated 0 pages
[    0.155125] HugeTLB registered 32.0 MiB page size, pre-allocated 0 pages
[    0.155243] HugeTLB registered 2.00 MiB page size, pre-allocated 0 pages
[    0.155357] HugeTLB registered 64.0 KiB page size, pre-allocated 0 pages
[    0.161920] cryptd: max_cpu_qlen set to 1000
[    0.169059] ACPI: Interpreter disabled.
[    0.173507] iommu: Default domain type: Translated 
[    0.173626] iommu: DMA domain TLB invalidation policy: strict mode 
[    0.174346] vgaarb: loaded
[    0.175080] SCSI subsystem initialized
[    0.176132] pps_core: LinuxPPS API ver. 1 registered
[    0.176242] pps_core: Software ver. 5.3.6 - Copyright 2005-2007 Rodolfo Giometti <giometti@linux.it>
[    0.176716] EDAC MC: Ver: 3.0.0
[    0.180552] FPGA manager framework
[    0.182446] clocksource: Switched to clocksource arch_sys_counter
[    0.211528] VFS: Disk quotas dquot_6.6.0
[    0.211727] VFS: Dquot-cache hash table entries: 512 (order 0, 4096 bytes)
[    0.212591] pnp: PnP ACPI: disabled
[    0.232265] PCI: CLS 0 bytes, default 64
[    0.234477] Unpacking initramfs...
[    0.244081] hw perfevents: enabled with armv8_pmuv3 PMU driver, 5 counters available
[    0.244572] kvm [1]: HYP mode not available
[    0.293193] Initialise system trusted keyrings
[    0.294708] workingset: timestamp_bits=42 max_order=17 bucket_order=0
[    0.301258] squashfs: version 4.0 (2009/01/31) Phillip Lougher
[    0.309817] Freeing initrd memory: 1928K
[    0.324488] Key type asymmetric registered
[    0.324651] Asymmetric key parser 'x509' registered
[    0.324912] Block layer SCSI generic (bsg) driver version 0.4 loaded (major 246)
[    0.325110] io scheduler mq-deadline registered
[    0.325228] io scheduler kyber registered
[    0.343552] pl061_gpio 9030000.pl061: PL061 GPIO chip registered
[    0.346292] pci-host-generic 4010000000.pcie: host bridge /pcie@10000000 ranges:
[    0.346855] pci-host-generic 4010000000.pcie:       IO 0x003eff0000..0x003effffff -> 0x0000000000
[    0.347324] pci-host-generic 4010000000.pcie:      MEM 0x0010000000..0x003efeffff -> 0x0010000000
[    0.347547] pci-host-generic 4010000000.pcie:      MEM 0x8000000000..0xffffffffff -> 0x8000000000
[    0.348054] pci-host-generic 4010000000.pcie: Memory resource size exceeds max for 32 bits
[    0.348508] pci-host-generic 4010000000.pcie: ECAM at [mem 0x4010000000-0x401fffffff] for [bus 00-ff]
[    0.349264] pci-host-generic 4010000000.pcie: PCI host bridge to bus 0000:00
[    0.349486] pci_bus 0000:00: root bus resource [bus 00-ff]
[    0.349623] pci_bus 0000:00: root bus resource [io  0x0000-0xffff]
[    0.349764] pci_bus 0000:00: root bus resource [mem 0x10000000-0x3efeffff]
[    0.349884] pci_bus 0000:00: root bus resource [mem 0x8000000000-0xffffffffff]
[    0.350784] pci 0000:00:00.0: [1b36:0008] type 00 class 0x060000
[    0.352873] pci 0000:00:01.0: [1af4:1000] type 00 class 0x020000
[    0.353174] pci 0000:00:01.0: reg 0x10: [io  0x0000-0x001f]
[    0.353320] pci 0000:00:01.0: reg 0x14: [mem 0x00000000-0x00000fff]
[    0.354198] pci 0000:00:01.0: reg 0x20: [mem 0x00000000-0x00003fff 64bit pref]
[    0.354494] pci 0000:00:01.0: reg 0x30: [mem 0x00000000-0x0007ffff pref]
[    0.355014] pci 0000:00:02.0: [1234:11e8] type 00 class 0x00ff00
[    0.355152] pci 0000:00:02.0: reg 0x10: [mem 0x00000000-0x000fffff]
[    0.356644] pci 0000:00:02.0: BAR 0: assigned [mem 0x10000000-0x100fffff]
[    0.356924] pci 0000:00:01.0: BAR 6: assigned [mem 0x10100000-0x1017ffff pref]
[    0.357144] pci 0000:00:01.0: BAR 4: assigned [mem 0x8000000000-0x8000003fff 64bit pref]
[    0.357327] pci 0000:00:01.0: BAR 1: assigned [mem 0x10180000-0x10180fff]
[    0.357456] pci 0000:00:01.0: BAR 0: assigned [io  0x1000-0x101f]
[    0.359447] EINJ: ACPI disabled.
[    0.391465] Serial: 8250/16550 driver, 4 ports, IRQ sharing enabled
[    0.395599] SuperH (H)SCI(F) driver initialized
[    0.396606] msm_serial: driver initialized
[    0.399653] cacheinfo: Unable to detect cache hierarchy for CPU 0
[    0.410594] loop: module loaded
[    0.415250] physmap-flash 0.flash: physmap platform flash device: [mem 0x00000000-0x03ffffff]
[    0.416362] 0.flash: Found 2 x16 devices at 0x0 in 32-bit bank. Manufacturer ID 0x000000 Chip ID 0x000000
[    0.417021] Intel/Sharp Extended Query Table at 0x0031
[    0.418091] Using buffer write method
[    0.418645] physmap-flash 0.flash: physmap platform flash device: [mem 0x04000000-0x07ffffff]
[    0.419871] 0.flash: Found 2 x16 devices at 0x0 in 32-bit bank. Manufacturer ID 0x000000 Chip ID 0x000000
[    0.420101] Intel/Sharp Extended Query Table at 0x0031
[    0.420603] Using buffer write method
[    0.420772] Concatenating MTD devices:
[    0.420858] (0): "0.flash"
[    0.420915] (1): "0.flash"
[    0.420970] into device "0.flash"
[    0.437680] VFIO - User Level meta-driver version: 0.3
[    0.441123] rtc-pl031 9010000.pl031: registered as rtc0
[    0.441564] rtc-pl031 9010000.pl031: setting system clock to 2026-03-22T08:44:34 UTC (1774169074)
[    0.443067] i2c_dev: i2c /dev entries driver
[    0.452919] sdhci: Secure Digital Host Controller Interface driver
[    0.453048] sdhci: Copyright(c) Pierre Ossman
[    0.454161] Synopsys Designware Multimedia Card Interface Driver
[    0.455916] sdhci-pltfm: SDHCI platform and OF driver helper
[    0.458738] ledtrig-cpu: registered to indicate activity on CPUs
[    0.469370] Loading compiled-in X.509 certificates
[    0.476609] uart-pl011 9000000.pl011: no DMA platform data
[    0.511105] Freeing unused kernel memory: 7168K
[    0.512151] Run /init as init process
===DAY30:BOOT===
[day30-guest] verify_len=256 verify_seed=0x41 driver_default_dma_mask_bits=32
===DAY30:LSPCI_NN:BEGIN===
00:00.0 Class [0600]: Device [1b36:0008]
00:01.0 Class [0200]: Device [1af4:1000]
00:02.0 Class [00ff]: Device [1234:11e8] (rev 10)
===DAY30:LSPCI_NN:END===
===DAY30:LSPCI_VV_NN:BEGIN===
00:00.0 Class [0600]: Device [1b36:0008]
	Subsystem: Device [1af4:1100]
	Control: I/O- Mem- BusMaster- SpecCycle- MemWINV- VGASnoop- ParErr- Stepping- SERR- FastB2B- DisINTx-
	Status: Cap- 66MHz- UDF- FastB2B- ParErr- DEVSEL=fast >TAbort- <TAbort- <MAbort- >SERR- <PERR- INTx-

00:01.0 Class [0200]: Device [1af4:1000]
	Subsystem: Device [1af4:0001]
	Control: I/O- Mem- BusMaster- SpecCycle- MemWINV- VGASnoop- ParErr- Stepping- SERR- FastB2B- DisINTx-
	Status: Cap+ 66MHz- UDF- FastB2B- ParErr- DEVSEL=fast >TAbort- <TAbort- <MAbort- >SERR- <PERR- INTx-
	Interrupt: pin A routed to IRQ 0
	Region 0: I/O ports at 1000 [disabled] [size=32]
	Region 1: Memory at 10180000 (32-bit, non-prefetchable) [disabled] [size=4K]
	Region 4: Memory at 8000000000 (64-bit, prefetchable) [disabled] [size=16K]
	Expansion ROM at 10100000 [virtual] [disabled] [size=512K]
	Capabilities: [98] MSI-X: Enable- Count=4 Masked-
		Vector table: BAR=1 offset=00000000
		PBA: BAR=1 offset=00000800
	Capabilities: [84] Vendor Specific Information: VirtIO: <unknown>
		BAR=0 offset=00000000 size=00000000
	Capabilities: [70] Vendor Specific Information: VirtIO: Notify
		BAR=4 offset=00003000 size=00001000 multiplier=00000004
	Capabilities: [60] Vendor Specific Information: VirtIO: DeviceCfg
		BAR=4 offset=00002000 size=00001000
	Capabilities: [50] Vendor Specific Information: VirtIO: ISR
		BAR=4 offset=00001000 size=00001000
	Capabilities: [40] Vendor Specific Information: VirtIO: CommonCfg
		BAR=4 offset=00000000 size=00001000

00:02.0 Class [00ff]: Device [1234:11e8] (rev 10)
	Subsystem: Device [1af4:1100]
	Control: I/O- Mem- BusMaster- SpecCycle- MemWINV- VGASnoop- ParErr- Stepping- SERR- FastB2B- DisINTx-
	Status: Cap+ 66MHz- UDF- FastB2B- ParErr- DEVSEL=fast >TAbort- <TAbort- <MAbort- >SERR- <PERR- INTx-
	Interrupt: pin A routed to IRQ 0
	Region 0: Memory at 10000000 (32-bit, non-prefetchable) [disabled] [size=1M]
	Capabilities: [40] MSI: Enable- Count=1/1 Maskable- 64bit+
		Address: 0000000000000000  Data: 0000

===DAY30:LSPCI_VV_NN:END===
[    0.661193] day30_edu_mmap: loading out-of-tree module taints kernel.
[    0.666914] day30_edu_mmap 0000:00:02.0: probe enter: 1234:11e8
[    0.667348] day30_edu_mmap 0000:00:02.0: enabling device (0000 -> 0002)
[    0.667825] day30_edu_mmap 0000:00:02.0: dma mask set to 32 bits
[    0.668210] day30_edu_mmap 0000:00:02.0: BAR0: start=0x10000000 len=0x100000 flags=0x40200
[    0.668460] day30_edu_mmap 0000:00:02.0: ident=0x010000ed liveness=0x00000000
[    0.668903] day30_edu_mmap 0000:00:02.0: dma_alloc_coherent ok: virt=ffff02ed42ad7000 dma=0x42ad7000 bytes=4096
[    0.670608] day30_edu_mmap 0000:00:02.0: MSI vector=50 enabled=1
[    0.671637] day30_edu_mmap 0000:00:02.0: probe success
[    0.672025] day30_edu_mmap: init ok
===DAY30:TOOL_INFO:BEGIN===
tool_api_version=1
vendor=0x1234 device=0x11e8
irq_vector=50 irq_count=0 msi_enabled=1
last_irq_status=0x00000000 last_ack_value=0x00000000
bar0_start=0x10000000 bar0_len=0x100000
dma_handle=0x42ad7000 dma_bytes=4096 dma_mask_bits=32
map_bytes=4096 src_off=0 dst_off=2048 max_verify_len=2048
run_len=0 run_seed=0x0 run_ok=0 run_error=0
last_irq_delta=0 last_dma_cmd=0x00000000
mmap_ok=0 mmap_error=0 mmap_len=0 mmap_pgoff=0
===DAY30:TOOL_INFO:END===
===DAY30:DEVICE_STATE_BEFORE:BEGIN===
vendor=0x1234 device=0x11e8
bar0_start=0x10000000 bar0_len=0x100000
irq_vector=50 irq_count=0 msi_enabled=1
last_irq_status=0x00000000 last_ack_value=0x00000000
dma_handle=0x42ad7000 dma_bytes=4096 dma_mask_bits=32
map_bytes=4096 src_off=0 dst_off=2048 max_verify_len=2048
run_len=0 run_seed=0x0 run_ok=0 run_error=0
last_irq_delta=0 last_dma_cmd=0x00000000
mmap_ok=0 mmap_error=0 mm===DAY30:DEVICE_STATE_BEFORE:END===
===DAY30:INVALID_MMAP_LEN:BEGIN===
[    1.710621] day30_edu_mmap 0000:00:02.0: mmap ok: len=4096 pgoff=0 dma=0x42ad7000
unexpected success: invalid length 2048 should be rejected
===DAY30:INVALID_MMAP_LEN:END===
===DAY30:INVALID_MMAP_OFFSET:BEGIN===
[    1.717727] day30_edu_mmap 0000:00:02.0: mmap rejected: pgoff=1 expected=0
expected failure: invalid offset rejected, page_off=1 errno=22(Invalid argument)
===DAY30:INVALID_MMAP_OFFSET:END===
===DAY30:MMAP_VERIFY:BEGIN===
[    1.723897] day30_edu_mmap 0000:00:02.0: mmap ok: len=4096 pgoff=0 dma=0x42ad7000
[    1.724289] day30_edu_mmap 0000:00:02.0: run_dma start: len=256 seed=0x41 src_dma=0x42ad7000 dst_dma=0x42ad7800
[    1.824539] day30_edu_mmap 0000:00:02.0: irq handler: irq=50 status=0x00000100 count=1
[    1.935682] day30_edu_mmap 0000:00:02.0: irq handler: irq=50 status=0x00000100 count=2
[    1.935917] day30_edu_mmap 0000:00:02.0: run_dma ok: len=256 seed=0x41 irq_delta=2
verify_len=256
verify_seed=0x41
verify_ok=1
mismatch_index=-1
mismatch_expected=0x00
mismatch_actual=0x00
run_ok=1
run_error=0
irq_delta=2
last_dma_cmd=0x00000007
mmap_ok=1
mmap_error=0
mmap_len=4096
mmap_pgoff=0
===DAY30:MMAP_VERIFY:END===
===DAY30:RUN_RESULT:BEGIN===
run_len=256
run_seed=0x41
run_ok=1
run_error=0
irq_delta=2
last_dma_cmd=0x00000007
mmap_ok=1
mmap_error=0
mmap_len=4096
mmap_pgoff=0
===DAY30:RUN_RESULT:END===
===DAY30:DEVICE_STATE_AFTER:BEGIN===
vendor=0x1234 device=0x11e8
bar0_start=0x10000000 bar0_len=0x100000
irq_vector=50 irq_count=2 msi_enabled=1
last_irq_status=0x00000100 last_ack_value=0x00000100
dma_handle=0x42ad7000 dma_bytes=4096 dma_mask_bits=32
map_bytes=4096 src_off=0 dst_off=2048 max_verify_len=2048
run_len=256 run_seed=0x41 run_ok=1 run_error=0
last_irq_delta=2 last_dma_cmd=0x00000007
mmap_ok=1 mmap_error=0===DAY30:DEVICE_STATE_AFTER:END===
===DAY30:PROC_INTERRUPTS_AFTER:BEGIN===
           CPU0       
 11:         72     GIC-0  27 Level     arch_timer
 46:          0     GIC-0  34 Level     rtc-pl031
 47:          0     GIC-0  33 Level     uart-pl011
 48:          0     GIC-0  23 Level     arm-pmu
 50:          2       MSI 32768 Edge      day30_edu_mmap
IPI0:         0       Rescheduling interrupts
IPI1:         0       Function call interrupts
IPI2:         0       CPU stop interrupts
IPI3:         0       CPU stop (for crash dump) interrupts
IPI4:         0       Timer broadcast interrupts
IPI5:         0       IRQ work interrupts
IPI6:         0       CPU wake-up interrupts
Err:          0
===DAY30:PROC_INTERRUPTS_AFTER:END===
===DAY30:DMESG_DRIVER:BEGIN===
[    0.355014] pci 0000:00:02.0: [1234:11e8] type 00 class 0x00ff00
[    0.661193] day30_edu_mmap: loading out-of-tree module taints kernel.
[    0.666914] day30_edu_mmap 0000:00:02.0: probe enter: 1234:11e8
[    0.667348] day30_edu_mmap 0000:00:02.0: enabling device (0000 -> 0002)
[    0.667825] day30_edu_mmap 0000:00:02.0: dma mask set to 32 bits
[    0.668210] day30_edu_mmap 0000:00:02.0: BAR0: start=0x10000000 len=0x100000 flags=0x40200
[    0.668460] day30_edu_mmap 0000:00:02.0: ident=0x010000ed liveness=0x00000000
[    0.668903] day30_edu_mmap 0000:00:02.0: dma_alloc_coherent ok: virt=ffff02ed42ad7000 dma=0x42ad7000 bytes=4096
[    0.670608] day30_edu_mmap 0000:00:02.0: MSI vector=50 enabled=1
[    0.671637] day30_edu_mmap 0000:00:02.0: probe success
[    0.672025] day30_edu_mmap: init ok
[    1.710621] day30_edu_mmap 0000:00:02.0: mmap ok: len=4096 pgoff=0 dma=0x42ad7000
[    1.717727] day30_edu_mmap 0000:00:02.0: mmap rejected: pgoff=1 expected=0
[    1.723897] day30_edu_mmap 0000:00:02.0: mmap ok: len=4096 pgoff=0 dma=0x42ad7000
[    1.724289] day30_edu_mmap 0000:00:02.0: run_dma start: len=256 seed=0x41 src_dma=0x42ad7000 dst_dma=0x42ad7800
[    1.824539] day30_edu_mmap 0000:00:02.0: irq handler: irq=50 status=0x00000100 count=1
[    1.935682] day30_edu_mmap 0000:00:02.0: irq handler: irq=50 status=0x00000100 count=2
[    1.935917] day30_edu_mmap 0000:00:02.0: run_dma ok: len=256 seed=0x41 irq_delta=2
===DAY30:DMESG_DRIVER:END===
===DAY30:COMPLETE===
[    1.986649] Flash device refused suspend due to active operation (state 20)
[    1.986850] Flash device refused suspend due to active operation (state 20)
[    1.987263] reboot: Power down
