[    0.000000] Booting Linux on physical CPU 0x0000000000 [0x411fd070]
[    0.000000] Linux version 5.15.10 (wq7@wq7-virtual-machine) (aarch64-linux-gnu-gcc (Ubuntu 11.4.0-1ubuntu1~22.04) 11.4.0, GNU ld (GNU Binutils for Ubuntu) 2.38) #9 SMP PREEMPT Mon Mar 16 23:06:44 CST 2026
[    0.000000] Machine model: linux,dummy-virt
[    0.000000] efi: UEFI not found.
[    0.000000] NUMA: No NUMA configuration found
[    0.000000] NUMA: Faking a node at [mem 0x0000000040000000-0x000000007fffffff]
[    0.000000] NUMA: NODE_DATA [mem 0x7fdefc00-0x7fdf1fff]
[    0.000000] Zone ranges:
[    0.000000]   DMA      [mem 0x0000000040000000-0x000000007fffffff]
[    0.000000]   DMA32    empty
[    0.000000]   Normal   empty
[    0.000000] Movable zone start for each node
[    0.000000] Early memory node ranges
[    0.000000]   node   0: [mem 0x0000000040000000-0x000000007fffffff]
[    0.000000] Initmem setup node 0 [mem 0x0000000040000000-0x000000007fffffff]
[    0.000000] cma: Reserved 32 MiB at 0x000000007cc00000
[    0.000000] psci: probing for conduit method from DT.
[    0.000000] psci: PSCIv0.2 detected in firmware.
[    0.000000] psci: Using standard PSCI v0.2 function IDs
[    0.000000] psci: Trusted OS migration not required
[    0.000000] percpu: Embedded 27 pages/cpu s72200 r8192 d30200 u110592
[    0.000000] Detected PIPT I-cache on CPU0
[    0.000000] CPU features: detected: Spectre-v2
[    0.000000] CPU features: detected: Spectre-v3a
[    0.000000] CPU features: detected: Spectre-v4
[    0.000000] CPU features: kernel page table isolation forced ON by KASLR
[    0.000000] CPU features: detected: Kernel page table isolation (KPTI)
[    0.000000] CPU features: detected: ARM erratum 834220
[    0.000000] CPU features: detected: ARM erratum 832075
[    0.000000] CPU features: detected: ARM errata 1165522, 1319367, or 1530923
[    0.000000] Built 1 zonelists, mobility grouping on.  Total pages: 258048
[    0.000000] Policy zone: DMA
[    0.000000] Kernel command line: console=ttyAMA0 rdinit=/init
[    0.000000] Dentry cache hash table entries: 131072 (order: 8, 1048576 bytes, linear)
[    0.000000] Inode-cache hash table entries: 65536 (order: 7, 524288 bytes, linear)
[    0.000000] mem auto-init: stack:off, heap alloc:off, heap free:off
[    0.000000] Memory: 964304K/1048576K available (10688K kernel code, 3264K rwdata, 6640K rodata, 7168K init, 444K bss, 51504K reserved, 32768K cma-reserved)
[    0.000000] SLUB: HWalign=64, Order=0-3, MinObjects=0, CPUs=1, Nodes=1
[    0.000000] ftrace: allocating 38233 entries in 150 pages
[    0.000000] ftrace: allocated 150 pages with 4 groups
[    0.000000] trace event string verifier disabled
[    0.000000] rcu: Preemptible hierarchical RCU implementation.
[    0.000000] rcu: 	RCU event tracing is enabled.
[    0.000000] rcu: 	RCU restricting CPUs from NR_CPUS=256 to nr_cpu_ids=1.
[    0.000000] 	Trampoline variant of Tasks RCU enabled.
[    0.000000] 	Rude variant of Tasks RCU enabled.
[    0.000000] rcu: RCU calculated value of scheduler-enlistment delay is 25 jiffies.
[    0.000000] rcu: Adjusting geometry for rcu_fanout_leaf=16, nr_cpu_ids=1
[    0.000000] NR_IRQS: 64, nr_irqs: 64, preallocated irqs: 0
[    0.000000] Root IRQ handler: gic_handle_irq
[    0.000000] GICv2m: range[mem 0x08020000-0x08020fff], SPI[80:143]
[    0.000000] random: get_random_bytes called from start_kernel+0x514/0x700 with crng_init=0
[    0.000000] arch_timer: cp15 timer(s) running at 62.50MHz (virt).
[    0.000000] clocksource: arch_sys_counter: mask: 0xffffffffffffff max_cycles: 0x1cd42e208c, max_idle_ns: 881590405314 ns
[    0.000049] sched_clock: 56 bits at 62MHz, resolution 16ns, wraps every 4398046511096ns
[    0.002326] Console: colour dummy device 80x25
[    0.003611] Calibrating delay loop (skipped), value calculated using timer frequency.. 125.00 BogoMIPS (lpj=250000)
[    0.003722] pid_max: default: 32768 minimum: 301
[    0.004270] LSM: Security Framework initializing
[    0.004898] Mount-cache hash table entries: 2048 (order: 2, 16384 bytes, linear)
[    0.004930] Mountpoint-cache hash table entries: 2048 (order: 2, 16384 bytes, linear)
[    0.022558] /cpus/cpu-map: empty cluster
[    0.027445] rcu: Hierarchical SRCU implementation.
[    0.030668] EFI services will not be available.
[    0.031452] smp: Bringing up secondary CPUs ...
[    0.031516] smp: Brought up 1 node, 1 CPU
[    0.031538] SMP: Total of 1 processors activated.
[    0.031586] CPU features: detected: 32-bit EL0 Support
[    0.031602] CPU features: detected: 32-bit EL1 Support
[    0.031651] CPU features: detected: CRC32 instructions
[    0.049830] CPU: All CPU(s) started at EL1
[    0.050278] alternatives: patching kernel code
[    0.058986] devtmpfs: initialized
[    0.064526] KASLR enabled
[    0.065157] clocksource: jiffies: mask: 0xffffffff max_cycles: 0xffffffff, max_idle_ns: 7645041785100000 ns
[    0.065265] futex hash table entries: 256 (order: 2, 16384 bytes, linear)
[    0.068072] pinctrl core: initialized pinctrl subsystem
[    0.074520] DMI not present or invalid.
[    0.080817] DMA: preallocated 128 KiB GFP_KERNEL pool for atomic allocations
[    0.081084] DMA: preallocated 128 KiB GFP_KERNEL|GFP_DMA pool for atomic allocations
[    0.081344] DMA: preallocated 128 KiB GFP_KERNEL|GFP_DMA32 pool for atomic allocations
[    0.083894] thermal_sys: Registered thermal governor 'step_wise'
[    0.083922] thermal_sys: Registered thermal governor 'power_allocator'
[    0.084834] cpuidle: using governor menu
[    0.085389] hw-breakpoint: found 6 breakpoint and 4 watchpoint registers.
[    0.085691] ASID allocator initialised with 32768 entries
[    0.088516] Serial: AMBA PL011 UART driver
[    0.124525] 9000000.pl011: ttyAMA0 at MMIO 0x9000000 (irq = 47, base_baud = 0) is a PL011 rev1
[    0.133718] printk: console [ttyAMA0] enabled
[    0.148082] HugeTLB registered 1.00 GiB page size, pre-allocated 0 pages
[    0.148232] HugeTLB registered 32.0 MiB page size, pre-allocated 0 pages
[    0.148348] HugeTLB registered 2.00 MiB page size, pre-allocated 0 pages
[    0.148462] HugeTLB registered 64.0 KiB page size, pre-allocated 0 pages
[    0.155690] cryptd: max_cpu_qlen set to 1000
[    0.160765] ACPI: Interpreter disabled.
[    0.165037] iommu: Default domain type: Translated 
[    0.165188] iommu: DMA domain TLB invalidation policy: strict mode 
[    0.165889] vgaarb: loaded
[    0.166609] SCSI subsystem initialized
[    0.167583] pps_core: LinuxPPS API ver. 1 registered
[    0.167690] pps_core: Software ver. 5.3.6 - Copyright 2005-2007 Rodolfo Giometti <giometti@linux.it>
[    0.168135] EDAC MC: Ver: 3.0.0
[    0.172546] FPGA manager framework
[    0.174461] clocksource: Switched to clocksource arch_sys_counter
[    0.202287] VFS: Disk quotas dquot_6.6.0
[    0.203108] VFS: Dquot-cache hash table entries: 512 (order 0, 4096 bytes)
[    0.204303] pnp: PnP ACPI: disabled
[    0.222659] PCI: CLS 0 bytes, default 64
[    0.224913] Unpacking initramfs...
[    0.236792] hw perfevents: enabled with armv8_pmuv3 PMU driver, 5 counters available
[    0.237355] kvm [1]: HYP mode not available
[    0.285450] Initialise system trusted keyrings
[    0.305759] Freeing initrd memory: 1924K
[    0.306718] workingset: timestamp_bits=42 max_order=18 bucket_order=0
[    0.313258] squashfs: version 4.0 (2009/01/31) Phillip Lougher
[    0.328609] Key type asymmetric registered
[    0.328741] Asymmetric key parser 'x509' registered
[    0.328995] Block layer SCSI generic (bsg) driver version 0.4 loaded (major 246)
[    0.329193] io scheduler mq-deadline registered
[    0.329309] io scheduler kyber registered
[    0.347906] pl061_gpio 9030000.pl061: PL061 GPIO chip registered
[    0.350654] pci-host-generic 4010000000.pcie: host bridge /pcie@10000000 ranges:
[    0.351251] pci-host-generic 4010000000.pcie:       IO 0x003eff0000..0x003effffff -> 0x0000000000
[    0.351711] pci-host-generic 4010000000.pcie:      MEM 0x0010000000..0x003efeffff -> 0x0010000000
[    0.351908] pci-host-generic 4010000000.pcie:      MEM 0x8000000000..0xffffffffff -> 0x8000000000
[    0.352395] pci-host-generic 4010000000.pcie: Memory resource size exceeds max for 32 bits
[    0.352838] pci-host-generic 4010000000.pcie: ECAM at [mem 0x4010000000-0x401fffffff] for [bus 00-ff]
[    0.353580] pci-host-generic 4010000000.pcie: PCI host bridge to bus 0000:00
[    0.353805] pci_bus 0000:00: root bus resource [bus 00-ff]
[    0.353935] pci_bus 0000:00: root bus resource [io  0x0000-0xffff]
[    0.354074] pci_bus 0000:00: root bus resource [mem 0x10000000-0x3efeffff]
[    0.354194] pci_bus 0000:00: root bus resource [mem 0x8000000000-0xffffffffff]
[    0.355111] pci 0000:00:00.0: [1b36:0008] type 00 class 0x060000
[    0.357173] pci 0000:00:01.0: [1af4:1000] type 00 class 0x020000
[    0.357460] pci 0000:00:01.0: reg 0x10: [io  0x0000-0x001f]
[    0.357588] pci 0000:00:01.0: reg 0x14: [mem 0x00000000-0x00000fff]
[    0.357753] pci 0000:00:01.0: reg 0x20: [mem 0x00000000-0x00003fff 64bit pref]
[    0.357932] pci 0000:00:01.0: reg 0x30: [mem 0x00000000-0x0007ffff pref]
[    0.358362] pci 0000:00:02.0: [1af4:1110] type 00 class 0x050000
[    0.358496] pci 0000:00:02.0: reg 0x10: [mem 0x00000000-0x000000ff]
[    0.358627] pci 0000:00:02.0: reg 0x18: [mem 0x00000000-0x003fffff 64bit pref]
[    0.360094] pci 0000:00:02.0: BAR 2: assigned [mem 0x8000000000-0x80003fffff 64bit pref]
[    0.360392] pci 0000:00:01.0: BAR 6: assigned [mem 0x10000000-0x1007ffff pref]
[    0.360589] pci 0000:00:01.0: BAR 4: assigned [mem 0x8000400000-0x8000403fff 64bit pref]
[    0.360750] pci 0000:00:01.0: BAR 1: assigned [mem 0x10080000-0x10080fff]
[    0.360898] pci 0000:00:02.0: BAR 0: assigned [mem 0x10081000-0x100810ff]
[    0.361035] pci 0000:00:01.0: BAR 0: assigned [io  0x1000-0x101f]
[    0.363268] EINJ: ACPI disabled.
[    0.395275] Serial: 8250/16550 driver, 4 ports, IRQ sharing enabled
[    0.399413] SuperH (H)SCI(F) driver initialized
[    0.400394] msm_serial: driver initialized
[    0.403377] cacheinfo: Unable to detect cache hierarchy for CPU 0
[    0.413998] loop: module loaded
[    0.418603] physmap-flash 0.flash: physmap platform flash device: [mem 0x00000000-0x03ffffff]
[    0.420160] 0.flash: Found 2 x16 devices at 0x0 in 32-bit bank. Manufacturer ID 0x000000 Chip ID 0x000000
[    0.420592] Intel/Sharp Extended Query Table at 0x0031
[    0.421173] Using buffer write method
[    0.421611] physmap-flash 0.flash: physmap platform flash device: [mem 0x04000000-0x07ffffff]
[    0.422129] 0.flash: Found 2 x16 devices at 0x0 in 32-bit bank. Manufacturer ID 0x000000 Chip ID 0x000000
[    0.422321] Intel/Sharp Extended Query Table at 0x0031
[    0.422759] Using buffer write method
[    0.422902] Concatenating MTD devices:
[    0.423001] (0): "0.flash"
[    0.423064] (1): "0.flash"
[    0.423129] into device "0.flash"
[    0.437614] VFIO - User Level meta-driver version: 0.3
[    0.441921] rtc-pl031 9010000.pl031: registered as rtc0
[    0.442385] rtc-pl031 9010000.pl031: setting system clock to 2026-03-21T11:56:34 UTC (1774094194)
[    0.444167] i2c_dev: i2c /dev entries driver
[    0.452163] sdhci: Secure Digital Host Controller Interface driver
[    0.452304] sdhci: Copyright(c) Pierre Ossman
[    0.453420] Synopsys Designware Multimedia Card Interface Driver
[    0.455164] sdhci-pltfm: SDHCI platform and OF driver helper
[    0.458712] ledtrig-cpu: registered to indicate activity on CPUs
[    0.468615] Loading compiled-in X.509 certificates
[    0.475717] uart-pl011 9000000.pl011: no DMA platform data
[    0.509045] Freeing unused kernel memory: 7168K
[    0.521067] Run /init as init process
[day24-guest] uname: Linux (none) 5.15.10 #9 SMP PREEMPT Mon Mar 16 23:06:44 CST 2026 aarch64 GNU/Linux
[day24-guest] starting automatic MMIO flow
===DAY24:LSPCI_NN:BEGIN===
00:00.0 Class [0600]: Device [1b36:0008]
00:01.0 Class [0200]: Device [1af4:1000]
00:02.0 Class [0500]: Device [1af4:1110] (rev 01)
===DAY24:LSPCI_NN:END===
===DAY24:LSPCI_VV_NN:BEGIN===
00:00.0 Class [0600]: Device [1b36:0008]
	Subsystem: Device [1af4:1100]
	Control: I/O- Mem- BusMaster- SpecCycle- MemWINV- VGASnoop- ParErr- Stepping- SERR- FastB2B- DisINTx-
	Status: Cap- 66MHz- UDF- FastB2B- ParErr- DEVSEL=fast >TAbort- <TAbort- <MAbort- >SERR- <PERR- INTx-

00:01.0 Class [0200]: Device [1af4:1000]
	Subsystem: Device [1af4:0001]
	Control: I/O- Mem- BusMaster- SpecCycle- MemWINV- VGASnoop- ParErr- Stepping- SERR- FastB2B- DisINTx-
	Status: Cap+ 66MHz- UDF- FastB2B- ParErr- DEVSEL=fast >TAbort- <TAbort- <MAbort- >SERR- <PERR- INTx-
	Interrupt: pin A routed to IRQ 0
	Region 0: I/O ports at 1000 [disabled] [size=32]
	Region 1: Memory at 10080000 (32-bit, non-prefetchable) [disabled] [size=4K]
	Region 4: Memory at 8000400000 (64-bit, prefetchable) [disabled] [size=16K]
	Expansion ROM at 10000000 [virtual] [disabled] [size=512K]
	Capabilities: [98] MSI-X: Enable- Count=4 Masked-
		Vector table: BAR=1 offset=00000000
		PBA: BAR=1 offset=00000800
	Capabilities: [84] Vendor Specific Information: VirtIO: <unknown>
		BAR=0 offset=00000000 size=00000000
	Capabilities: [70] Vendor Specific Information: VirtIO: Notify
		BAR=4 offset=00003000 size=00001000 multiplier=00000004
	Capabilities: [60] Vendor Specific Information: VirtIO: DeviceCfg
		BAR=4 offset=00002000 size=00001000
	Capabilities: [50] Vendor Specific Information: VirtIO: ISR
		BAR=4 offset=00001000 size=00001000
	Capabilities: [40] Vendor Specific Information: VirtIO: CommonCfg
		BAR=4 offset=00000000 size=00001000

00:02.0 Class [0500]: Device [1af4:1110] (rev 01)
	Subsystem: Device [1af4:1100]
	Control: I/O- Mem- BusMaster- SpecCycle- MemWINV- VGASnoop- ParErr- Stepping- SERR- FastB2B- DisINTx-
	Status: Cap- 66MHz- UDF- FastB2B- ParErr- DEVSEL=fast >TAbort- <TAbort- <MAbort- >SERR- <PERR- INTx-
	Region 0: Memory at 10081000 (32-bit, non-prefetchable) [disabled] [size=256]
	Region 2: Memory at 8000000000 (64-bit, prefetchable) [disabled] [size=4M]

===DAY24:LSPCI_VV_NN:END===
[    0.649064] day24_ivshmem_mmio: loading out-of-tree module taints kernel.
[    0.654118] day24_ivshmem_mmio 0000:00:02.0: probe enter: vendor=1af4 device=1110 class=0x050000 irq=0
[    0.655026] day24_ivshmem_mmio 0000:00:02.0: enabling device (0000 -> 0002)
[    0.655794] day24_ivshmem_mmio 0000:00:02.0: BAR0: start=0x0000000010081000 end=0x00000000100810ff len=0x0000000000000100 flags=0x40200
[    0.656042] day24_ivshmem_mmio 0000:00:02.0: BAR2: start=0x0000008000000000 end=0x00000080003fffff len=0x0000000000400000 flags=0x14220c
[    0.656404] day24_ivshmem_mmio 0000:00:02.0: BAR0 mapped: vaddr=(____ptrval____)
[    0.656624] day24_ivshmem_mmio 0000:00:02.0: BAR2 mapped: vaddr=(____ptrval____)
[    0.656764] day24_ivshmem_mmio 0000:00:02.0: BAR0 first dword=0x00000000
[    0.658113] day24_ivshmem_mmio 0000:00:02.0: protocol header initialized: magic=0x44593234 version=1 payload_cap=256
[    0.658615] day24_ivshmem_mmio 0000:00:02.0: probe success: device=day24_ivshmem0 payload_cap=256
===DAY24:INSMOD:OK===
===DAY24:MMIO_INFO:BEGIN===
vendor=0x1af4 device=0x1110
bar0_first_dword=0x00000000
proto_magic=0x44593234 proto_version=1 seq=0 state=1 payload_len=0
BAR0 start=0x0000000010081000 end=0x00000000100810ff len=0x0000000000000100 flags=0x0000000000040200
BAR2 start=0x0000008000000000 end=0x00000080003fffff len=0x0000000000400000 flags=0x000000000014220c
===DAY24:MMIO_INFO:END===
===DAY24:MMIO_READ_BEFORE:BEGIN===
mmio-read ok: offset=0x0000000c value=0x00000001
===DAY24:MMIO_READ_BEFORE:END===
===DAY24:MMIO_WRITE_STATE:BEGIN===
[    1.701842] day24_ivshmem_mmio 0000:00:02.0: MMIO write: offset=0x0000000c value=0x00000003 seq=1
mmio-write ok: offset=0x0000000c value=0x00000003
===DAY24:MMIO_WRITE_STATE:END===
===DAY24:MMIO_READ_AFTER:BEGIN===
mmio-read ok: offset=0x0000000c value=0x00000003
===DAY24:MMIO_READ_AFTER:END===
===DAY24:SHM_WRITE:BEGIN===
[    1.713045] day24_ivshmem_mmio 0000:00:02.0: payload write: count=19 new_len=19 seq=2
shm-write ok: wrote=19 text=hello_day24_ivshmem
===DAY24:SHM_WRITE:END===
===DAY24:SHM_READ:BEGIN===
shm-read ok: read=19 text=hello_day24_ivshmem
===DAY24:SHM_READ:END===
===DAY24:DMESG_DRIVER:BEGIN===
[    0.124525] 9000000.pl011: ttyAMA0 at MMIO 0x9000000 (irq = 47, base_baud = 0) is a PL011 rev1
[    0.222659] PCI: CLS 0 bytes, default 64
[    0.350654] pci-host-generic 4010000000.pcie: host bridge /pcie@10000000 ranges:
[    0.351251] pci-host-generic 4010000000.pcie:       IO 0x003eff0000..0x003effffff -> 0x0000000000
[    0.351711] pci-host-generic 4010000000.pcie:      MEM 0x0010000000..0x003efeffff -> 0x0010000000
[    0.351908] pci-host-generic 4010000000.pcie:      MEM 0x8000000000..0xffffffffff -> 0x8000000000
[    0.352395] pci-host-generic 4010000000.pcie: Memory resource size exceeds max for 32 bits
[    0.352838] pci-host-generic 4010000000.pcie: ECAM at [mem 0x4010000000-0x401fffffff] for [bus 00-ff]
[    0.353580] pci-host-generic 4010000000.pcie: PCI host bridge to bus 0000:00
[    0.353805] pci_bus 0000:00: root bus resource [bus 00-ff]
[    0.353935] pci_bus 0000:00: root bus resource [io  0x0000-0xffff]
[    0.354074] pci_bus 0000:00: root bus resource [mem 0x10000000-0x3efeffff]
[    0.354194] pci_bus 0000:00: root bus resource [mem 0x8000000000-0xffffffffff]
[    0.355111] pci 0000:00:00.0: [1b36:0008] type 00 class 0x060000
[    0.357173] pci 0000:00:01.0: [1af4:1000] type 00 class 0x020000
[    0.357460] pci 0000:00:01.0: reg 0x10: [io  0x0000-0x001f]
[    0.357588] pci 0000:00:01.0: reg 0x14: [mem 0x00000000-0x00000fff]
[    0.357753] pci 0000:00:01.0: reg 0x20: [mem 0x00000000-0x00003fff 64bit pref]
[    0.357932] pci 0000:00:01.0: reg 0x30: [mem 0x00000000-0x0007ffff pref]
[    0.358362] pci 0000:00:02.0: [1af4:1110] type 00 class 0x050000
[    0.358496] pci 0000:00:02.0: reg 0x10: [mem 0x00000000-0x000000ff]
[    0.358627] pci 0000:00:02.0: reg 0x18: [mem 0x00000000-0x003fffff 64bit pref]
[    0.360094] pci 0000:00:02.0: BAR 2: assigned [mem 0x8000000000-0x80003fffff 64bit pref]
[    0.360392] pci 0000:00:01.0: BAR 6: assigned [mem 0x10000000-0x1007ffff pref]
[    0.360589] pci 0000:00:01.0: BAR 4: assigned [mem 0x8000400000-0x8000403fff 64bit pref]
[    0.360750] pci 0000:00:01.0: BAR 1: assigned [mem 0x10080000-0x10080fff]
[    0.360898] pci 0000:00:02.0: BAR 0: assigned [mem 0x10081000-0x100810ff]
[    0.361035] pci 0000:00:01.0: BAR 0: assigned [io  0x1000-0x101f]
[    0.649064] day24_ivshmem_mmio: loading out-of-tree module taints kernel.
[    0.654118] day24_ivshmem_mmio 0000:00:02.0: probe enter: vendor=1af4 device=1110 class=0x050000 irq=0
[    0.655026] day24_ivshmem_mmio 0000:00:02.0: enabling device (0000 -> 0002)
[    0.655794] day24_ivshmem_mmio 0000:00:02.0: BAR0: start=0x0000000010081000 end=0x00000000100810ff len=0x0000000000000100 flags=0x40200
[    0.656042] day24_ivshmem_mmio 0000:00:02.0: BAR2: start=0x0000008000000000 end=0x00000080003fffff len=0x0000000000400000 flags=0x14220c
[    0.656404] day24_ivshmem_mmio 0000:00:02.0: BAR0 mapped: vaddr=(____ptrval____)
[    0.656624] day24_ivshmem_mmio 0000:00:02.0: BAR2 mapped: vaddr=(____ptrval____)
[    0.656764] day24_ivshmem_mmio 0000:00:02.0: BAR0 first dword=0x00000000
[    0.658113] day24_ivshmem_mmio 0000:00:02.0: protocol header initialized: magic=0x44593234 version=1 payload_cap=256
[    0.658615] day24_ivshmem_mmio 0000:00:02.0: probe success: device=day24_ivshmem0 payload_cap=256
[    1.701842] day24_ivshmem_mmio 0000:00:02.0: MMIO write: offset=0x0000000c value=0x00000003 seq=1
[    1.713045] day24_ivshmem_mmio 0000:00:02.0: payload write: count=19 new_len=19 seq=2
===DAY24:DMESG_DRIVER:END===
[    1.756425] day24_ivshmem_mmio 0000:00:02.0: remove enter
[    1.761569] day24_ivshmem_mmio 0000:00:02.0: remove leave
===DAY24:RMMOD:OK===
[day24-guest] automatic MMIO flow done
===DAY24:COMPLETE===
[    2.817972] Flash device refused suspend due to active operation (state 20)
[    2.818253] Flash device refused suspend due to active operation (state 20)
[    2.818757] reboot: Power down
