LAB=lab-tracepoint-skb-path
DATE=2026-06-06T16:16:20+08:00
本脚本将 RX + TX tracepoint 合并到一次观测中，实现全路径关联。
注意: skb:kfree_skb 在此内核上 BTF 不完整，本次不包含，由 04 独立观测。

## tracepoints used
tracepoint:net:netif_receive_skb
tracepoint:net:napi_gro_receive_entry
tracepoint:net:net_dev_queue
tracepoint:net:net_dev_start_xmit

## generated script
tracepoint:net:netif_receive_skb
{
    @rx = count();
    @rx_cpu[cpu] = count();
    @rx_dev[args->name] = count();
}

tracepoint:net:napi_gro_receive_entry
{
    @gro = count();
}

tracepoint:net:net_dev_queue
{
    @txq = count();
    @txq_cpu[cpu] = count();
    @txq_dev[args->name] = count();
}

tracepoint:net:net_dev_start_xmit
{
    @tx = count();
    @tx_dev[args->name] = count();
    @tx_len = hist(args->len);
}

interval:s:1
{
    printf("\n=== skb full-path === @ %ds ===\n", elapsed);
    print(@rx);
    print(@rx_cpu);
    print(@rx_dev);
    print(@gro);
    print(@txq);
    print(@txq_cpu);
    print(@txq_dev);
    print(@tx);
    print(@tx_dev);
    print(@tx_len);
}

Attaching 5 probes...

=== skb full-path === @ 1009217777s ===
@rx: 10
@rx_cpu[3]: 10
@rx_dev[-18738003095312]: 10
@gro: 10
@txq: 10
@txq_cpu[0]: 10
@txq_dev[-18738004676368]: 10
@tx: 10
@tx_dev[-18738004676328]: 10
@tx_len: 
[64, 128)             10 |@@@@@@@@@@@@@@@@@@@@@@@@@@@@@@@@@@@@@@@@@@@@@@@@@@@@|


=== skb full-path === @ 2009012702s ===
@rx: 19
@rx_cpu[3]: 19
@rx_dev[-18738003095312]: 19
@gro: 19
@txq: 23
@txq_cpu[4]: 1
@txq_cpu[1]: 3
@txq_cpu[0]: 19
@txq_dev[-18738002579216]: 1
@txq_dev[-18738004152080]: 3
@txq_dev[-18738004676368]: 19
@tx: 23
@tx_dev[-18738002579176]: 1
@tx_dev[-18738004152040]: 3
@tx_dev[-18738004676328]: 19
@tx_len: 
[64, 128)             20 |@@@@@@@@@@@@@@@@@@@@@@@@@@@@@@@@@@@@@@@@@@@@@@@@@@@@|
[128, 256)             2 |@@@@@                                               |
[256, 512)             1 |@@                                                  |


=== skb full-path === @ -1285614458s ===
@rx: 29
@rx_cpu[3]: 29
@rx_dev[-18738003095312]: 29
@gro: 29
@txq: 34
@txq_cpu[4]: 1
@txq_cpu[2]: 1
@txq_cpu[1]: 8
@txq_cpu[0]: 24
@txq_dev[-18738002579216]: 1
@txq_dev[-18738003627792]: 1
@txq_dev[-18738004152080]: 8
@txq_dev[-18738004676368]: 24
@tx: 34
@tx_dev[-18738002579176]: 1
@tx_dev[-18738003627752]: 1
@tx_dev[-18738004152040]: 8
@tx_dev[-18738004676328]: 24
@tx_len: 
[64, 128)             31 |@@@@@@@@@@@@@@@@@@@@@@@@@@@@@@@@@@@@@@@@@@@@@@@@@@@@|
[128, 256)             2 |@@@                                                 |
[256, 512)             1 |@                                                   |


=== skb full-path === @ -285430425s ===
@rx: 47
@rx_cpu[5]: 2
@rx_cpu[6]: 2
@rx_cpu[3]: 43
@rx_dev[-18738002046736]: 2
@rx_dev[-18738001522448]: 2
@rx_dev[-18738003095312]: 43
@gro: 42
@txq: 55
@txq_cpu[3]: 1
@txq_cpu[4]: 1
@txq_cpu[6]: 3
@txq_cpu[2]: 3
@txq_cpu[5]: 4
@txq_cpu[1]: 8
@txq_cpu[0]: 35
@txq_dev[-18738002579216]: 1
@txq_dev[-18738001522448]: 1
@txq_dev[-18738003103504]: 1
@txq_dev[-18738001530640]: 2
@txq_dev[-18738003627792]: 3
@txq_dev[-18738002054928]: 4
@txq_dev[-18738004152080]: 8
@txq_dev[-18738004676368]: 35
@tx: 55
@tx_dev[-18738002579176]: 1
@tx_dev[-18738001522408]: 1
@tx_dev[-18738003103464]: 1
@tx_dev[-18738001530600]: 2
@tx_dev[-18738003627752]: 3
@tx_dev[-18738002054888]: 4
@tx_dev[-18738004152040]: 8
@tx_dev[-18738004676328]: 35
@tx_len: 
[32, 64)               2 |@@                                                  |
[64, 128)             47 |@@@@@@@@@@@@@@@@@@@@@@@@@@@@@@@@@@@@@@@@@@@@@@@@@@@@|
[128, 256)             4 |@@@@                                                |
[256, 512)             2 |@@                                                  |


=== skb full-path === @ 714428137s ===
@rx: 57
@rx_cpu[5]: 2
@rx_cpu[6]: 2
@rx_cpu[3]: 53
@rx_dev[-18738002046736]: 2
@rx_dev[-18738001522448]: 2
@rx_dev[-18738003095312]: 53
@gro: 51
@txq: 66
@txq_cpu[3]: 2
@txq_cpu[4]: 2
@txq_cpu[6]: 3
@txq_cpu[2]: 3
@txq_cpu[5]: 4
@txq_cpu[1]: 9
@txq_cpu[0]: 43
@txq_dev[-18738001522448]: 1
@txq_dev[-18738002579216]: 2
@txq_dev[-18738003103504]: 2
@txq_dev[-18738001530640]: 2
@txq_dev[-18738003627792]: 3
@txq_dev[-18738002054928]: 4
@txq_dev[-18738004152080]: 9
@txq_dev[-18738004676368]: 43
@tx: 66
@tx_dev[-18738001522408]: 1
@tx_dev[-18738002579176]: 2
@tx_dev[-18738001530600]: 2
@tx_dev[-18738003103464]: 2
@tx_dev[-18738003627752]: 3
@tx_dev[-18738002054888]: 4
@tx_dev[-18738004152040]: 9
@tx_dev[-18738004676328]: 43
@tx_len: 
[32, 64)               2 |@                                                   |
[64, 128)             57 |@@@@@@@@@@@@@@@@@@@@@@@@@@@@@@@@@@@@@@@@@@@@@@@@@@@@|
[128, 256)             4 |@@@                                                 |
[256, 512)             3 |@@                                                  |


=== skb full-path === @ 1714110294s ===
@rx: 68
@rx_cpu[5]: 2
@rx_cpu[6]: 2
@rx_cpu[3]: 64
@rx_dev[-18738002046736]: 2
@rx_dev[-18738001522448]: 2
@rx_dev[-18738003095312]: 64
@gro: 61
@txq: 77
@txq_cpu[4]: 2
@txq_cpu[3]: 3
@txq_cpu[6]: 3
@txq_cpu[2]: 3
@txq_cpu[5]: 4
@txq_cpu[1]: 19
@txq_cpu[0]: 43
@txq_dev[-18738001522448]: 1
@txq_dev[-18738002579216]: 2
@txq_dev[-18738001530640]: 2
@txq_dev[-18738003103504]: 3
@txq_dev[-18738003627792]: 3
@txq_dev[-18738002054928]: 4
@txq_dev[-18738004152080]: 19
@txq_dev[-18738004676368]: 43
@tx: 77
@tx_dev[-18738001522408]: 1
@tx_dev[-18738002579176]: 2
@tx_dev[-18738001530600]: 2
@tx_dev[-18738003627752]: 3
@tx_dev[-18738003103464]: 3
@tx_dev[-18738002054888]: 4
@tx_dev[-18738004152040]: 19
@tx_dev[-18738004676328]: 43
@tx_len: 
[32, 64)               2 |@                                                   |
[64, 128)             67 |@@@@@@@@@@@@@@@@@@@@@@@@@@@@@@@@@@@@@@@@@@@@@@@@@@@@|
[128, 256)             5 |@@@                                                 |
[256, 512)             3 |@@                                                  |


=== skb full-path === @ -1580584358s ===
@rx: 77
@rx_cpu[5]: 2
@rx_cpu[6]: 2
@rx_cpu[3]: 73
@rx_dev[-18738002046736]: 2
@rx_dev[-18738001522448]: 2
@rx_dev[-18738003095312]: 73
@gro: 70
@txq: 86
@txq_cpu[4]: 2
@txq_cpu[3]: 3
@txq_cpu[6]: 3
@txq_cpu[2]: 3
@txq_cpu[5]: 4
@txq_cpu[1]: 25
@txq_cpu[0]: 46
@txq_dev[-18738001522448]: 1
@txq_dev[-18738002579216]: 2
@txq_dev[-18738001530640]: 2
@txq_dev[-18738003103504]: 3
@txq_dev[-18738003627792]: 3
@txq_dev[-18738002054928]: 4
@txq_dev[-18738004152080]: 25
@txq_dev[-18738004676368]: 46
@tx: 86
@tx_dev[-18738001522408]: 1
@tx_dev[-18738002579176]: 2
@tx_dev[-18738001530600]: 2
@tx_dev[-18738003627752]: 3
@tx_dev[-18738003103464]: 3
@tx_dev[-18738002054888]: 4
@tx_dev[-18738004152040]: 25
@tx_dev[-18738004676328]: 46
@tx_len: 
[32, 64)               2 |@                                                   |
[64, 128)             76 |@@@@@@@@@@@@@@@@@@@@@@@@@@@@@@@@@@@@@@@@@@@@@@@@@@@@|
[128, 256)             5 |@@@                                                 |
[256, 512)             3 |@@                                                  |


=== skb full-path === @ -580809778s ===
@rx: 91
@rx_cpu[1]: 2
@rx_cpu[2]: 2
@rx_cpu[5]: 2
@rx_cpu[6]: 2
@rx_cpu[3]: 83
@rx_dev[-18738002046736]: 2
@rx_dev[-18738003619600]: 2
@rx_dev[-18738001522448]: 2
@rx_dev[-18738004143888]: 2
@rx_dev[-18738003095312]: 83
@gro: 80
@txq: 101
@txq_cpu[3]: 3
@txq_cpu[6]: 3
@txq_cpu[4]: 3
@txq_cpu[5]: 4
@txq_cpu[2]: 5
@txq_cpu[1]: 33
@txq_cpu[0]: 50
@txq_dev[-18738001522448]: 1
@txq_dev[-18738001530640]: 2
@txq_dev[-18738002579216]: 3
@txq_dev[-18738003103504]: 3
@txq_dev[-18738002054928]: 4
@txq_dev[-18738003627792]: 5
@txq_dev[-18738004152080]: 33
@txq_dev[-18738004676368]: 50
@tx: 101
@tx_dev[-18738001522408]: 1
@tx_dev[-18738001530600]: 2
@tx_dev[-18738002579176]: 3
@tx_dev[-18738003103464]: 3
@tx_dev[-18738002054888]: 4
@tx_dev[-18738003627752]: 5
@tx_dev[-18738004152040]: 33
@tx_dev[-18738004676328]: 50
@tx_len: 
[32, 64)               3 |@                                                   |
[64, 128)             88 |@@@@@@@@@@@@@@@@@@@@@@@@@@@@@@@@@@@@@@@@@@@@@@@@@@@@|
[128, 256)             6 |@@@                                                 |
[256, 512)             4 |@@                                                  |


=== skb full-path === @ 419452237s ===
@rx: 102
@rx_cpu[1]: 2
@rx_cpu[2]: 2
@rx_cpu[5]: 2
@rx_cpu[6]: 2
@rx_cpu[3]: 94
@rx_dev[-18738002046736]: 2
@rx_dev[-18738003619600]: 2
@rx_dev[-18738001522448]: 2
@rx_dev[-18738004143888]: 2
@rx_dev[-18738003095312]: 94
@gro: 90
@txq: 112
@txq_cpu[6]: 3
@txq_cpu[4]: 3
@txq_cpu[3]: 4
@txq_cpu[5]: 4
@txq_cpu[2]: 5
@txq_cpu[1]: 43
@txq_cpu[0]: 50
@txq_dev[-18738001522448]: 1
@txq_dev[-18738001530640]: 2
@txq_dev[-18738002579216]: 3
@txq_dev[-18738002054928]: 4
@txq_dev[-18738003103504]: 4
@txq_dev[-18738003627792]: 5
@txq_dev[-18738004152080]: 43
@txq_dev[-18738004676368]: 50
@tx: 112
@tx_dev[-18738001522408]: 1
@tx_dev[-18738001530600]: 2
@tx_dev[-18738002579176]: 3
@tx_dev[-18738002054888]: 4
@tx_dev[-18738003103464]: 4
@tx_dev[-18738003627752]: 5
@tx_dev[-18738004152040]: 43
@tx_dev[-18738004676328]: 50
@tx_len: 
[32, 64)               3 |@                                                   |
[64, 128)             99 |@@@@@@@@@@@@@@@@@@@@@@@@@@@@@@@@@@@@@@@@@@@@@@@@@@@@|
[128, 256)             6 |@@@                                                 |
[256, 512)             4 |@@                                                  |



@gro: 96
@rx: 108
@rx_cpu[1]: 2
@rx_cpu[2]: 2
@rx_cpu[5]: 2
@rx_cpu[6]: 2
@rx_cpu[3]: 100
@rx_dev[-18738002046736]: 2
@rx_dev[-18738003619600]: 2
@rx_dev[-18738001522448]: 2
@rx_dev[-18738004143888]: 2
@rx_dev[-18738003095312]: 100
@tx: 120
@tx_dev[-18738001522408]: 1
@tx_dev[-18738001530600]: 2
@tx_dev[-18738002579176]: 3
@tx_dev[-18738002054888]: 4
@tx_dev[-18738003103464]: 4
@tx_dev[-18738003627752]: 6
@tx_dev[-18738004676328]: 50
@tx_dev[-18738004152040]: 50
@tx_len: 
[32, 64)               3 |@                                                   |
[64, 128)            106 |@@@@@@@@@@@@@@@@@@@@@@@@@@@@@@@@@@@@@@@@@@@@@@@@@@@@|
[128, 256)             6 |@@                                                  |
[256, 512)             5 |@@                                                  |

@txq: 120
@txq_cpu[6]: 3
@txq_cpu[4]: 3
@txq_cpu[3]: 4
@txq_cpu[5]: 4
@txq_cpu[2]: 6
@txq_cpu[0]: 50
@txq_cpu[1]: 50
@txq_dev[-18738001522448]: 1
@txq_dev[-18738001530640]: 2
@txq_dev[-18738002579216]: 3
@txq_dev[-18738002054928]: 4
@txq_dev[-18738003103504]: 4
@txq_dev[-18738003627792]: 6
@txq_dev[-18738004152080]: 50
@txq_dev[-18738004676368]: 50
RC=124
TIMEOUT_AS_EXPECTED=1
