COMMAND: ./xdp_loader run --ifname ens192 --mode skb --action drop --duration 10 --interval 1 --obj ./xdp_redirect_basics.bpf.o
libbpf: Error in bpf_create_map_xattr(xsks_map):ERROR: strerror_r(-524)=22(-524). Retrying without BTF.
attached XDP program
ifname=ens192 ifindex=2 mode=skb action=drop(1) duration=10 interval=1 obj=./xdp_redirect_basics.bpf.o ncpus=128

=== xdp stats @ 1778347068 ===
action=drop     key=1 packets=0 bytes=0
action=pass     key=2 packets=0 bytes=0
action=redirect key=4 packets=0 bytes=0

=== xdp stats @ 1778347069 ===
action=drop     key=1 packets=0 bytes=0
action=pass     key=2 packets=0 bytes=0
action=redirect key=4 packets=0 bytes=0

=== xdp stats @ 1778347070 ===
action=drop     key=1 packets=0 bytes=0
action=pass     key=2 packets=0 bytes=0
action=redirect key=4 packets=0 bytes=0

=== xdp stats @ 1778347071 ===
action=drop     key=1 packets=0 bytes=0
action=pass     key=2 packets=0 bytes=0
action=redirect key=4 packets=0 bytes=0

=== xdp stats @ 1778347072 ===
action=drop     key=1 packets=0 bytes=0
action=pass     key=2 packets=0 bytes=0
action=redirect key=4 packets=0 bytes=0

=== xdp stats @ 1778347073 ===
action=drop     key=1 packets=0 bytes=0
action=pass     key=2 packets=0 bytes=0
action=redirect key=4 packets=0 bytes=0

=== xdp stats @ 1778347074 ===
action=drop     key=1 packets=0 bytes=0
action=pass     key=2 packets=0 bytes=0
action=redirect key=4 packets=0 bytes=0

=== xdp stats @ 1778347075 ===
action=drop     key=1 packets=0 bytes=0
action=pass     key=2 packets=0 bytes=0
action=redirect key=4 packets=0 bytes=0

=== xdp stats @ 1778347076 ===
action=drop     key=1 packets=0 bytes=0
action=pass     key=2 packets=0 bytes=0
action=redirect key=4 packets=0 bytes=0

=== xdp stats @ 1778347077 ===
action=drop     key=1 packets=0 bytes=0
action=pass     key=2 packets=0 bytes=0
action=redirect key=4 packets=0 bytes=0
detaching XDP program
detach ok
