COMMAND: ./xdp_loader run --ifname veth-xdp --mode skb --action redirect --duration 5 --interval 1 --obj ./xdp_redirect_basics.bpf.o
libbpf: Error in bpf_create_map_xattr(xsks_map):ERROR: strerror_r(-524)=22(-524). Retrying without BTF.
attached XDP program
ifname=veth-xdp ifindex=6 mode=skb action=redirect(4) duration=5 interval=1 obj=./xdp_redirect_basics.bpf.o ncpus=128

=== xdp stats @ 1780810129 ===
action=drop     key=1 packets=0 bytes=0
action=pass     key=2 packets=0 bytes=0
action=redirect key=4 packets=1 bytes=42

=== xdp stats @ 1780810130 ===
action=drop     key=1 packets=0 bytes=0
action=pass     key=2 packets=0 bytes=0
action=redirect key=4 packets=2 bytes=84

=== xdp stats @ 1780810131 ===
action=drop     key=1 packets=0 bytes=0
action=pass     key=2 packets=0 bytes=0
action=redirect key=4 packets=3 bytes=126

=== xdp stats @ 1780810132 ===
action=drop     key=1 packets=0 bytes=0
action=pass     key=2 packets=0 bytes=0
action=redirect key=4 packets=3 bytes=126

=== xdp stats @ 1780810133 ===
action=drop     key=1 packets=0 bytes=0
action=pass     key=2 packets=0 bytes=0
action=redirect key=4 packets=3 bytes=126
detaching XDP program
detach ok
