COMMAND: ./xdp_loader run --ifname veth-xdp --mode skb --action drop --duration 8 --interval 1 --obj ./xdp_redirect_basics.bpf.o
libbpf: Error in bpf_create_map_xattr(xsks_map):ERROR: strerror_r(-524)=22(-524). Retrying without BTF.
attached XDP program
ifname=veth-xdp ifindex=6 mode=skb action=drop(1) duration=8 interval=1 obj=./xdp_redirect_basics.bpf.o ncpus=128

=== xdp stats @ 1780810121 ===
action=drop     key=1 packets=0 bytes=0
action=pass     key=2 packets=0 bytes=0
action=redirect key=4 packets=0 bytes=0

=== xdp stats @ 1780810122 ===
action=drop     key=1 packets=1 bytes=42
action=pass     key=2 packets=0 bytes=0
action=redirect key=4 packets=0 bytes=0

=== xdp stats @ 1780810123 ===
action=drop     key=1 packets=2 bytes=84
action=pass     key=2 packets=0 bytes=0
action=redirect key=4 packets=0 bytes=0

=== xdp stats @ 1780810124 ===
action=drop     key=1 packets=3 bytes=126
action=pass     key=2 packets=0 bytes=0
action=redirect key=4 packets=0 bytes=0

=== xdp stats @ 1780810125 ===
action=drop     key=1 packets=3 bytes=126
action=pass     key=2 packets=0 bytes=0
action=redirect key=4 packets=0 bytes=0

=== xdp stats @ 1780810126 ===
action=drop     key=1 packets=3 bytes=126
action=pass     key=2 packets=0 bytes=0
action=redirect key=4 packets=0 bytes=0

=== xdp stats @ 1780810127 ===
action=drop     key=1 packets=3 bytes=126
action=pass     key=2 packets=0 bytes=0
action=redirect key=4 packets=0 bytes=0

=== xdp stats @ 1780810128 ===
action=drop     key=1 packets=3 bytes=126
action=pass     key=2 packets=0 bytes=0
action=redirect key=4 packets=0 bytes=0
detaching XDP program
detach ok
