[    0.000000] Booting Linux on physical CPU 0x0000000000 [0x411fd070]
[    0.000000] Linux version 5.15.10 (wq7@wq7-virtual-machine) (aarch64-linux-gnu-gcc (Ubuntu 11.4.0-1ubuntu1~22.04) 11.4.0, GNU ld (GNU Binutils for Ubuntu) 2.38) #9 SMP PREEMPT Mon Mar 16 23:06:44 CST 2026
[    0.000000] Machine model: linux,dummy-virt
[    0.000000] efi: UEFI not found.
[    0.000000] NUMA: No NUMA configuration found
[    0.000000] NUMA: Faking a node at [mem 0x0000000040000000-0x000000007fffffff]
[    0.000000] NUMA: NODE_DATA [mem 0x7fdf0c00-0x7fdf2fff]
[    0.000000] Zone ranges:
[    0.000000]   DMA      [mem 0x0000000040000000-0x000000007fffffff]
[    0.000000]   DMA32    empty
[    0.000000]   Normal   empty
[    0.000000] Movable zone start for each node
[    0.000000] Early memory node ranges
[    0.000000]   node   0: [mem 0x0000000040000000-0x000000007fffffff]
[    0.000000] Initmem setup node 0 [mem 0x0000000040000000-0x000000007fffffff]
[    0.000000] cma: Reserved 32 MiB at 0x000000007cc00000
[    0.000000] psci: probing for conduit method from DT.
[    0.000000] psci: PSCIv0.2 detected in firmware.
[    0.000000] psci: Using standard PSCI v0.2 function IDs
[    0.000000] psci: Trusted OS migration not required
[    0.000000] percpu: Embedded 27 pages/cpu s72200 r8192 d30200 u110592
[    0.000000] pcpu-alloc: s72200 r8192 d30200 u110592 alloc=27*4096
[    0.000000] pcpu-alloc: [0] 0 
[    0.000000] Detected PIPT I-cache on CPU0
[    0.000000] CPU features: detected: Spectre-v2
[    0.000000] CPU features: detected: Spectre-v3a
[    0.000000] CPU features: detected: Spectre-v4
[    0.000000] CPU features: kernel page table isolation forced ON by KASLR
[    0.000000] CPU features: detected: Kernel page table isolation (KPTI)
[    0.000000] CPU features: detected: ARM erratum 834220
[    0.000000] CPU features: detected: ARM erratum 832075
[    0.000000] CPU features: detected: ARM errata 1165522, 1319367, or 1530923
[    0.000000] Built 1 zonelists, mobility grouping on.  Total pages: 258048
[    0.000000] Policy zone: DMA
[    0.000000] Kernel command line: console=ttyAMA0 rdinit=/init loglevel=8 printk.devkmsg=on
[    0.000000] Dentry cache hash table entries: 131072 (order: 8, 1048576 bytes, linear)
[    0.000000] Inode-cache hash table entries: 65536 (order: 7, 524288 bytes, linear)
[    0.000000] mem auto-init: stack:off, heap alloc:off, heap free:off
[    0.000000] Memory: 964300K/1048576K available (10688K kernel code, 3264K rwdata, 6640K rodata, 7168K init, 444K bss, 51508K reserved, 32768K cma-reserved)
[    0.000000] SLUB: HWalign=64, Order=0-3, MinObjects=0, CPUs=1, Nodes=1
[    0.000000] ftrace: allocating 38233 entries in 150 pages
[    0.000000] ftrace: allocated 150 pages with 4 groups
[    0.000000] trace event string verifier disabled
[    0.000000] rcu: Preemptible hierarchical RCU implementation.
[    0.000000] rcu: 	RCU event tracing is enabled.
[    0.000000] rcu: 	RCU restricting CPUs from NR_CPUS=256 to nr_cpu_ids=1.
[    0.000000] 	Trampoline variant of Tasks RCU enabled.
[    0.000000] 	Rude variant of Tasks RCU enabled.
[    0.000000] rcu: RCU calculated value of scheduler-enlistment delay is 25 jiffies.
[    0.000000] rcu: Adjusting geometry for rcu_fanout_leaf=16, nr_cpu_ids=1
[    0.000000] NR_IRQS: 64, nr_irqs: 64, preallocated irqs: 0
[    0.000000] Root IRQ handler: gic_handle_irq
[    0.000000] GICv2m: range[mem 0x08020000-0x08020fff], SPI[80:143]
[    0.000000] random: get_random_bytes called from start_kernel+0x514/0x700 with crng_init=0
[    0.000000] arch_timer: cp15 timer(s) running at 62.50MHz (virt).
[    0.000000] clocksource: arch_sys_counter: mask: 0xffffffffffffff max_cycles: 0x1cd42e208c, max_idle_ns: 881590405314 ns
[    0.000092] sched_clock: 56 bits at 62MHz, resolution 16ns, wraps every 4398046511096ns
[    0.005813] Console: colour dummy device 80x25
[    0.007764] Calibrating delay loop (skipped), value calculated using timer frequency.. 125.00 BogoMIPS (lpj=250000)
[    0.007971] pid_max: default: 32768 minimum: 301
[    0.008805] LSM: Security Framework initializing
[    0.009977] Mount-cache hash table entries: 2048 (order: 2, 16384 bytes, linear)
[    0.010030] Mountpoint-cache hash table entries: 2048 (order: 2, 16384 bytes, linear)
[    0.043795] /cpus/cpu-map: empty cluster
[    0.059996] rcu: Hierarchical SRCU implementation.
[    0.064437] EFI services will not be available.
[    0.065256] smp: Bringing up secondary CPUs ...
[    0.065333] smp: Brought up 1 node, 1 CPU
[    0.065355] SMP: Total of 1 processors activated.
[    0.065406] CPU features: detected: 32-bit EL0 Support
[    0.065438] CPU features: detected: 32-bit EL1 Support
[    0.065496] CPU features: detected: CRC32 instructions
[    0.097162] CPU: All CPU(s) started at EL1
[    0.097577] alternatives: patching kernel code
[    0.111244] devtmpfs: initialized
[    0.118382] KASLR enabled
[    0.119593] clocksource: jiffies: mask: 0xffffffff max_cycles: 0xffffffff, max_idle_ns: 7645041785100000 ns
[    0.119748] futex hash table entries: 256 (order: 2, 16384 bytes, linear)
[    0.124448] pinctrl core: initialized pinctrl subsystem
[    0.142758] DMI not present or invalid.
[    0.152395] DMA: preallocated 128 KiB GFP_KERNEL pool for atomic allocations
[    0.152807] DMA: preallocated 128 KiB GFP_KERNEL|GFP_DMA pool for atomic allocations
[    0.153196] DMA: preallocated 128 KiB GFP_KERNEL|GFP_DMA32 pool for atomic allocations
[    0.157430] thermal_sys: Registered thermal governor 'step_wise'
[    0.157482] thermal_sys: Registered thermal governor 'power_allocator'
[    0.158814] cpuidle: using governor menu
[    0.159731] hw-breakpoint: found 6 breakpoint and 4 watchpoint registers.
[    0.160134] ASID allocator initialised with 32768 entries
[    0.164823] Serial: AMBA PL011 UART driver
[    0.220055] 9000000.pl011: ttyAMA0 at MMIO 0x9000000 (irq = 47, base_baud = 0) is a PL011 rev1
[    0.229925] printk: console [ttyAMA0] enabled
[    0.254705] HugeTLB registered 1.00 GiB page size, pre-allocated 0 pages
[    0.254868] HugeTLB registered 32.0 MiB page size, pre-allocated 0 pages
[    0.254985] HugeTLB registered 2.00 MiB page size, pre-allocated 0 pages
[    0.255098] HugeTLB registered 64.0 KiB page size, pre-allocated 0 pages
[    0.263015] cryptd: max_cpu_qlen set to 1000
[    0.268821] ACPI: Interpreter disabled.
[    0.273858] iommu: Default domain type: Translated 
[    0.273995] iommu: DMA domain TLB invalidation policy: strict mode 
[    0.274737] vgaarb: loaded
[    0.276166] SCSI subsystem initialized
[    0.276730] libata version 3.00 loaded.
[    0.277256] pps_core: LinuxPPS API ver. 1 registered
[    0.277356] pps_core: Software ver. 5.3.6 - Copyright 2005-2007 Rodolfo Giometti <giometti@linux.it>
[    0.277847] EDAC MC: Ver: 3.0.0
[    0.281554] FPGA manager framework
[    0.291863] clocksource: Switched to clocksource arch_sys_counter
[    0.326376] VFS: Disk quotas dquot_6.6.0
[    0.326638] VFS: Dquot-cache hash table entries: 512 (order 0, 4096 bytes)
[    0.327550] pnp: PnP ACPI: disabled
[    0.346261] PCI: CLS 0 bytes, default 64
[    0.350411] Unpacking initramfs...
[    0.358587] hw perfevents: enabled with armv8_pmuv3 PMU driver, 5 counters available
[    0.359104] kvm [1]: HYP mode not available
[    0.402242] Initialise system trusted keyrings
[    0.412364] workingset: timestamp_bits=42 max_order=18 bucket_order=0
[    0.423227] squashfs: version 4.0 (2009/01/31) Phillip Lougher
[    0.461256] Key type asymmetric registered
[    0.461395] Asymmetric key parser 'x509' registered
[    0.461649] Block layer SCSI generic (bsg) driver version 0.4 loaded (major 246)
[    0.461904] io scheduler mq-deadline registered
[    0.462020] io scheduler kyber registered
[    0.470812] Freeing initrd memory: 1932K
[    0.483346] pl061_gpio 9030000.pl061: PL061 GPIO chip registered
[    0.486370] pci-host-generic 4010000000.pcie: host bridge /pcie@10000000 ranges:
[    0.486962] pci-host-generic 4010000000.pcie:       IO 0x003eff0000..0x003effffff -> 0x0000000000
[    0.487437] pci-host-generic 4010000000.pcie:      MEM 0x0010000000..0x003efeffff -> 0x0010000000
[    0.487648] pci-host-generic 4010000000.pcie:      MEM 0x8000000000..0xffffffffff -> 0x8000000000
[    0.488259] pci-host-generic 4010000000.pcie: Memory resource size exceeds max for 32 bits
[    0.488747] pci-host-generic 4010000000.pcie: ECAM at [mem 0x4010000000-0x401fffffff] for [bus 00-ff]
[    0.489517] pci-host-generic 4010000000.pcie: PCI host bridge to bus 0000:00
[    0.489742] pci_bus 0000:00: root bus resource [bus 00-ff]
[    0.489886] pci_bus 0000:00: root bus resource [io  0x0000-0xffff]
[    0.490027] pci_bus 0000:00: root bus resource [mem 0x10000000-0x3efeffff]
[    0.490144] pci_bus 0000:00: root bus resource [mem 0x8000000000-0xffffffffff]
[    0.491076] pci 0000:00:00.0: [1b36:0008] type 00 class 0x060000
[    0.493385] pci 0000:00:01.0: [1af4:1000] type 00 class 0x020000
[    0.493663] pci 0000:00:01.0: reg 0x10: [io  0x0000-0x001f]
[    0.493788] pci 0000:00:01.0: reg 0x14: [mem 0x00000000-0x00000fff]
[    0.493968] pci 0000:00:01.0: reg 0x20: [mem 0x00000000-0x00003fff 64bit pref]
[    0.494149] pci 0000:00:01.0: reg 0x30: [mem 0x00000000-0x0007ffff pref]
[    0.494751] pci 0000:00:02.0: [1af4:1110] type 00 class 0x050000
[    0.494911] pci 0000:00:02.0: reg 0x10: [mem 0x00000000-0x000000ff]
[    0.495046] pci 0000:00:02.0: reg 0x18: [mem 0x00000000-0x003fffff 64bit pref]
[    0.496650] pci 0000:00:02.0: BAR 2: assigned [mem 0x8000000000-0x80003fffff 64bit pref]
[    0.496965] pci 0000:00:01.0: BAR 6: assigned [mem 0x10000000-0x1007ffff pref]
[    0.497120] pci 0000:00:01.0: BAR 4: assigned [mem 0x8000400000-0x8000403fff 64bit pref]
[    0.497271] pci 0000:00:01.0: BAR 1: assigned [mem 0x10080000-0x10080fff]
[    0.497443] pci 0000:00:02.0: BAR 0: assigned [mem 0x10081000-0x100810ff]
[    0.497571] pci 0000:00:01.0: BAR 0: assigned [io  0x1000-0x101f]
[    0.499618] EINJ: ACPI disabled.
[    0.532929] Serial: 8250/16550 driver, 4 ports, IRQ sharing enabled
[    0.537544] SuperH (H)SCI(F) driver initialized
[    0.538583] msm_serial: driver initialized
[    0.541852] cacheinfo: Unable to detect cache hierarchy for CPU 0
[    0.569424] loop: module loaded
[    0.574406] physmap-flash 0.flash: physmap platform flash device: [mem 0x00000000-0x03ffffff]
[    0.575517] 0.flash: Found 2 x16 devices at 0x0 in 32-bit bank. Manufacturer ID 0x000000 Chip ID 0x000000
[    0.575970] Intel/Sharp Extended Query Table at 0x0031
[    0.576768] Using buffer write method
[    0.577098] erase region 0: offset=0x0,size=0x40000,blocks=256
[    0.577372] physmap-flash 0.flash: physmap platform flash device: [mem 0x04000000-0x07ffffff]
[    0.577886] 0.flash: Found 2 x16 devices at 0x0 in 32-bit bank. Manufacturer ID 0x000000 Chip ID 0x000000
[    0.578100] Intel/Sharp Extended Query Table at 0x0031
[    0.578533] Using buffer write method
[    0.578635] erase region 0: offset=0x0,size=0x40000,blocks=256
[    0.578775] Concatenating MTD devices:
[    0.578855] (0): "0.flash"
[    0.578910] (1): "0.flash"
[    0.578964] into device "0.flash"
[    0.594727] VFIO - User Level meta-driver version: 0.3
[    0.598980] rtc-pl031 9010000.pl031: registered as rtc0
[    0.599433] rtc-pl031 9010000.pl031: setting system clock to 2026-03-21T07:16:06 UTC (1774077366)
[    0.601223] i2c_dev: i2c /dev entries driver
[    0.617279] sdhci: Secure Digital Host Controller Interface driver
[    0.617411] sdhci: Copyright(c) Pierre Ossman
[    0.618605] Synopsys Designware Multimedia Card Interface Driver
[    0.620511] sdhci-pltfm: SDHCI platform and OF driver helper
[    0.623223] ledtrig-cpu: registered to indicate activity on CPUs
[    0.633371] Loading compiled-in X.509 certificates
[    0.640681] uart-pl011 9000000.pl011: no DMA platform data
[    0.675580] Freeing unused kernel memory: 7168K
[    0.676381] Run /init as init process
[    0.676485]   with arguments:
[    0.676548]     /init
[    0.676599]   with environment:
[    0.676660]     HOME=/
[    0.676708]     TERM=linux
===DAY22:BOOT:BEGIN===
day22 guest booted, run-id=day22-local-001
Linux (none) 5.15.10 #9 SMP PREEMPT Mon Mar 16 23:06:44 CST 2026 aarch64 GNU/Linux
===DAY22:BOOT:END===
===DAY22:LSPCI_NN:BEGIN===
00:00.0 Class [0600]: Device [1b36:0008]
00:01.0 Class [0200]: Device [1af4:1000]
00:02.0 Class [0500]: Device [1af4:1110] (rev 01)
===DAY22:LSPCI_NN:END===
===DAY22:LSPCI_VV_NN:BEGIN===
00:00.0 Class [0600]: Device [1b36:0008]
	Subsystem: Device [1af4:1100]
	Control: I/O- Mem- BusMaster- SpecCycle- MemWINV- VGASnoop- ParErr- Stepping- SERR- FastB2B- DisINTx-
	Status: Cap- 66MHz- UDF- FastB2B- ParErr- DEVSEL=fast >TAbort- <TAbort- <MAbort- >SERR- <PERR- INTx-

00:01.0 Class [0200]: Device [1af4:1000]
	Subsystem: Device [1af4:0001]
	Control: I/O- Mem- BusMaster- SpecCycle- MemWINV- VGASnoop- ParErr- Stepping- SERR- FastB2B- DisINTx-
	Status: Cap+ 66MHz- UDF- FastB2B- ParErr- DEVSEL=fast >TAbort- <TAbort- <MAbort- >SERR- <PERR- INTx-
	Interrupt: pin A routed to IRQ 0
	Region 0: I/O ports at 1000 [disabled] [size=32]
	Region 1: Memory at 10080000 (32-bit, non-prefetchable) [disabled] [size=4K]
	Region 4: Memory at 8000400000 (64-bit, prefetchable) [disabled] [size=16K]
	Expansion ROM at 10000000 [virtual] [disabled] [size=512K]
	Capabilities: [98] MSI-X: Enable- Count=4 Masked-
		Vector table: BAR=1 offset=00000000
		PBA: BAR=1 offset=00000800
	Capabilities: [84] Vendor Specific Information: VirtIO: <unknown>
		BAR=0 offset=00000000 size=00000000
	Capabilities: [70] Vendor Specific Information: VirtIO: Notify
		BAR=4 offset=00003000 size=00001000 multiplier=00000004
	Capabilities: [60] Vendor Specific Information: VirtIO: DeviceCfg
		BAR=4 offset=00002000 size=00001000
	Capabilities: [50] Vendor Specific Information: VirtIO: ISR
		BAR=4 offset=00001000 size=00001000
	Capabilities: [40] Vendor Specific Information: VirtIO: CommonCfg
		BAR=4 offset=00000000 size=00001000

00:02.0 Class [0500]: Device [1af4:1110] (rev 01)
	Subsystem: Device [1af4:1100]
	Control: I/O- Mem- BusMaster- SpecCycle- MemWINV- VGASnoop- ParErr- Stepping- SERR- FastB2B- DisINTx-
	Status: Cap- 66MHz- UDF- FastB2B- ParErr- DEVSEL=fast >TAbort- <TAbort- <MAbort- >SERR- <PERR- INTx-
	Region 0: Memory at 10081000 (32-bit, non-prefetchable) [disabled] [size=256]
	Region 2: Memory at 8000000000 (64-bit, prefetchable) [disabled] [size=4M]

===DAY22:LSPCI_VV_NN:END===
===DAY22:DMESG_PCI:BEGIN===
[    0.346261] PCI: CLS 0 bytes, default 64
[    0.486370] pci-host-generic 4010000000.pcie: host bridge /pcie@10000000 ranges:
[    0.486962] pci-host-generic 4010000000.pcie:       IO 0x003eff0000..0x003effffff -> 0x0000000000
[    0.487437] pci-host-generic 4010000000.pcie:      MEM 0x0010000000..0x003efeffff -> 0x0010000000
[    0.487648] pci-host-generic 4010000000.pcie:      MEM 0x8000000000..0xffffffffff -> 0x8000000000
[    0.488259] pci-host-generic 4010000000.pcie: Memory resource size exceeds max for 32 bits
[    0.488747] pci-host-generic 4010000000.pcie: ECAM at [mem 0x4010000000-0x401fffffff] for [bus 00-ff]
[    0.489517] pci-host-generic 4010000000.pcie: PCI host bridge to bus 0000:00
[    0.489742] pci_bus 0000:00: root bus resource [bus 00-ff]
[    0.489886] pci_bus 0000:00: root bus resource [io  0x0000-0xffff]
[    0.490027] pci_bus 0000:00: root bus resource [mem 0x10000000-0x3efeffff]
[    0.490144] pci_bus 0000:00: root bus resource [mem 0x8000000000-0xffffffffff]
[    0.491076] pci 0000:00:00.0: [1b36:0008] type 00 class 0x060000
[    0.493385] pci 0000:00:01.0: [1af4:1000] type 00 class 0x020000
[    0.493663] pci 0000:00:01.0: reg 0x10: [io  0x0000-0x001f]
[    0.493788] pci 0000:00:01.0: reg 0x14: [mem 0x00000000-0x00000fff]
[    0.493968] pci 0000:00:01.0: reg 0x20: [mem 0x00000000-0x00003fff 64bit pref]
[    0.494149] pci 0000:00:01.0: reg 0x30: [mem 0x00000000-0x0007ffff pref]
[    0.494751] pci 0000:00:02.0: [1af4:1110] type 00 class 0x050000
[    0.494911] pci 0000:00:02.0: reg 0x10: [mem 0x00000000-0x000000ff]
[    0.495046] pci 0000:00:02.0: reg 0x18: [mem 0x00000000-0x003fffff 64bit pref]
[    0.496650] pci 0000:00:02.0: BAR 2: assigned [mem 0x8000000000-0x80003fffff 64bit pref]
[    0.496965] pci 0000:00:01.0: BAR 6: assigned [mem 0x10000000-0x1007ffff pref]
[    0.497120] pci 0000:00:01.0: BAR 4: assigned [mem 0x8000400000-0x8000403fff 64bit pref]
[    0.497271] pci 0000:00:01.0: BAR 1: assigned [mem 0x10080000-0x10080fff]
[    0.497443] pci 0000:00:02.0: BAR 0: assigned [mem 0x10081000-0x100810ff]
[    0.497571] pci 0000:00:01.0: BAR 0: assigned [io  0x1000-0x101f]
===DAY22:DMESG_PCI:END===
===DAY22:SYSFS_PCI_DEVICES:BEGIN===
total 0
lrwxrwxrwx    1 0        0                0 Mar 21 07:16 [1;36m0000:00:00.0[m -> [1;34m../../../devices/platform/4010000000.pcie/pci0000:00/0000:00:00.0[m
lrwxrwxrwx    1 0        0                0 Mar 21 07:16 [1;36m0000:00:01.0[m -> [1;34m../../../devices/platform/4010000000.pcie/pci0000:00/0000:00:01.0[m
lrwxrwxrwx    1 0        0                0 Mar 21 07:16 [1;36m0000:00:02.0[m -> [1;34m../../../devices/platform/4010000000.pcie/pci0000:00/0000:00:02.0[m
/bin/pci_sysfs_dump: line 1: ELF: not found
/bin/pci_sysfs_dump: line 1: syntax error: unexpected word (expecting ")")
[day22-guest] pci_sysfs_dump failed
===DAY22:SYSFS_PCI_DEVICES:END===
===DAY22:PCI_CONFIG_DUMP:BEGIN===
[config] /sys/bus/pci/devices/0000:00:00.0
/init: line 49: head: not found
[config] /sys/bus/pci/devices/0000:00:01.0
/init: line 49: head: not found
[config] /sys/bus/pci/devices/0000:00:02.0
/init: line 49: head: not found
===DAY22:PCI_CONFIG_DUMP:END===
===DAY22:COMPLETE===
[    1.923331] Flash device refused suspend due to active operation (state 20)
[    1.923604] Flash device refused suspend due to active operation (state 20)
[    1.924395] reboot: Power down
