LAB=af-xdp-socket-rings
DATE=2026-05-10T01:31:54+08:00
HOST=wq7-virtual-machine
KERNEL=6.8.0-111-generic
AF_XDP_IFACE=ens192
AF_XDP_MANAGEMENT_IFACE=ens33
AF_XDP_PCI=0000:0b:00.0
AF_XDP_DRIVER=vmxnet3
AF_XDP_MODE=skb
AF_XDP_QUEUE=0
AF_XDP_DURATION=15
AF_XDP_INTERVAL=1
AF_XDP_BIND_MODE=copy

== make show ==
make: Entering directory '/home/wq7/workspace/driver-lab/linux-driver-lab/track-af-xdp/lab-af-xdp-socket-rings/app'
BPF_OBJ=build/af_xdp_kern.bpf.o
USER_BIN=build/af_xdp_rings
BPF_CFLAGS=-O2 -g -Wall -Werror -target bpf -D__TARGET_ARCH_x86 -I/usr/include/x86_64-linux-gnu
USER_LDLIBS=-lbpf -lelf -lz
make: Leaving directory '/home/wq7/workspace/driver-lab/linux-driver-lab/track-af-xdp/lab-af-xdp-socket-rings/app'

== build ==
make: Entering directory '/home/wq7/workspace/driver-lab/linux-driver-lab/track-af-xdp/lab-af-xdp-socket-rings/app'
rm -rf build
mkdir -p build
clang -O2 -g -Wall -Werror -target bpf -D__TARGET_ARCH_x86 -I/usr/include/x86_64-linux-gnu -c af_xdp_kern.bpf.c -o build/af_xdp_kern.bpf.o
cc -O2 -g -Wall -Wextra af_xdp_rings.c -o build/af_xdp_rings -lbpf -lelf -lz
make: Leaving directory '/home/wq7/workspace/driver-lab/linux-driver-lab/track-af-xdp/lab-af-xdp-socket-rings/app'

== artifacts ==
/home/wq7/workspace/driver-lab/linux-driver-lab/track-af-xdp/lab-af-xdp-socket-rings/app/build/af_xdp_kern.bpf.o: ELF 64-bit LSB relocatable, eBPF, version 1 (SYSV), with debug_info, not stripped
/home/wq7/workspace/driver-lab/linux-driver-lab/track-af-xdp/lab-af-xdp-socket-rings/app/build/af_xdp_rings: ELF 64-bit LSB pie executable, x86-64, version 1 (SYSV), dynamically linked, interpreter /lib64/ld-linux-x86-64.so.2, BuildID[sha1]=c66e07d4b114cfc0370c1ba0b8859ef8ad62c453, for GNU/Linux 3.2.0, with debug_info, not stripped

BUILD_RESULT=PASS
