[    0.000000] Booting Linux on physical CPU 0x0000000000 [0x411fd070]
[    0.000000] Linux version 5.15.10 (wq7@wq7-virtual-machine) (aarch64-linux-gnu-gcc (Ubuntu 11.4.0-1ubuntu1~22.04) 11.4.0, GNU ld (GNU Binutils for Ubuntu) 2.38) #9 SMP PREEMPT Mon Mar 16 23:06:44 CST 2026
[    0.000000] Machine model: linux,dummy-virt
[    0.000000] efi: UEFI not found.
[    0.000000] NUMA: No NUMA configuration found
[    0.000000] NUMA: Faking a node at [mem 0x0000000040000000-0x000000005fffffff]
[    0.000000] NUMA: NODE_DATA [mem 0x5fef0c00-0x5fef2fff]
[    0.000000] Zone ranges:
[    0.000000]   DMA      [mem 0x0000000040000000-0x000000005fffffff]
[    0.000000]   DMA32    empty
[    0.000000]   Normal   empty
[    0.000000] Movable zone start for each node
[    0.000000] Early memory node ranges
[    0.000000]   node   0: [mem 0x0000000040000000-0x000000005fffffff]
[    0.000000] Initmem setup node 0 [mem 0x0000000040000000-0x000000005fffffff]
[    0.000000] cma: Reserved 32 MiB at 0x000000005d400000
[    0.000000] psci: probing for conduit method from DT.
[    0.000000] psci: PSCIv0.2 detected in firmware.
[    0.000000] psci: Using standard PSCI v0.2 function IDs
[    0.000000] psci: Trusted OS migration not required
[    0.000000] percpu: Embedded 27 pages/cpu s72200 r8192 d30200 u110592
[    0.000000] Detected PIPT I-cache on CPU0
[    0.000000] CPU features: detected: Spectre-v2
[    0.000000] CPU features: detected: Spectre-v3a
[    0.000000] CPU features: detected: Spectre-v4
[    0.000000] CPU features: kernel page table isolation forced ON by KASLR
[    0.000000] CPU features: detected: Kernel page table isolation (KPTI)
[    0.000000] CPU features: detected: ARM erratum 834220
[    0.000000] CPU features: detected: ARM erratum 832075
[    0.000000] CPU features: detected: ARM errata 1165522, 1319367, or 1530923
[    0.000000] Built 1 zonelists, mobility grouping on.  Total pages: 129024
[    0.000000] Policy zone: DMA
[    0.000000] Kernel command line: console=ttyAMA0 rdinit=/init day31_verify_len=256 day31_verify_seed=0x41 day31_bench_iter=200 day31_bench_warmup=20 day31_run_bench_all=0
[    0.000000] Unknown kernel command line parameters "day31_verify_len=256 day31_verify_seed=0x41 day31_bench_iter=200 day31_bench_warmup=20 day31_run_bench_all=0", will be passed to user space.
[    0.000000] Dentry cache hash table entries: 65536 (order: 7, 524288 bytes, linear)
[    0.000000] Inode-cache hash table entries: 32768 (order: 6, 262144 bytes, linear)
[    0.000000] mem auto-init: stack:off, heap alloc:off, heap free:off
[    0.000000] Memory: 449996K/524288K available (10688K kernel code, 3264K rwdata, 6640K rodata, 7168K init, 444K bss, 41524K reserved, 32768K cma-reserved)
[    0.000000] SLUB: HWalign=64, Order=0-3, MinObjects=0, CPUs=1, Nodes=1
[    0.000000] ftrace: allocating 38233 entries in 150 pages
[    0.000000] ftrace: allocated 150 pages with 4 groups
[    0.000000] trace event string verifier disabled
[    0.000000] rcu: Preemptible hierarchical RCU implementation.
[    0.000000] rcu: 	RCU event tracing is enabled.
[    0.000000] rcu: 	RCU restricting CPUs from NR_CPUS=256 to nr_cpu_ids=1.
[    0.000000] 	Trampoline variant of Tasks RCU enabled.
[    0.000000] 	Rude variant of Tasks RCU enabled.
[    0.000000] rcu: RCU calculated value of scheduler-enlistment delay is 25 jiffies.
[    0.000000] rcu: Adjusting geometry for rcu_fanout_leaf=16, nr_cpu_ids=1
[    0.000000] NR_IRQS: 64, nr_irqs: 64, preallocated irqs: 0
[    0.000000] Root IRQ handler: gic_handle_irq
[    0.000000] GICv2m: range[mem 0x08020000-0x08020fff], SPI[80:143]
[    0.000000] random: get_random_bytes called from start_kernel+0x514/0x700 with crng_init=0
[    0.000000] arch_timer: cp15 timer(s) running at 62.50MHz (virt).
[    0.000000] clocksource: arch_sys_counter: mask: 0xffffffffffffff max_cycles: 0x1cd42e208c, max_idle_ns: 881590405314 ns
[    0.000050] sched_clock: 56 bits at 62MHz, resolution 16ns, wraps every 4398046511096ns
[    0.002315] Console: colour dummy device 80x25
[    0.003755] Calibrating delay loop (skipped), value calculated using timer frequency.. 125.00 BogoMIPS (lpj=250000)
[    0.003880] pid_max: default: 32768 minimum: 301
[    0.006273] LSM: Security Framework initializing
[    0.006917] Mount-cache hash table entries: 1024 (order: 1, 8192 bytes, linear)
[    0.006948] Mountpoint-cache hash table entries: 1024 (order: 1, 8192 bytes, linear)
[    0.023557] /cpus/cpu-map: empty cluster
[    0.028312] rcu: Hierarchical SRCU implementation.
[    0.031445] EFI services will not be available.
[    0.031807] smp: Bringing up secondary CPUs ...
[    0.031867] smp: Brought up 1 node, 1 CPU
[    0.031888] SMP: Total of 1 processors activated.
[    0.031935] CPU features: detected: 32-bit EL0 Support
[    0.031952] CPU features: detected: 32-bit EL1 Support
[    0.032002] CPU features: detected: CRC32 instructions
[    0.050946] CPU: All CPU(s) started at EL1
[    0.051252] alternatives: patching kernel code
[    0.060271] devtmpfs: initialized
[    0.065296] KASLR enabled
[    0.065905] clocksource: jiffies: mask: 0xffffffff max_cycles: 0xffffffff, max_idle_ns: 7645041785100000 ns
[    0.066042] futex hash table entries: 256 (order: 2, 16384 bytes, linear)
[    0.068993] pinctrl core: initialized pinctrl subsystem
[    0.075842] DMI not present or invalid.
[    0.082120] DMA: preallocated 128 KiB GFP_KERNEL pool for atomic allocations
[    0.082380] DMA: preallocated 128 KiB GFP_KERNEL|GFP_DMA pool for atomic allocations
[    0.082590] DMA: preallocated 128 KiB GFP_KERNEL|GFP_DMA32 pool for atomic allocations
[    0.085163] thermal_sys: Registered thermal governor 'step_wise'
[    0.085193] thermal_sys: Registered thermal governor 'power_allocator'
[    0.086145] cpuidle: using governor menu
[    0.087610] hw-breakpoint: found 6 breakpoint and 4 watchpoint registers.
[    0.087896] ASID allocator initialised with 32768 entries
[    0.090018] Serial: AMBA PL011 UART driver
[    0.126768] 9000000.pl011: ttyAMA0 at MMIO 0x9000000 (irq = 47, base_baud = 0) is a PL011 rev1
[    0.136803] printk: console [ttyAMA0] enabled
[    0.152224] HugeTLB registered 1.00 GiB page size, pre-allocated 0 pages
[    0.152372] HugeTLB registered 32.0 MiB page size, pre-allocated 0 pages
[    0.152486] HugeTLB registered 2.00 MiB page size, pre-allocated 0 pages
[    0.152598] HugeTLB registered 64.0 KiB page size, pre-allocated 0 pages
[    0.159631] cryptd: max_cpu_qlen set to 1000
[    0.165752] ACPI: Interpreter disabled.
[    0.170965] iommu: Default domain type: Translated 
[    0.171085] iommu: DMA domain TLB invalidation policy: strict mode 
[    0.171809] vgaarb: loaded
[    0.172560] SCSI subsystem initialized
[    0.173541] pps_core: LinuxPPS API ver. 1 registered
[    0.173649] pps_core: Software ver. 5.3.6 - Copyright 2005-2007 Rodolfo Giometti <giometti@linux.it>
[    0.174097] EDAC MC: Ver: 3.0.0
[    0.178066] FPGA manager framework
[    0.180459] clocksource: Switched to clocksource arch_sys_counter
[    0.207483] VFS: Disk quotas dquot_6.6.0
[    0.207696] VFS: Dquot-cache hash table entries: 512 (order 0, 4096 bytes)
[    0.208783] pnp: PnP ACPI: disabled
[    0.227652] PCI: CLS 0 bytes, default 64
[    0.231682] Unpacking initramfs...
[    0.233334] hw perfevents: enabled with armv8_pmuv3 PMU driver, 5 counters available
[    0.233820] kvm [1]: HYP mode not available
[    0.285427] Initialise system trusted keyrings
[    0.287775] workingset: timestamp_bits=42 max_order=17 bucket_order=0
[    0.299384] squashfs: version 4.0 (2009/01/31) Phillip Lougher
[    0.318256] Freeing initrd memory: 1932K
[    0.326429] Key type asymmetric registered
[    0.326561] Asymmetric key parser 'x509' registered
[    0.326815] Block layer SCSI generic (bsg) driver version 0.4 loaded (major 246)
[    0.327016] io scheduler mq-deadline registered
[    0.327193] io scheduler kyber registered
[    0.345615] pl061_gpio 9030000.pl061: PL061 GPIO chip registered
[    0.348489] pci-host-generic 4010000000.pcie: host bridge /pcie@10000000 ranges:
[    0.349087] pci-host-generic 4010000000.pcie:       IO 0x003eff0000..0x003effffff -> 0x0000000000
[    0.349846] pci-host-generic 4010000000.pcie:      MEM 0x0010000000..0x003efeffff -> 0x0010000000
[    0.350086] pci-host-generic 4010000000.pcie:      MEM 0x8000000000..0xffffffffff -> 0x8000000000
[    0.350541] pci-host-generic 4010000000.pcie: Memory resource size exceeds max for 32 bits
[    0.351061] pci-host-generic 4010000000.pcie: ECAM at [mem 0x4010000000-0x401fffffff] for [bus 00-ff]
[    0.351829] pci-host-generic 4010000000.pcie: PCI host bridge to bus 0000:00
[    0.352063] pci_bus 0000:00: root bus resource [bus 00-ff]
[    0.352202] pci_bus 0000:00: root bus resource [io  0x0000-0xffff]
[    0.352343] pci_bus 0000:00: root bus resource [mem 0x10000000-0x3efeffff]
[    0.352461] pci_bus 0000:00: root bus resource [mem 0x8000000000-0xffffffffff]
[    0.353393] pci 0000:00:00.0: [1b36:0008] type 00 class 0x060000
[    0.355773] pci 0000:00:01.0: [1af4:1000] type 00 class 0x020000
[    0.356051] pci 0000:00:01.0: reg 0x10: [io  0x0000-0x001f]
[    0.356176] pci 0000:00:01.0: reg 0x14: [mem 0x00000000-0x00000fff]
[    0.356340] pci 0000:00:01.0: reg 0x20: [mem 0x00000000-0x00003fff 64bit pref]
[    0.356520] pci 0000:00:01.0: reg 0x30: [mem 0x00000000-0x0007ffff pref]
[    0.356995] pci 0000:00:02.0: [1234:11e8] type 00 class 0x00ff00
[    0.357136] pci 0000:00:02.0: reg 0x10: [mem 0x00000000-0x000fffff]
[    0.358776] pci 0000:00:02.0: BAR 0: assigned [mem 0x10000000-0x100fffff]
[    0.359092] pci 0000:00:01.0: BAR 6: assigned [mem 0x10100000-0x1017ffff pref]
[    0.359314] pci 0000:00:01.0: BAR 4: assigned [mem 0x8000000000-0x8000003fff 64bit pref]
[    0.359499] pci 0000:00:01.0: BAR 1: assigned [mem 0x10180000-0x10180fff]
[    0.359626] pci 0000:00:01.0: BAR 0: assigned [io  0x1000-0x101f]
[    0.361652] EINJ: ACPI disabled.
[    0.395036] Serial: 8250/16550 driver, 4 ports, IRQ sharing enabled
[    0.400042] SuperH (H)SCI(F) driver initialized
[    0.401096] msm_serial: driver initialized
[    0.404341] cacheinfo: Unable to detect cache hierarchy for CPU 0
[    0.415056] loop: module loaded
[    0.420834] physmap-flash 0.flash: physmap platform flash device: [mem 0x00000000-0x03ffffff]
[    0.422034] 0.flash: Found 2 x16 devices at 0x0 in 32-bit bank. Manufacturer ID 0x000000 Chip ID 0x000000
[    0.422487] Intel/Sharp Extended Query Table at 0x0031
[    0.423075] Using buffer write method
[    0.423508] physmap-flash 0.flash: physmap platform flash device: [mem 0x04000000-0x07ffffff]
[    0.424035] 0.flash: Found 2 x16 devices at 0x0 in 32-bit bank. Manufacturer ID 0x000000 Chip ID 0x000000
[    0.424226] Intel/Sharp Extended Query Table at 0x0031
[    0.424808] Using buffer write method
[    0.425069] Concatenating MTD devices:
[    0.425150] (0): "0.flash"
[    0.425222] (1): "0.flash"
[    0.425280] into device "0.flash"
[    0.441874] VFIO - User Level meta-driver version: 0.3
[    0.445234] rtc-pl031 9010000.pl031: registered as rtc0
[    0.445795] rtc-pl031 9010000.pl031: setting system clock to 2026-03-22T13:32:04 UTC (1774186324)
[    0.448106] i2c_dev: i2c /dev entries driver
[    0.457740] sdhci: Secure Digital Host Controller Interface driver
[    0.457872] sdhci: Copyright(c) Pierre Ossman
[    0.459236] Synopsys Designware Multimedia Card Interface Driver
[    0.461064] sdhci-pltfm: SDHCI platform and OF driver helper
[    0.464306] ledtrig-cpu: registered to indicate activity on CPUs
[    0.475036] Loading compiled-in X.509 certificates
[    0.482626] uart-pl011 9000000.pl011: no DMA platform data
[    0.517497] Freeing unused kernel memory: 7168K
[    0.518409] Run /init as init process
===DAY31:BOOT===
[day31-guest] verify_len=256 verify_seed=0x41 bench_iter=200 bench_warmup=20 run_bench_all=0
===DAY31:LSPCI_NN:BEGIN===
00:00.0 Class [0600]: Device [1b36:0008]
00:01.0 Class [0200]: Device [1af4:1000]
00:02.0 Class [00ff]: Device [1234:11e8] (rev 10)
===DAY31:LSPCI_NN:END===
===DAY31:LSPCI_VV_NN:BEGIN===
00:00.0 Class [0600]: Device [1b36:0008]
	Subsystem: Device [1af4:1100]
	Control: I/O- Mem- BusMaster- SpecCycle- MemWINV- VGASnoop- ParErr- Stepping- SERR- FastB2B- DisINTx-
	Status: Cap- 66MHz- UDF- FastB2B- ParErr- DEVSEL=fast >TAbort- <TAbort- <MAbort- >SERR- <PERR- INTx-

00:01.0 Class [0200]: Device [1af4:1000]
	Subsystem: Device [1af4:0001]
	Control: I/O- Mem- BusMaster- SpecCycle- MemWINV- VGASnoop- ParErr- Stepping- SERR- FastB2B- DisINTx-
	Status: Cap+ 66MHz- UDF- FastB2B- ParErr- DEVSEL=fast >TAbort- <TAbort- <MAbort- >SERR- <PERR- INTx-
	Interrupt: pin A routed to IRQ 0
	Region 0: I/O ports at 1000 [disabled] [size=32]
	Region 1: Memory at 10180000 (32-bit, non-prefetchable) [disabled] [size=4K]
	Region 4: Memory at 8000000000 (64-bit, prefetchable) [disabled] [size=16K]
	Expansion ROM at 10100000 [virtual] [disabled] [size=512K]
	Capabilities: [98] MSI-X: Enable- Count=4 Masked-
		Vector table: BAR=1 offset=00000000
		PBA: BAR=1 offset=00000800
	Capabilities: [84] Vendor Specific Information: VirtIO: <unknown>
		BAR=0 offset=00000000 size=00000000
	Capabilities: [70] Vendor Specific Information: VirtIO: Notify
		BAR=4 offset=00003000 size=00001000 multiplier=00000004
	Capabilities: [60] Vendor Specific Information: VirtIO: DeviceCfg
		BAR=4 offset=00002000 size=00001000
	Capabilities: [50] Vendor Specific Information: VirtIO: ISR
		BAR=4 offset=00001000 size=00001000
	Capabilities: [40] Vendor Specific Information: VirtIO: CommonCfg
		BAR=4 offset=00000000 size=00001000

00:02.0 Class [00ff]: Device [1234:11e8] (rev 10)
	Subsystem: Device [1af4:1100]
	Control: I/O- Mem- BusMaster- SpecCycle- MemWINV- VGASnoop- ParErr- Stepping- SERR- FastB2B- DisINTx-
	Status: Cap+ 66MHz- UDF- FastB2B- ParErr- DEVSEL=fast >TAbort- <TAbort- <MAbort- >SERR- <PERR- INTx-
	Interrupt: pin A routed to IRQ 0
	Region 0: Memory at 10000000 (32-bit, non-prefetchable) [disabled] [size=1M]
	Capabilities: [40] MSI: Enable- Count=1/1 Maskable- 64bit+
		Address: 0000000000000000  Data: 0000

===DAY31:LSPCI_VV_NN:END===
[    0.691375] day31_edu_bench: loading out-of-tree module taints kernel.
[    0.698269] day31_edu_bench 0000:00:02.0: probe enter: 1234:11e8
[    0.698709] day31_edu_bench 0000:00:02.0: enabling device (0000 -> 0002)
[    0.699182] day31_edu_bench 0000:00:02.0: dma mask set to 32 bits
[    0.699832] day31_edu_bench 0000:00:02.0: BAR0: start=0x10000000 len=0x100000 flags=0x40200
[    0.700098] day31_edu_bench 0000:00:02.0: ident=0x010000ed liveness=0x00000000
[    0.700466] day31_edu_bench 0000:00:02.0: dma_alloc_coherent ok: virt=ffff3e3a82a24000 dma=0x42a24000 bytes=4096
[    0.702170] day31_edu_bench 0000:00:02.0: MSI vector=50 enabled=1
[    0.702569] day31_edu_bench 0000:00:02.0: probe success
[    0.702932] day31_edu_bench: init ok
===DAY31:TOOL_INFO:BEGIN===
tool_api_version=1
vendor=0x1234 device=0x11e8
irq_vector=50 irq_count=0 msi_enabled=1
last_irq_status=0x00000000 last_ack_value=0x00000000
bar0_start=0x10000000 bar0_len=0x100000
dma_handle=0x42a24000 dma_bytes=4096 dma_mask_bits=32
map_bytes=4096 src_off=0 dst_off=2048 max_verify_len=2048
total_run_calls=0 total_run_ok=0 total_run_fail=0 last_run_ns=0
run_len=0 run_seed=0x0 run_ok=0 run_error=0
last_irq_delta=0 last_dma_cmd=0x00000000
mmap_ok=0 mmap_error=0 mmap_len=0 mmap_pgoff=0
===DAY31:TOOL_INFO:END===
===DAY31:DEVICE_STATE_BEFORE:BEGIN===
vendor=0x1234 device=0x11e8
bar0_start=0x10000000 bar0_len=0x100000
irq_vector=50 irq_count=0 msi_enabled=1
last_irq_status=0x00000000 last_ack_value=0x00000000
dma_handle=0x42a24000 dma_bytes=4096 dma_mask_bits=32
map_bytes=4096 src_off=0 dst_off=2048 max_verify_len=2048
total_run_calls=0 total_run_ok=0 total_run_fail=0 last_run_ns=0
run_len=0 run_seed=0x0 run_ok=0 run_error=0
la===DAY31:DEVICE_STATE_BEFORE:END===
===DAY31:MMAP_VERIFY:BEGIN===
[    1.735461] day31_edu_bench 0000:00:02.0: mmap ok: len=4096 pgoff=0 dma=0x42a24000
verify_len=256
verify_seed=0x41
verify_ok=1
mismatch_index=-1
mismatch_expected=0x00
mismatch_actual=0x00
run_ok=1
run_error=0
irq_delta=2
last_run_ns=205596304
last_dma_cmd=0x00000007
mmap_ok=1
mmap_error=0
mmap_len=4096
mmap_pgoff=0
===DAY31:MMAP_VERIFY:END===
===DAY31:BENCH_IOCTL:BEGIN===
mode=ioctl
payload_bytes=0
iterations=200
warmup=20
success_ops=200
failed_ops=0
success_rate=100.00
wall_total_us=3731.30
avg_us=15.942
p50_us=14.384
p95_us=16.480
p99_us=23.616
min_us=14.192
max_us=238.880
throughput_mbps=0.000
cpu_user_pct=0.000
cpu_sys_pct=109.989
csv,mode=ioctl,payload_bytes=0,iterations=200,warmup=20,success_ops=200,failed_ops=0,success_rate=100.00,avg_us=15.942,p50_us=14.384,p95_us=16.480,p99_us=23.616,min_us=14.192,max_us=238.880,throughput_mbps=0.000,cpu_user_pct=0.000,cpu_sys_pct=109.989
===DAY31:BENCH_IOCTL:END===
===DAY31:BENCH_MMAP:BEGIN===
[    1.962267] day31_edu_bench 0000:00:02.0: mmap ok: len=4096 pgoff=0 dma=0x42a24000
mode=mmap
payload_bytes=256
iterations=200
warmup=20
success_ops=200
failed_ops=0
success_rate=100.00
wall_total_us=461.81
avg_us=0.557
p50_us=0.368
p95_us=0.560
p99_us=0.752
min_us=0.336
max_us=35.264
throughput_mbps=886.949
cpu_user_pct=0.000
cpu_sys_pct=122.562
csv,mode=mmap,payload_bytes=256,iterations=200,warmup=20,success_ops=200,failed_ops=0,success_rate=100.00,avg_us=0.557,p50_us=0.368,p95_us=0.560,p99_us=0.752,min_us=0.336,max_us=35.264,throughput_mbps=886.949,cpu_user_pct=0.000,cpu_sys_pct=122.562
===DAY31:BENCH_MMAP:END===
===DAY31:BENCH_DMA:BEGIN===
[    1.969946] day31_edu_bench 0000:00:02.0: mmap ok: len=4096 pgoff=0 dma=0x42a24000
[   27.425006] random: fast init done
mode=dma
payload_bytes=256
iterations=200
warmup=20
success_ops=200
failed_ops=0
success_rate=100.00
wall_total_us=44054719.14
avg_us=200222.804
p50_us=199995.680
p95_us=200369.536
p99_us=208327.968
min_us=199559.552
max_us=208667.424
throughput_mbps=0.009
cpu_user_pct=0.000
cpu_sys_pct=98.590
csv,mode=dma,payload_bytes=256,iterations=200,warmup=20,success_ops=200,failed_ops=0,success_rate=100.00,avg_us=200222.804,p50_us=199995.680,p95_us=200369.536,p99_us=208327.968,min_us=199559.552,max_us=208667.424,throughput_mbps=0.009,cpu_user_pct=0.000,cpu_sys_pct=98.590
===DAY31:BENCH_DMA:END===
===DAY31:BENCH_ALL:BEGIN===
bench-all skipped by default; set day31_run_bench_all=1 to enable
===DAY31:BENCH_ALL:END===
===DAY31:RUN_RESULT:BEGIN===
total_run_calls=221
total_run_ok=221
total_run_fail=0
last_run_ns=199530432
run_len=256
run_seed=0x11c
run_ok=1
run_error=0
irq_delta=2
last_dma_cmd=0x00000007
mmap_ok=1
mmap_error=0
mmap_len=4096
mmap_pgoff=0
===DAY31:RUN_RESULT:END===
===DAY31:DEVICE_STATE_AFTER:BEGIN===
vendor=0x1234 device=0x11e8
bar0_start=0x10000000 bar0_len=0x100000
irq_vector=50 irq_count=442 msi_enabled=1
last_irq_status=0x00000100 last_ack_value=0x00000100
dma_handle=0x42a24000 dma_bytes=4096 dma_mask_bits=32
map_bytes=4096 src_off=0 dst_off=2048 max_verify_len=2048
total_run_calls=221 total_run_ok=221 total_run_fail=0 last_run_ns=199530432
run_len=256 run_seed=0x11c run_o===DAY31:DEVICE_STATE_AFTER:END===
===DAY31:PROC_INTERRUPTS_AFTER:BEGIN===
           CPU0       
 11:      10829     GIC-0  27 Level     arch_timer
 46:          0     GIC-0  34 Level     rtc-pl031
 47:          0     GIC-0  33 Level     uart-pl011
 48:          0     GIC-0  23 Level     arm-pmu
 50:        442       MSI 32768 Edge      day31_edu_bench
IPI0:         0       Rescheduling interrupts
IPI1:         0       Function call interrupts
IPI2:         0       CPU stop interrupts
IPI3:         0       CPU stop (for crash dump) interrupts
IPI4:         0       Timer broadcast interrupts
IPI5:         0       IRQ work interrupts
IPI6:         0       CPU wake-up interrupts
Err:          0
===DAY31:PROC_INTERRUPTS_AFTER:END===
===DAY31:DMESG_DRIVER:BEGIN===
[    0.356995] pci 0000:00:02.0: [1234:11e8] type 00 class 0x00ff00
[    0.691375] day31_edu_bench: loading out-of-tree module taints kernel.
[    0.698269] day31_edu_bench 0000:00:02.0: probe enter: 1234:11e8
[    0.698709] day31_edu_bench 0000:00:02.0: enabling device (0000 -> 0002)
[    0.699182] day31_edu_bench 0000:00:02.0: dma mask set to 32 bits
[    0.699832] day31_edu_bench 0000:00:02.0: BAR0: start=0x10000000 len=0x100000 flags=0x40200
[    0.700098] day31_edu_bench 0000:00:02.0: ident=0x010000ed liveness=0x00000000
[    0.700466] day31_edu_bench 0000:00:02.0: dma_alloc_coherent ok: virt=ffff3e3a82a24000 dma=0x42a24000 bytes=4096
[    0.702170] day31_edu_bench 0000:00:02.0: MSI vector=50 enabled=1
[    0.702569] day31_edu_bench 0000:00:02.0: probe success
[    0.702932] day31_edu_bench: init ok
[    1.735461] day31_edu_bench 0000:00:02.0: mmap ok: len=4096 pgoff=0 dma=0x42a24000
[    1.962267] day31_edu_bench 0000:00:02.0: mmap ok: len=4096 pgoff=0 dma=0x42a24000
[    1.969946] day31_edu_bench 0000:00:02.0: mmap ok: len=4096 pgoff=0 dma=0x42a24000
===DAY31:DMESG_DRIVER:END===
===DAY31:COMPLETE===
[   46.086392] Flash device refused suspend due to active operation (state 20)
[   46.086646] Flash device refused suspend due to active operation (state 20)
[   46.087092] reboot: Power down
