LAB=af-xdp-socket-rings
DATE=2026-05-10T01:30:52+08:00
HOST=wq7-virtual-machine
KERNEL=6.8.0-111-generic
AF_XDP_IFACE=ens192
AF_XDP_MANAGEMENT_IFACE=ens33
AF_XDP_PCI=0000:0b:00.0
AF_XDP_DRIVER=vmxnet3
AF_XDP_MODE=skb
AF_XDP_QUEUE=0
AF_XDP_DURATION=15
AF_XDP_INTERVAL=1
AF_XDP_BIND_MODE=copy

== make show ==
make: Entering directory '/home/wq7/workspace/driver-lab/linux-driver-lab/track-af-xdp/lab-af-xdp-socket-rings/app'
BPF_OBJ=build/af_xdp_kern.bpf.o
USER_BIN=build/af_xdp_rings
BPF_CFLAGS=-O2 -g -Wall -Werror -target bpf -D__TARGET_ARCH_x86 -I/usr/include/x86_64-linux-gnu
USER_LDLIBS=-lbpf -lelf -lz
make: Leaving directory '/home/wq7/workspace/driver-lab/linux-driver-lab/track-af-xdp/lab-af-xdp-socket-rings/app'

== build ==
make: Entering directory '/home/wq7/workspace/driver-lab/linux-driver-lab/track-af-xdp/lab-af-xdp-socket-rings/app'
rm -rf build
mkdir -p build
clang -O2 -g -Wall -Werror -target bpf -D__TARGET_ARCH_x86 -I/usr/include/x86_64-linux-gnu -c af_xdp_kern.bpf.c -o build/af_xdp_kern.bpf.o
cc -O2 -g -Wall -Wextra af_xdp_rings.c -o build/af_xdp_rings -lbpf -lelf -lz
af_xdp_rings.c: In function ‘load_and_attach_bpf’:
af_xdp_rings.c:316:11: warning: implicit declaration of function ‘bpf_xdp_attach’; did you mean ‘bpf_tc_attach’? [-Wimplicit-function-declaration]
  316 |     ret = bpf_xdp_attach(ifindex, prog_fd, xdp_flags(cfg), NULL);
      |           ^~~~~~~~~~~~~~
      |           bpf_tc_attach
af_xdp_rings.c: In function ‘main’:
af_xdp_rings.c:445:5: warning: implicit declaration of function ‘bpf_xdp_detach’; did you mean ‘bpf_tc_detach’? [-Wimplicit-function-declaration]
  445 |     bpf_xdp_detach(ifindex, xdp_flags(&cfg), NULL);
      |     ^~~~~~~~~~~~~~
      |     bpf_tc_detach
/usr/bin/ld: /tmp/ccEV8AoI.o: in function `load_and_attach_bpf':
/home/wq7/workspace/driver-lab/linux-driver-lab/track-af-xdp/lab-af-xdp-socket-rings/app/af_xdp_rings.c:316: undefined reference to `bpf_xdp_attach'
/usr/bin/ld: /home/wq7/workspace/driver-lab/linux-driver-lab/track-af-xdp/lab-af-xdp-socket-rings/app/af_xdp_rings.c:316: undefined reference to `bpf_xdp_attach'
/usr/bin/ld: /tmp/ccEV8AoI.o: in function `main':
/home/wq7/workspace/driver-lab/linux-driver-lab/track-af-xdp/lab-af-xdp-socket-rings/app/af_xdp_rings.c:445: undefined reference to `bpf_xdp_detach'
collect2: error: ld returned 1 exit status
make: *** [Makefile:24: build/af_xdp_rings] Error 1
make: Leaving directory '/home/wq7/workspace/driver-lab/linux-driver-lab/track-af-xdp/lab-af-xdp-socket-rings/app'
