COMMAND: sudo ./build/af_xdp_mode_probe --ifname ens192 --queue 0 --mode skb --copy --duration 8 --interval 1 --obj ./build/af_xdp_kern.bpf.o
libbpf: Error in bpf_create_map_xattr(xsks_map):ERROR: strerror_r(-524)=22(-524). Retrying without BTF.
af-xdp-rings config: ifname=ens192 ifindex=2 queue=0 mode=skb bind=copy duration=8 interval=1
UMEM_READY frames=4096 frame_size=2048 bytes=8388608
XSK_SOCKET_READY fd=3
FILL_RING_READY descriptors=2048
XDP_ATTACHED ifname=ens192 mode=skb
XSKMAP_REGISTERED queue=0 fd=3
AF_XDP_RINGS_READY fq=2048 cq=2048 rx=2048 tx=2048
enter AF_XDP rx loop
AF_XDP_STATS rx_packets=0 rx_bytes=0 fill_recycled=0 rx_empty_polls=1 comp_seen=0
AF_XDP_STATS rx_packets=0 rx_bytes=0 fill_recycled=0 rx_empty_polls=9 comp_seen=0
AF_XDP_STATS rx_packets=0 rx_bytes=0 fill_recycled=0 rx_empty_polls=19 comp_seen=0
AF_XDP_STATS rx_packets=0 rx_bytes=0 fill_recycled=0 rx_empty_polls=29 comp_seen=0
AF_XDP_STATS rx_packets=0 rx_bytes=0 fill_recycled=0 rx_empty_polls=39 comp_seen=0
AF_XDP_STATS rx_packets=0 rx_bytes=0 fill_recycled=0 rx_empty_polls=49 comp_seen=0
AF_XDP_STATS rx_packets=0 rx_bytes=0 fill_recycled=0 rx_empty_polls=59 comp_seen=0
AF_XDP_STATS rx_packets=0 rx_bytes=0 fill_recycled=0 rx_empty_polls=69 comp_seen=0
AF_XDP_STATS rx_packets=0 rx_bytes=0 fill_recycled=0 rx_empty_polls=79 comp_seen=0
leaving AF_XDP rx loop
AF_XDP_FINAL_STATS rx_packets=0 rx_bytes=0 fill_recycled=0 rx_empty_polls=79 comp_seen=0
detaching XDP program
bye
PROBE_RC=0
