# Environment check
timestamp=2026-06-30T23:44:17+08:00

===== uname =====
$ uname -a
Linux wq7-virtual-machine 6.8.0-124-generic #124~22.04.1-Ubuntu SMP PREEMPT_DYNAMIC Tue May 26 21:05:19 UTC  x86_64 x86_64 x86_64 GNU/Linux

===== compiler =====
$ sh -c command\ -v\ gcc\ \|\|\ command\ -v\ cc\ \|\|\ true
/usr/bin/gcc

===== make =====
$ sh -c command\ -v\ make\ \|\|\ true
/usr/bin/make

===== pkg-config libibverbs =====
$ sh -c pkg-config\ --cflags\ --libs\ libibverbs\ 2\>/dev/null\ \|\|\ true
-I/usr/include/libnl3 -libverbs

===== verbs packages =====
$ sh -c dpkg\ -l\ \|\ grep\ -E\ \'libibverbs\|ibverbs-providers\|ibverbs-utils\|rdma-core\'\ \|\|\ true
ii  ibverbs-providers:amd64                    39.0-1                                            amd64        User space provider drivers for libibverbs
ii  ibverbs-utils                              39.0-1                                            amd64        Examples for the libibverbs library
ii  libibverbs-dev:amd64                       39.0-1                                            amd64        Development files for the libibverbs library
ii  libibverbs1:amd64                          39.0-1                                            amd64        Library for direct userspace use of RDMA (InfiniBand/iWARP)
ii  rdma-core                                  39.0-1                                            amd64        RDMA core userspace infrastructure and documentation

===== verbs header =====
$ sh -c test\ -f\ /usr/include/infiniband/verbs.h\ \&\&\ echo\ VERBS_HEADER_PRESENT\ \|\|\ echo\ VERBS_HEADER_MISSING
VERBS_HEADER_PRESENT

===== rdma dev =====
$ sh -c rdma\ dev\ 2\>/dev/null\ \|\|\ true
0: rxe0: node_type ca node_guid 020c:29ff:fef8:f678 sys_image_guid 020c:29ff:fef8:f678 
