COMMAND: sudo ./build/af_xdp_rings --ifname veth-xdp --queue 0 --mode skb --copy --duration 12 --interval 1 --obj ./build/af_xdp_kern.bpf.o
libbpf: Error in bpf_create_map_xattr(xsks_map):ERROR: strerror_r(-524)=22(-524). Retrying without BTF.
af-xdp-rings config: ifname=veth-xdp ifindex=8 queue=0 mode=skb bind=copy duration=12 interval=1
UMEM_READY frames=4096 frame_size=2048 bytes=8388608
XSK_SOCKET_READY fd=3
FILL_RING_READY descriptors=2048
XDP_ATTACHED ifname=veth-xdp mode=skb
XSKMAP_REGISTERED queue=0 fd=3
AF_XDP_RINGS_READY fq=2048 cq=2048 rx=2048 tx=2048
enter AF_XDP rx loop
AF_XDP_STATS rx_packets=0 rx_bytes=0 fill_recycled=0 rx_empty_polls=1 comp_seen=0
AF_XDP_STATS rx_packets=0 rx_bytes=0 fill_recycled=0 rx_empty_polls=2 comp_seen=0
AF_XDP_STATS rx_packets=0 rx_bytes=0 fill_recycled=0 rx_empty_polls=12 comp_seen=0
AF_XDP_STATS rx_packets=1 rx_bytes=42 fill_recycled=1 rx_empty_polls=20 comp_seen=0
AF_XDP_STATS rx_packets=2 rx_bytes=84 fill_recycled=2 rx_empty_polls=29 comp_seen=0
AF_XDP_STATS rx_packets=3 rx_bytes=126 fill_recycled=3 rx_empty_polls=38 comp_seen=0
AF_XDP_STATS rx_packets=3 rx_bytes=126 fill_recycled=3 rx_empty_polls=47 comp_seen=0
AF_XDP_STATS rx_packets=3 rx_bytes=126 fill_recycled=3 rx_empty_polls=57 comp_seen=0
AF_XDP_STATS rx_packets=3 rx_bytes=126 fill_recycled=3 rx_empty_polls=66 comp_seen=0
AF_XDP_STATS rx_packets=3 rx_bytes=126 fill_recycled=3 rx_empty_polls=75 comp_seen=0
AF_XDP_STATS rx_packets=3 rx_bytes=126 fill_recycled=3 rx_empty_polls=85 comp_seen=0
AF_XDP_STATS rx_packets=3 rx_bytes=126 fill_recycled=3 rx_empty_polls=94 comp_seen=0
AF_XDP_STATS rx_packets=3 rx_bytes=126 fill_recycled=3 rx_empty_polls=103 comp_seen=0
leaving AF_XDP rx loop
AF_XDP_FINAL_STATS rx_packets=3 rx_bytes=126 fill_recycled=3 rx_empty_polls=103 comp_seen=0
detaching XDP program
bye
