COMMAND: ./xdp_loader run --ifname ens192 --mode skb --action pass --duration 10 --interval 1 --obj ./xdp_redirect_basics.bpf.o
libbpf: Error in bpf_create_map_xattr(xsks_map):ERROR: strerror_r(-524)=22(-524). Retrying without BTF.
attached XDP program
ifname=ens192 ifindex=2 mode=skb action=pass(2) duration=10 interval=1 obj=./xdp_redirect_basics.bpf.o ncpus=128

=== xdp stats @ 1778345218 ===
action=drop     key=1 packets=0 bytes=0
action=pass     key=2 packets=0 bytes=0
action=redirect key=4 packets=0 bytes=0

=== xdp stats @ 1778345219 ===
action=drop     key=1 packets=0 bytes=0
action=pass     key=2 packets=0 bytes=0
action=redirect key=4 packets=0 bytes=0

=== xdp stats @ 1778345220 ===
action=drop     key=1 packets=0 bytes=0
action=pass     key=2 packets=0 bytes=0
action=redirect key=4 packets=0 bytes=0

=== xdp stats @ 1778345221 ===
action=drop     key=1 packets=0 bytes=0
action=pass     key=2 packets=0 bytes=0
action=redirect key=4 packets=0 bytes=0

=== xdp stats @ 1778345222 ===
action=drop     key=1 packets=0 bytes=0
action=pass     key=2 packets=0 bytes=0
action=redirect key=4 packets=0 bytes=0

=== xdp stats @ 1778345223 ===
action=drop     key=1 packets=0 bytes=0
action=pass     key=2 packets=0 bytes=0
action=redirect key=4 packets=0 bytes=0

=== xdp stats @ 1778345224 ===
action=drop     key=1 packets=0 bytes=0
action=pass     key=2 packets=0 bytes=0
action=redirect key=4 packets=0 bytes=0

=== xdp stats @ 1778345225 ===
action=drop     key=1 packets=0 bytes=0
action=pass     key=2 packets=0 bytes=0
action=redirect key=4 packets=0 bytes=0

=== xdp stats @ 1778345226 ===
action=drop     key=1 packets=0 bytes=0
action=pass     key=2 packets=0 bytes=0
action=redirect key=4 packets=0 bytes=0

=== xdp stats @ 1778345227 ===
action=drop     key=1 packets=0 bytes=0
action=pass     key=2 packets=0 bytes=0
action=redirect key=4 packets=0 bytes=0
detaching XDP program
detach ok
