COMMAND: sudo ./build/af_xdp_forwarder --ifname veth-xdp --queue 0 --mode skb --copy --forward reflect --duration 10 --interval 1 --obj ./build/af_xdp_forwarder_kern.bpf.o
libbpf: Error in bpf_create_map_xattr(xsks_map):ERROR: strerror_r(-524)=22(-524). Retrying without BTF.
af-xdp-mini-forwarder config: ifname=veth-xdp ifindex=10 queue=0 xdp_mode=skb bind=copy forward=reflect duration=10 interval=1
UMEM_READY frames=4096 frame_size=2048 bytes=8388608
XSK_SOCKET_READY fd=3
FILL_RING_READY descriptors=2048
XDP_ATTACHED ifname=veth-xdp mode=skb
XSKMAP_REGISTERED queue=0 fd=3
AF_XDP_FORWARDER_READY mode=reflect fq=2048 cq=2048 rx=2048 tx=2048
enter AF_XDP mini forwarder loop
FORWARDER_STATS rx_packets=0 rx_bytes=0 tx_packets=0 tx_bytes=0 dropped_packets=0 fill_recycled=0 tx_full_drops=0 comp_packets=0 rx_empty_polls=1
FORWARDER_STATS rx_packets=0 rx_bytes=0 tx_packets=0 tx_bytes=0 dropped_packets=0 fill_recycled=0 tx_full_drops=0 comp_packets=0 rx_empty_polls=9
FORWARDER_STATS rx_packets=1 rx_bytes=42 tx_packets=1 tx_bytes=42 dropped_packets=0 fill_recycled=1 tx_full_drops=0 comp_packets=1 rx_empty_polls=18
FORWARDER_STATS rx_packets=2 rx_bytes=84 tx_packets=2 tx_bytes=84 dropped_packets=0 fill_recycled=2 tx_full_drops=0 comp_packets=2 rx_empty_polls=27
FORWARDER_STATS rx_packets=3 rx_bytes=126 tx_packets=3 tx_bytes=126 dropped_packets=0 fill_recycled=3 tx_full_drops=0 comp_packets=3 rx_empty_polls=35
FORWARDER_STATS rx_packets=3 rx_bytes=126 tx_packets=3 tx_bytes=126 dropped_packets=0 fill_recycled=3 tx_full_drops=0 comp_packets=3 rx_empty_polls=45
FORWARDER_STATS rx_packets=3 rx_bytes=126 tx_packets=3 tx_bytes=126 dropped_packets=0 fill_recycled=3 tx_full_drops=0 comp_packets=3 rx_empty_polls=54
FORWARDER_STATS rx_packets=3 rx_bytes=126 tx_packets=3 tx_bytes=126 dropped_packets=0 fill_recycled=3 tx_full_drops=0 comp_packets=3 rx_empty_polls=64
FORWARDER_STATS rx_packets=3 rx_bytes=126 tx_packets=3 tx_bytes=126 dropped_packets=0 fill_recycled=3 tx_full_drops=0 comp_packets=3 rx_empty_polls=73
FORWARDER_STATS rx_packets=3 rx_bytes=126 tx_packets=3 tx_bytes=126 dropped_packets=0 fill_recycled=3 tx_full_drops=0 comp_packets=3 rx_empty_polls=82
FORWARDER_STATS rx_packets=3 rx_bytes=126 tx_packets=3 tx_bytes=126 dropped_packets=0 fill_recycled=3 tx_full_drops=0 comp_packets=3 rx_empty_polls=92
leaving AF_XDP mini forwarder loop
FORWARDER_FINAL_STATS rx_packets=3 rx_bytes=126 tx_packets=3 tx_bytes=126 dropped_packets=0 fill_recycled=3 tx_full_drops=0 comp_packets=3 rx_empty_polls=92
detaching XDP program
bye
FORWARDER_RC=0
