[    0.000000] Booting Linux on physical CPU 0x0000000000 [0x411fd070]
[    0.000000] Linux version 5.15.10 (wq7@wq7-virtual-machine) (aarch64-linux-gnu-gcc (Ubuntu 11.4.0-1ubuntu1~22.04) 11.4.0, GNU ld (GNU Binutils for Ubuntu) 2.38) #9 SMP PREEMPT Mon Mar 16 23:06:44 CST 2026
[    0.000000] Machine model: linux,dummy-virt
[    0.000000] efi: UEFI not found.
[    0.000000] NUMA: No NUMA configuration found
[    0.000000] NUMA: Faking a node at [mem 0x0000000040000000-0x000000005fffffff]
[    0.000000] NUMA: NODE_DATA [mem 0x5fef0c00-0x5fef2fff]
[    0.000000] Zone ranges:
[    0.000000]   DMA      [mem 0x0000000040000000-0x000000005fffffff]
[    0.000000]   DMA32    empty
[    0.000000]   Normal   empty
[    0.000000] Movable zone start for each node
[    0.000000] Early memory node ranges
[    0.000000]   node   0: [mem 0x0000000040000000-0x000000005fffffff]
[    0.000000] Initmem setup node 0 [mem 0x0000000040000000-0x000000005fffffff]
[    0.000000] cma: Reserved 32 MiB at 0x000000005d400000
[    0.000000] psci: probing for conduit method from DT.
[    0.000000] psci: PSCIv0.2 detected in firmware.
[    0.000000] psci: Using standard PSCI v0.2 function IDs
[    0.000000] psci: Trusted OS migration not required
[    0.000000] percpu: Embedded 27 pages/cpu s72200 r8192 d30200 u110592
[    0.000000] Detected PIPT I-cache on CPU0
[    0.000000] CPU features: detected: Spectre-v2
[    0.000000] CPU features: detected: Spectre-v3a
[    0.000000] CPU features: detected: Spectre-v4
[    0.000000] CPU features: kernel page table isolation forced ON by KASLR
[    0.000000] CPU features: detected: Kernel page table isolation (KPTI)
[    0.000000] CPU features: detected: ARM erratum 834220
[    0.000000] CPU features: detected: ARM erratum 832075
[    0.000000] CPU features: detected: ARM errata 1165522, 1319367, or 1530923
[    0.000000] Built 1 zonelists, mobility grouping on.  Total pages: 129024
[    0.000000] Policy zone: DMA
[    0.000000] Kernel command line: console=ttyAMA0 rdinit=/init
[    0.000000] Dentry cache hash table entries: 65536 (order: 7, 524288 bytes, linear)
[    0.000000] Inode-cache hash table entries: 32768 (order: 6, 262144 bytes, linear)
[    0.000000] mem auto-init: stack:off, heap alloc:off, heap free:off
[    0.000000] Memory: 450004K/524288K available (10688K kernel code, 3264K rwdata, 6640K rodata, 7168K init, 444K bss, 41516K reserved, 32768K cma-reserved)
[    0.000000] SLUB: HWalign=64, Order=0-3, MinObjects=0, CPUs=1, Nodes=1
[    0.000000] ftrace: allocating 38233 entries in 150 pages
[    0.000000] ftrace: allocated 150 pages with 4 groups
[    0.000000] trace event string verifier disabled
[    0.000000] rcu: Preemptible hierarchical RCU implementation.
[    0.000000] rcu: 	RCU event tracing is enabled.
[    0.000000] rcu: 	RCU restricting CPUs from NR_CPUS=256 to nr_cpu_ids=1.
[    0.000000] 	Trampoline variant of Tasks RCU enabled.
[    0.000000] 	Rude variant of Tasks RCU enabled.
[    0.000000] rcu: RCU calculated value of scheduler-enlistment delay is 25 jiffies.
[    0.000000] rcu: Adjusting geometry for rcu_fanout_leaf=16, nr_cpu_ids=1
[    0.000000] NR_IRQS: 64, nr_irqs: 64, preallocated irqs: 0
[    0.000000] Root IRQ handler: gic_handle_irq
[    0.000000] GICv2m: range[mem 0x08020000-0x08020fff], SPI[80:143]
[    0.000000] random: get_random_bytes called from start_kernel+0x514/0x700 with crng_init=0
[    0.000000] arch_timer: cp15 timer(s) running at 62.50MHz (virt).
[    0.000000] clocksource: arch_sys_counter: mask: 0xffffffffffffff max_cycles: 0x1cd42e208c, max_idle_ns: 881590405314 ns
[    0.000051] sched_clock: 56 bits at 62MHz, resolution 16ns, wraps every 4398046511096ns
[    0.002369] Console: colour dummy device 80x25
[    0.003656] Calibrating delay loop (skipped), value calculated using timer frequency.. 125.00 BogoMIPS (lpj=250000)
[    0.003766] pid_max: default: 32768 minimum: 301
[    0.004413] LSM: Security Framework initializing
[    0.006944] Mount-cache hash table entries: 1024 (order: 1, 8192 bytes, linear)
[    0.006981] Mountpoint-cache hash table entries: 1024 (order: 1, 8192 bytes, linear)
[    0.024303] /cpus/cpu-map: empty cluster
[    0.029027] rcu: Hierarchical SRCU implementation.
[    0.032118] EFI services will not be available.
[    0.032487] smp: Bringing up secondary CPUs ...
[    0.032555] smp: Brought up 1 node, 1 CPU
[    0.032577] SMP: Total of 1 processors activated.
[    0.032625] CPU features: detected: 32-bit EL0 Support
[    0.032641] CPU features: detected: 32-bit EL1 Support
[    0.032683] CPU features: detected: CRC32 instructions
[    0.051369] CPU: All CPU(s) started at EL1
[    0.052778] alternatives: patching kernel code
[    0.061634] devtmpfs: initialized
[    0.067676] KASLR enabled
[    0.068264] clocksource: jiffies: mask: 0xffffffff max_cycles: 0xffffffff, max_idle_ns: 7645041785100000 ns
[    0.068390] futex hash table entries: 256 (order: 2, 16384 bytes, linear)
[    0.071472] pinctrl core: initialized pinctrl subsystem
[    0.078602] DMI not present or invalid.
[    0.085065] DMA: preallocated 128 KiB GFP_KERNEL pool for atomic allocations
[    0.085325] DMA: preallocated 128 KiB GFP_KERNEL|GFP_DMA pool for atomic allocations
[    0.085535] DMA: preallocated 128 KiB GFP_KERNEL|GFP_DMA32 pool for atomic allocations
[    0.088269] thermal_sys: Registered thermal governor 'step_wise'
[    0.088300] thermal_sys: Registered thermal governor 'power_allocator'
[    0.089964] cpuidle: using governor menu
[    0.090554] hw-breakpoint: found 6 breakpoint and 4 watchpoint registers.
[    0.090846] ASID allocator initialised with 32768 entries
[    0.093280] Serial: AMBA PL011 UART driver
[    0.131137] 9000000.pl011: ttyAMA0 at MMIO 0x9000000 (irq = 47, base_baud = 0) is a PL011 rev1
[    0.140723] printk: console [ttyAMA0] enabled
[    0.157634] HugeTLB registered 1.00 GiB page size, pre-allocated 0 pages
[    0.157783] HugeTLB registered 32.0 MiB page size, pre-allocated 0 pages
[    0.157901] HugeTLB registered 2.00 MiB page size, pre-allocated 0 pages
[    0.158040] HugeTLB registered 64.0 KiB page size, pre-allocated 0 pages
[    0.165232] cryptd: max_cpu_qlen set to 1000
[    0.171853] ACPI: Interpreter disabled.
[    0.176524] iommu: Default domain type: Translated 
[    0.176646] iommu: DMA domain TLB invalidation policy: strict mode 
[    0.177321] vgaarb: loaded
[    0.178060] SCSI subsystem initialized
[    0.179065] pps_core: LinuxPPS API ver. 1 registered
[    0.179187] pps_core: Software ver. 5.3.6 - Copyright 2005-2007 Rodolfo Giometti <giometti@linux.it>
[    0.180604] EDAC MC: Ver: 3.0.0
[    0.183953] FPGA manager framework
[    0.185812] clocksource: Switched to clocksource arch_sys_counter
[    0.215936] VFS: Disk quotas dquot_6.6.0
[    0.216168] VFS: Dquot-cache hash table entries: 512 (order 0, 4096 bytes)
[    0.217228] pnp: PnP ACPI: disabled
[    0.235654] PCI: CLS 0 bytes, default 64
[    0.239642] Unpacking initramfs...
[    0.242282] hw perfevents: enabled with armv8_pmuv3 PMU driver, 5 counters available
[    0.242789] kvm [1]: HYP mode not available
[    0.293873] Initialise system trusted keyrings
[    0.294863] workingset: timestamp_bits=42 max_order=17 bucket_order=0
[    0.307646] squashfs: version 4.0 (2009/01/31) Phillip Lougher
[    0.326619] Freeing initrd memory: 1924K
[    0.333153] Key type asymmetric registered
[    0.333291] Asymmetric key parser 'x509' registered
[    0.333736] Block layer SCSI generic (bsg) driver version 0.4 loaded (major 246)
[    0.333963] io scheduler mq-deadline registered
[    0.334085] io scheduler kyber registered
[    0.352196] pl061_gpio 9030000.pl061: PL061 GPIO chip registered
[    0.355037] pci-host-generic 4010000000.pcie: host bridge /pcie@10000000 ranges:
[    0.355640] pci-host-generic 4010000000.pcie:       IO 0x003eff0000..0x003effffff -> 0x0000000000
[    0.356098] pci-host-generic 4010000000.pcie:      MEM 0x0010000000..0x003efeffff -> 0x0010000000
[    0.356295] pci-host-generic 4010000000.pcie:      MEM 0x8000000000..0xffffffffff -> 0x8000000000
[    0.356733] pci-host-generic 4010000000.pcie: Memory resource size exceeds max for 32 bits
[    0.357164] pci-host-generic 4010000000.pcie: ECAM at [mem 0x4010000000-0x401fffffff] for [bus 00-ff]
[    0.357911] pci-host-generic 4010000000.pcie: PCI host bridge to bus 0000:00
[    0.358145] pci_bus 0000:00: root bus resource [bus 00-ff]
[    0.358277] pci_bus 0000:00: root bus resource [io  0x0000-0xffff]
[    0.358453] pci_bus 0000:00: root bus resource [mem 0x10000000-0x3efeffff]
[    0.358800] pci_bus 0000:00: root bus resource [mem 0x8000000000-0xffffffffff]
[    0.359827] pci 0000:00:00.0: [1b36:0008] type 00 class 0x060000
[    0.361898] pci 0000:00:01.0: [1af4:1000] type 00 class 0x020000
[    0.362166] pci 0000:00:01.0: reg 0x10: [io  0x0000-0x001f]
[    0.362291] pci 0000:00:01.0: reg 0x14: [mem 0x00000000-0x00000fff]
[    0.362463] pci 0000:00:01.0: reg 0x20: [mem 0x00000000-0x00003fff 64bit pref]
[    0.362680] pci 0000:00:01.0: reg 0x30: [mem 0x00000000-0x0007ffff pref]
[    0.363135] pci 0000:00:02.0: [1234:11e8] type 00 class 0x00ff00
[    0.363273] pci 0000:00:02.0: reg 0x10: [mem 0x00000000-0x000fffff]
[    0.364729] pci 0000:00:02.0: BAR 0: assigned [mem 0x10000000-0x100fffff]
[    0.365006] pci 0000:00:01.0: BAR 6: assigned [mem 0x10100000-0x1017ffff pref]
[    0.365224] pci 0000:00:01.0: BAR 4: assigned [mem 0x8000000000-0x8000003fff 64bit pref]
[    0.365428] pci 0000:00:01.0: BAR 1: assigned [mem 0x10180000-0x10180fff]
[    0.365567] pci 0000:00:01.0: BAR 0: assigned [io  0x1000-0x101f]
[    0.367716] EINJ: ACPI disabled.
[    0.400909] Serial: 8250/16550 driver, 4 ports, IRQ sharing enabled
[    0.405263] SuperH (H)SCI(F) driver initialized
[    0.406275] msm_serial: driver initialized
[    0.409280] cacheinfo: Unable to detect cache hierarchy for CPU 0
[    0.420998] loop: module loaded
[    0.426133] physmap-flash 0.flash: physmap platform flash device: [mem 0x00000000-0x03ffffff]
[    0.427256] 0.flash: Found 2 x16 devices at 0x0 in 32-bit bank. Manufacturer ID 0x000000 Chip ID 0x000000
[    0.427717] Intel/Sharp Extended Query Table at 0x0031
[    0.428312] Using buffer write method
[    0.428715] physmap-flash 0.flash: physmap platform flash device: [mem 0x04000000-0x07ffffff]
[    0.429249] 0.flash: Found 2 x16 devices at 0x0 in 32-bit bank. Manufacturer ID 0x000000 Chip ID 0x000000
[    0.429655] Intel/Sharp Extended Query Table at 0x0031
[    0.430395] Using buffer write method
[    0.430576] Concatenating MTD devices:
[    0.430659] (0): "0.flash"
[    0.430715] (1): "0.flash"
[    0.430770] into device "0.flash"
[    0.447654] VFIO - User Level meta-driver version: 0.3
[    0.451861] rtc-pl031 9010000.pl031: registered as rtc0
[    0.452306] rtc-pl031 9010000.pl031: setting system clock to 2026-03-21T16:39:17 UTC (1774111157)
[    0.453889] i2c_dev: i2c /dev entries driver
[    0.462666] sdhci: Secure Digital Host Controller Interface driver
[    0.462813] sdhci: Copyright(c) Pierre Ossman
[    0.464462] Synopsys Designware Multimedia Card Interface Driver
[    0.467705] sdhci-pltfm: SDHCI platform and OF driver helper
[    0.470486] ledtrig-cpu: registered to indicate activity on CPUs
[    0.481096] Loading compiled-in X.509 certificates
[    0.488599] uart-pl011 9000000.pl011: no DMA platform data
[    0.523669] Freeing unused kernel memory: 7168K
[    0.524390] Run /init as init process
===DAY26:BOOT:BEGIN===
Linux (none) 5.15.10 #9 SMP PREEMPT Mon Mar 16 23:06:44 CST 2026 aarch64 GNU/Linux
===DAY26:BOOT:END===
===DAY26:LSPCI_NN:BEGIN===
00:00.0 Class [0600]: Device [1b36:0008]
00:01.0 Class [0200]: Device [1af4:1000]
00:02.0 Class [00ff]: Device [1234:11e8] (rev 10)
===DAY26:LSPCI_NN:END===
===DAY26:LSPCI_VV_NN:BEGIN===
00:00.0 Class [0600]: Device [1b36:0008]
	Subsystem: Device [1af4:1100]
	Control: I/O- Mem- BusMaster- SpecCycle- MemWINV- VGASnoop- ParErr- Stepping- SERR- FastB2B- DisINTx-
	Status: Cap- 66MHz- UDF- FastB2B- ParErr- DEVSEL=fast >TAbort- <TAbort- <MAbort- >SERR- <PERR- INTx-

00:01.0 Class [0200]: Device [1af4:1000]
	Subsystem: Device [1af4:0001]
	Control: I/O- Mem- BusMaster- SpecCycle- MemWINV- VGASnoop- ParErr- Stepping- SERR- FastB2B- DisINTx-
	Status: Cap+ 66MHz- UDF- FastB2B- ParErr- DEVSEL=fast >TAbort- <TAbort- <MAbort- >SERR- <PERR- INTx-
	Interrupt: pin A routed to IRQ 0
	Region 0: I/O ports at 1000 [disabled] [size=32]
	Region 1: Memory at 10180000 (32-bit, non-prefetchable) [disabled] [size=4K]
	Region 4: Memory at 8000000000 (64-bit, prefetchable) [disabled] [size=16K]
	Expansion ROM at 10100000 [virtual] [disabled] [size=512K]
	Capabilities: [98] MSI-X: Enable- Count=4 Masked-
		Vector table: BAR=1 offset=00000000
		PBA: BAR=1 offset=00000800
	Capabilities: [84] Vendor Specific Information: VirtIO: <unknown>
		BAR=0 offset=00000000 size=00000000
	Capabilities: [70] Vendor Specific Information: VirtIO: Notify
		BAR=4 offset=00003000 size=00001000 multiplier=00000004
	Capabilities: [60] Vendor Specific Information: VirtIO: DeviceCfg
		BAR=4 offset=00002000 size=00001000
	Capabilities: [50] Vendor Specific Information: VirtIO: ISR
		BAR=4 offset=00001000 size=00001000
	Capabilities: [40] Vendor Specific Information: VirtIO: CommonCfg
		BAR=4 offset=00000000 size=00001000

00:02.0 Class [00ff]: Device [1234:11e8] (rev 10)
	Subsystem: Device [1af4:1100]
	Control: I/O- Mem- BusMaster- SpecCycle- MemWINV- VGASnoop- ParErr- Stepping- SERR- FastB2B- DisINTx-
	Status: Cap+ 66MHz- UDF- FastB2B- ParErr- DEVSEL=fast >TAbort- <TAbort- <MAbort- >SERR- <PERR- INTx-
	Interrupt: pin A routed to IRQ 0
	Region 0: Memory at 10000000 (32-bit, non-prefetchable) [disabled] [size=1M]
	Capabilities: [40] MSI: Enable- Count=1/1 Maskable- 64bit+
		Address: 0000000000000000  Data: 0000

===DAY26:LSPCI_VV_NN:END===
[    0.664299] day26_edu_tool: loading out-of-tree module taints kernel.
[    0.670486] day26_edu_tool 0000:00:02.0: probe enter: 1234:11e8
[    0.670977] day26_edu_tool 0000:00:02.0: enabling device (0000 -> 0002)
[    0.673594] day26_edu_tool 0000:00:02.0: BAR0: start=0x10000000 len=0x100000
[    0.673773] day26_edu_tool 0000:00:02.0: identity=0x010000ed liveness=0x00000000 inverted=0xffffffff
[    0.673943] day26_edu_tool 0000:00:02.0: MSI vector=50
[    0.674326] day26_edu_tool 0000:00:02.0: probe success
[    0.674720] day26_edu_tool: module init
===DAY26:INFO_BEFORE:BEGIN===
tool_api_version=1
vendor=0x1234 device=0x11e8
bar0_start=0x10000000 bar0_len=0x100000
irq_vector=50 irq_count=0 msi_enabled=1
identity_value=0x010000ed
liveness_value=0x00000000 liveness_inverted=0xffffffff
last_irq_status=0x00000000 last_ack_value=0x00000000
===DAY26:INFO_BEFORE:END===
===DAY26:READ_STATE_BEFORE:BEGIN===
vendor=0x1234 device=0x11e8
bar0_start=0x10000000 bar0_len=0x100000
irq_vector=50 irq_count=0 msi_enabled=1
identity_value=0x010000ed
liveness_value=0x00000000 liveness_inverted=0xffffffff
last_irq_status=0x00000000 last_ack_value=0x00000000
===DAY26:READ_STATE_BEFORE:END===
===DAY26:IRQ_COUNT_BEFORE:BEGIN===
irq_count=0
===DAY26:IRQ_COUNT_BEFORE:END===
===DAY26:IRQ_STATUS_BEFORE:BEGIN===
irq_status=0x00000000 ack_value=0x00000000
===DAY26:IRQ_STATUS_BEFORE:END===
===DAY26:PROC_INTERRUPTS_BEFORE:BEGIN===
 50:          0       MSI 32768 Edge      day26_edu_tool
===DAY26:PROC_INTERRUPTS_BEFORE:END===
===DAY26:TRIGGER:BEGIN===
[    2.739604] day26_edu_tool 0000:00:02.0: write trigger: value=0x00000001
[    2.740038] day26_edu_tool 0000:00:02.0: irq handler: irq=50 status=0x00000001 count=1
triggered value=0x00000001
===DAY26:TRIGGER:END===
===DAY26:IRQ_COUNT_AFTER:BEGIN===
irq_count=1
===DAY26:IRQ_COUNT_AFTER:END===
===DAY26:IRQ_STATUS_AFTER:BEGIN===
irq_status=0x00000001 ack_value=0x00000001
===DAY26:IRQ_STATUS_AFTER:END===
===DAY26:READ_STATE_AFTER:BEGIN===
vendor=0x1234 device=0x11e8
bar0_start=0x10000000 bar0_len=0x100000
irq_vector=50 irq_count=1 msi_enabled=1
identity_value=0x010000ed
liveness_value=0x00000000 liveness_inverted=0xffffffff
last_irq_status=0x00000001 last_ack_value=0x00000001
===DAY26:READ_STATE_AFTER:END===
===DAY26:PROC_INTERRUPTS_AFTER:BEGIN===
 50:          1       MSI 32768 Edge      day26_edu_tool
===DAY26:PROC_INTERRUPTS_AFTER:END===
===DAY26:INVALID_TRIGGER_ZERO:BEGIN===
write trigger failed: Invalid argument
rc=5
===DAY26:INVALID_TRIGGER_ZERO:END===
===DAY26:RESET_STATS:BEGIN===
stats reset
irq_count=0
===DAY26:RESET_STATS:END===
===DAY26:DMESG_DRIVER:BEGIN===
[    0.000000] rcu: RCU calculated value of scheduler-enlistment delay is 25 jiffies.
[    0.333963] io scheduler mq-deadline registered
[    0.334085] io scheduler kyber registered
[    0.664299] day26_edu_tool: loading out-of-tree module taints kernel.
[    0.670486] day26_edu_tool 0000:00:02.0: probe enter: 1234:11e8
[    0.670977] day26_edu_tool 0000:00:02.0: enabling device (0000 -> 0002)
[    0.673594] day26_edu_tool 0000:00:02.0: BAR0: start=0x10000000 len=0x100000
[    0.673773] day26_edu_tool 0000:00:02.0: identity=0x010000ed liveness=0x00000000 inverted=0xffffffff
[    0.673943] day26_edu_tool 0000:00:02.0: MSI vector=50
[    0.674326] day26_edu_tool 0000:00:02.0: probe success
[    0.674720] day26_edu_tool: module init
[    2.739604] day26_edu_tool 0000:00:02.0: write trigger: value=0x00000001
[    2.740038] day26_edu_tool 0000:00:02.0: irq handler: irq=50 status=0x00000001 count=1
===DAY26:DMESG_DRIVER:END===
[    3.841275] day26_edu_tool 0000:00:02.0: remove enter
[    3.845275] day26_edu_tool 0000:00:02.0: remove leave
[    3.846025] day26_edu_tool: module exit
===DAY26:COMPLETE===
[    3.866217] Flash device refused suspend due to active operation (state 20)
[    3.866456] Flash device refused suspend due to active operation (state 20)
[    3.867440] reboot: Power down
