# RDMA capability check
record_dir=/home/wq7/workspace/driver-lab/linux-driver-lab/track-rdma-core/lab-rdma-env-capability/records/20260630-233244-rdma-env
timestamp=2026-06-30T23:33:16+08:00

===== command availability =====
CMD_PRESENT ibv_devices /usr/bin/ibv_devices
CMD_PRESENT ibv_devinfo /usr/bin/ibv_devinfo
CMD_PRESENT rdma /usr/bin/rdma

===== ibv_devices =====
$ ibv_devices
    device          	   node GUID
    ------          	----------------
    rxe0            	020c29fffef8f678

===== ibv_devinfo =====
$ ibv_devinfo
hca_id:	rxe0
	transport:			InfiniBand (0)
	fw_ver:				0.0.0
	node_guid:			020c:29ff:fef8:f678
	sys_image_guid:			020c:29ff:fef8:f678
	vendor_id:			0xffffff
	vendor_part_id:			0
	hw_ver:				0x0
	phys_port_cnt:			1
		port:	1
			state:			PORT_ACTIVE (4)
			max_mtu:		4096 (5)
			active_mtu:		1024 (3)
			sm_lid:			0
			port_lid:		0
			port_lmc:		0x00
			link_layer:		Ethernet


===== ibv_devinfo verbose =====
$ ibv_devinfo -v
hca_id:	rxe0
	transport:			InfiniBand (0)
	fw_ver:				0.0.0
	node_guid:			020c:29ff:fef8:f678
	sys_image_guid:			020c:29ff:fef8:f678
	vendor_id:			0xffffff
	vendor_part_id:			0
	hw_ver:				0x0
	phys_port_cnt:			1
	max_mr_size:			0xffffffffffffffff
	page_size_cap:			0xfffff000
	max_qp:				1048560
	max_qp_wr:			1048576
	device_cap_flags:		0x01223c76
					BAD_PKEY_CNTR
					BAD_QKEY_CNTR
					AUTO_PATH_MIG
					CHANGE_PHY_PORT
					UD_AV_PORT_ENFORCE
					PORT_ACTIVE_EVENT
					SYS_IMAGE_GUID
					RC_RNR_NAK_GEN
					SRQ_RESIZE
					MEM_WINDOW
					MEM_MGT_EXTENSIONS
					MEM_WINDOW_TYPE_2B
	max_sge:			32
	max_sge_rd:			32
	max_cq:				1048576
	max_cqe:			32767
	max_mr:				524287
	max_pd:				1048576
	max_qp_rd_atom:			128
	max_ee_rd_atom:			0
	max_res_rd_atom:		258048
	max_qp_init_rd_atom:		128
	max_ee_init_rd_atom:		0
	atomic_cap:			ATOMIC_HCA (1)
	max_ee:				0
	max_rdd:			0
	max_mw:				524287
	max_raw_ipv6_qp:		0
	max_raw_ethy_qp:		0
	max_mcast_grp:			8192
	max_mcast_qp_attach:		56
	max_total_mcast_qp_attach:	458752
	max_ah:				32767
	max_fmr:			0
	max_srq:			917503
	max_srq_wr:			1048576
	max_srq_sge:			27
	max_pkeys:			64
	local_ca_ack_delay:		15
	general_odp_caps:
	rc_odp_caps:
					NO SUPPORT
	uc_odp_caps:
					NO SUPPORT
	ud_odp_caps:
					NO SUPPORT
	xrc_odp_caps:
					NO SUPPORT
	completion_timestamp_mask not supported
	core clock not supported
	device_cap_flags_ex:		0x1C001223C76
					Unknown flags: 0x1C000000000
	tso_caps:
		max_tso:			0
	rss_caps:
		max_rwq_indirection_tables:			0
		max_rwq_indirection_table_size:			0
		rx_hash_function:				0x0
		rx_hash_fields_mask:				0x0
	max_wq_type_rq:			0
	packet_pacing_caps:
		qp_rate_limit_min:	0kbps
		qp_rate_limit_max:	0kbps
	tag matching not supported
	num_comp_vectors:		128
		port:	1
			state:			PORT_ACTIVE (4)
			max_mtu:		4096 (5)
			active_mtu:		1024 (3)
			sm_lid:			0
			port_lid:		0
			port_lmc:		0x00
			link_layer:		Ethernet
			max_msg_sz:		0x80000000
			port_cap_flags:		0x00010000
			port_cap_flags2:	0x0000
			max_vl_num:		1 (1)
			bad_pkey_cntr:		0x0
			qkey_viol_cntr:		0x0
			sm_sl:			0
			pkey_tbl_len:		1
			gid_tbl_len:		1024
			subnet_timeout:		0
			init_type_reply:	0
			active_width:		1X (1)
			active_speed:		2.5 Gbps (1)
			phys_state:		LINK_UP (5)
			GID[  0]:		fe80::20c:29ff:fef8:f678, RoCE v2


===== rdma link =====
$ rdma link
link rxe0/1 state ACTIVE physical_state LINK_UP netdev ens34 

===== rdma dev =====
$ rdma dev
0: rxe0: node_type ca node_guid 020c:29ff:fef8:f678 sys_image_guid 020c:29ff:fef8:f678 

===== rdma resource show =====
$ rdma resource show
0: rxe0: pd 1 cq 1 qp 1 cm_id 0 mr 0 ctx 0 srq 0 
